Archive member included to satisfy reference by file (symbol)

c:/nxp/mcuxpressoide_10.2.1_795/ide/tools/bin/../lib/gcc/arm-none-eabi/7.2.1/../../../../arm-none-eabi/lib/thumb/v6-m\libcr_semihost_nf.a(__ciob.o)
                              ./source/dc27_badge.o (__Ciob)
c:/nxp/mcuxpressoide_10.2.1_795/ide/tools/bin/../lib/gcc/arm-none-eabi/7.2.1/../../../../arm-none-eabi/lib/thumb/v6-m\libcr_semihost_nf.a(_cr__main.o)
                              ./startup/startup_mkl27z644.o (__main)
c:/nxp/mcuxpressoide_10.2.1_795/ide/tools/bin/../lib/gcc/arm-none-eabi/7.2.1/../../../../arm-none-eabi/lib/thumb/v6-m\libcr_semihost_nf.a(_cr_assert.o)
                              ./utilities/fsl_debug_console.o (__assertion_failed)
c:/nxp/mcuxpressoide_10.2.1_795/ide/tools/bin/../lib/gcc/arm-none-eabi/7.2.1/../../../../arm-none-eabi/lib/thumb/v6-m\libcr_semihost_nf.a(__sys_appexit.o)
                              c:/nxp/mcuxpressoide_10.2.1_795/ide/tools/bin/../lib/gcc/arm-none-eabi/7.2.1/../../../../arm-none-eabi/lib/thumb/v6-m\libcr_semihost_nf.a(_cr_assert.o) (__sys_appexit)
c:/nxp/mcuxpressoide_10.2.1_795/ide/tools/bin/../lib/gcc/arm-none-eabi/7.2.1/../../../../arm-none-eabi/lib/thumb/v6-m\libcr_c.a(memcpy.o)
                              ./source/dc27_badge.o (memcpy)
c:/nxp/mcuxpressoide_10.2.1_795/ide/tools/bin/../lib/gcc/arm-none-eabi/7.2.1/../../../../arm-none-eabi/lib/thumb/v6-m\libcr_c.a(memset.o)
                              ./utilities/fsl_notifier.o (memset)
c:/nxp/mcuxpressoide_10.2.1_795/ide/tools/bin/../lib/gcc/arm-none-eabi/7.2.1/../../../../arm-none-eabi/lib/thumb/v6-m\libcr_c.a(__fillbuf.o)
                              ./source/dc27_badge.o (__filbuf)
c:/nxp/mcuxpressoide_10.2.1_795/ide/tools/bin/../lib/gcc/arm-none-eabi/7.2.1/../../../../arm-none-eabi/lib/thumb/v6-m\libcr_c.a(_deferredlazyseek.o)
                              c:/nxp/mcuxpressoide_10.2.1_795/ide/tools/bin/../lib/gcc/arm-none-eabi/7.2.1/../../../../arm-none-eabi/lib/thumb/v6-m\libcr_c.a(__fillbuf.o) (_deferredlazyseek)
c:/nxp/mcuxpressoide_10.2.1_795/ide/tools/bin/../lib/gcc/arm-none-eabi/7.2.1/../../../../arm-none-eabi/lib/thumb/v6-m\libcr_c.a(_fflush.o)
                              c:/nxp/mcuxpressoide_10.2.1_795/ide/tools/bin/../lib/gcc/arm-none-eabi/7.2.1/../../../../arm-none-eabi/lib/thumb/v6-m\libcr_c.a(__fillbuf.o) (_fflush)
c:/nxp/mcuxpressoide_10.2.1_795/ide/tools/bin/../lib/gcc/arm-none-eabi/7.2.1/../../../../arm-none-eabi/lib/thumb/v6-m\libcr_c.a(_writebuf.o)
                              c:/nxp/mcuxpressoide_10.2.1_795/ide/tools/bin/../lib/gcc/arm-none-eabi/7.2.1/../../../../arm-none-eabi/lib/thumb/v6-m\libcr_c.a(_deferredlazyseek.o) (_Cwritebuf)
c:/nxp/mcuxpressoide_10.2.1_795/ide/tools/bin/../lib/gcc/arm-none-eabi/7.2.1/../../../../arm-none-eabi/lib/thumb/v6-m\libcr_c.a(alloc.o)
                              ./drivers/fsl_common.o (malloc)
c:/nxp/mcuxpressoide_10.2.1_795/ide/tools/bin/../lib/gcc/arm-none-eabi/7.2.1/../../../../arm-none-eabi/lib/thumb/v6-m\libcr_c.a(fputs.o)
                              c:/nxp/mcuxpressoide_10.2.1_795/ide/tools/bin/../lib/gcc/arm-none-eabi/7.2.1/../../../../arm-none-eabi/lib/thumb/v6-m\libcr_semihost_nf.a(_cr_assert.o) (fputs)
c:/nxp/mcuxpressoide_10.2.1_795/ide/tools/bin/../lib/gcc/arm-none-eabi/7.2.1/../../../../arm-none-eabi/lib/thumb/v6-m\libcr_c.a(fseek.o)
                              c:/nxp/mcuxpressoide_10.2.1_795/ide/tools/bin/../lib/gcc/arm-none-eabi/7.2.1/../../../../arm-none-eabi/lib/thumb/v6-m\libcr_c.a(_deferredlazyseek.o) (fseek)
c:/nxp/mcuxpressoide_10.2.1_795/ide/tools/bin/../lib/gcc/arm-none-eabi/7.2.1/../../../../arm-none-eabi/lib/thumb/v6-m\libcr_c.a(ftell.o)
                              c:/nxp/mcuxpressoide_10.2.1_795/ide/tools/bin/../lib/gcc/arm-none-eabi/7.2.1/../../../../arm-none-eabi/lib/thumb/v6-m\libcr_c.a(fseek.o) (ftell)
c:/nxp/mcuxpressoide_10.2.1_795/ide/tools/bin/../lib/gcc/arm-none-eabi/7.2.1/../../../../arm-none-eabi/lib/thumb/v6-m\libcr_c.a(initio.o)
                              c:/nxp/mcuxpressoide_10.2.1_795/ide/tools/bin/../lib/gcc/arm-none-eabi/7.2.1/../../../../arm-none-eabi/lib/thumb/v6-m\libcr_semihost_nf.a(_cr__main.o) (_initio)
c:/nxp/mcuxpressoide_10.2.1_795/ide/tools/bin/../lib/gcc/arm-none-eabi/7.2.1/../../../../arm-none-eabi/lib/thumb/v6-m\libcr_c.a(printf.o)
                              ./utilities/fsl_assert.o (_printf)
c:/nxp/mcuxpressoide_10.2.1_795/ide/tools/bin/../lib/gcc/arm-none-eabi/7.2.1/../../../../arm-none-eabi/lib/thumb/v6-m\libcr_c.a(scanf.o)
                              ./source/dc27_badge.o (sscanf)
c:/nxp/mcuxpressoide_10.2.1_795/ide/tools/bin/../lib/gcc/arm-none-eabi/7.2.1/../../../../arm-none-eabi/lib/thumb/v6-m\libcr_c.a(setvbuf.o)
                              c:/nxp/mcuxpressoide_10.2.1_795/ide/tools/bin/../lib/gcc/arm-none-eabi/7.2.1/../../../../arm-none-eabi/lib/thumb/v6-m\libcr_c.a(initio.o) (setvbuf)
[...]
Memory Configuration

Name             Origin             Length             Attributes
PROGRAM_FLASH    0x00000000         0x0001ff00         xr
SRAM             0x1ffff000         0x00004000         xrw
USB_RAM          0x400fe000         0x00000200         xrw
*default*        0x00000000         0xffffffff

Linker script and memory map

LOAD ./utilities/fsl_assert.o
LOAD ./utilities/fsl_debug_console.o
LOAD ./utilities/fsl_io.o
LOAD ./utilities/fsl_log.o
LOAD ./utilities/fsl_notifier.o
LOAD ./utilities/fsl_str.o
LOAD ./startup/startup_mkl27z644.o
LOAD ./source/dc27_badge.o
LOAD ./source/mtb.o
LOAD ./source/semihost_hardfault.o
LOAD ./drivers/fsl_clock.o
LOAD ./drivers/fsl_common.o
LOAD ./drivers/fsl_cop.o
LOAD ./drivers/fsl_crc.o
LOAD ./drivers/fsl_flexio.o
LOAD ./drivers/fsl_ftfx_cache.o
LOAD ./drivers/fsl_ftfx_controller.o
LOAD ./drivers/fsl_ftfx_flash.o
LOAD ./drivers/fsl_ftfx_flexnvm.o
LOAD ./drivers/fsl_gpio.o
LOAD ./drivers/fsl_i2c.o
LOAD ./drivers/fsl_lptmr.o
LOAD ./drivers/fsl_lpuart.o
LOAD ./drivers/fsl_pit.o
LOAD ./drivers/fsl_smc.o
LOAD ./drivers/fsl_tpm.o
LOAD ./drivers/fsl_uart.o
LOAD ./board/board.o
LOAD ./board/clock_config.o
LOAD ./board/peripherals.o
LOAD ./board/pin_mux.o
LOAD ./CMSIS/system_MKL27Z644.o
START GROUP
LOAD c:/nxp/mcuxpressoide_10.2.1_795/ide/tools/bin/../lib/gcc/arm-none-eabi/7.2.1/../../../../arm-none-eabi/lib/thumb/v6-m\libcr_semihost_nf.a
LOAD c:/nxp/mcuxpressoide_10.2.1_795/ide/tools/bin/../lib/gcc/arm-none-eabi/7.2.1/../../../../arm-none-eabi/lib/thumb/v6-m\libcr_c.a
LOAD c:/nxp/mcuxpressoide_10.2.1_795/ide/tools/bin/../lib/gcc/arm-none-eabi/7.2.1/thumb/v6-m\libcr_eabihelpers.a
END GROUP
                0x00000000                __base_PROGRAM_FLASH = 0x0
                0x00000000                __base_Flash = 0x0
                0x0001ff00                __top_PROGRAM_FLASH = 0x1ff00
                0x0001ff00                __top_Flash = 0x1ff00
                0x1ffff000                __base_SRAM = 0x1ffff000
                0x1ffff000                __base_RAM = 0x1ffff000
                0x20003000                __top_SRAM = 0x20003000
                0x20003000                __top_RAM = 0x20003000
                0x400fe000                __base_USB_RAM = 0x400fe000
                0x400fe000                __base_RAM2 = 0x400fe000
                0x400fe200                __top_USB_RAM = 0x400fe200
                0x400fe200                __top_RAM2 = 0x400fe200

.text           0x00000000     0xde68
 FILL mask 0xff
                0x00000000                __vectors_start__ = ABSOLUTE (.)
 *(SORT_BY_ALIGNMENT(.isr_vector))
 .isr_vector    0x00000000       0xc0 ./startup/startup_mkl27z644.o
                0x00000000                g_pfnVectors
                0x00000000                __Vectors
                0x000000c0                . = ALIGN (0x4)
                0x000000c0                __section_table_start = .
                0x000000c0                __data_section_table = .
                0x000000c0        0x4 LONG 0xde68 LOADADDR (.data)
                0x000000c4        0x4 LONG 0x1ffff080 ADDR (.data)
                0x000000c8        0x4 LONG 0x100 SIZEOF (.data)
                0x000000cc        0x4 LONG 0xde68 LOADADDR (.data_RAM2)
                0x000000d0        0x4 LONG 0x400fe000 ADDR (.data_RAM2)
                0x000000d4        0x4 LONG 0x0 SIZEOF (.data_RAM2)
                0x000000d8                __data_section_table_end = .
                0x000000d8                __bss_section_table = .
                0x000000d8        0x4 LONG 0x1ffff180 ADDR (.bss)
                0x000000dc        0x4 LONG 0xa3c SIZEOF (.bss)
                0x000000e0        0x4 LONG 0x400fe000 ADDR (.bss_RAM2)
                0x000000e4        0x4 LONG 0x0 SIZEOF (.bss_RAM2)
                0x000000e8                __bss_section_table_end = .
                0x000000e8                __section_table_end = .
 *(SORT_BY_ALIGNMENT(.after_vectors*))
 .after_vectors.reset
                0x000000e8       0x4c ./startup/startup_mkl27z644.o
                0x000000e8                ResetISR
 .after_vectors
                0x00000134      0x10c ./startup/startup_mkl27z644.o
                0x00000134                NMI_Handler
                0x00000138                SVC_Handler
                0x0000013a                PendSV_Handler
                0x0000013e                DMA0_DriverIRQHandler
                0x0000013e                Reserved42_DriverIRQHandler
                0x0000013e                SPI1_DriverIRQHandler
                0x0000013e                LPTMR0_DriverIRQHandler
                0x0000013e                Reserved43_DriverIRQHandler
                0x0000013e                Reserved39_DriverIRQHandler
                0x0000013e                PIT_DriverIRQHandler
                0x0000013e                DMA2_DriverIRQHandler
                0x0000013e                CMP0_DriverIRQHandler
                0x0000013e                TPM2_DriverIRQHandler
                0x0000013e                ADC0_DriverIRQHandler
                0x0000013e                SPI0_DriverIRQHandler
                0x0000013e                RTC_Seconds_DriverIRQHandler
                0x0000013e                LLWU_DriverIRQHandler
                0x0000013e                DMA1_DriverIRQHandler
                0x0000013e                PMC_DriverIRQHandler
                0x0000013e                RTC_DriverIRQHandler
                0x0000013e                PORTB_PORTC_PORTD_PORTE_DriverIRQHandler
                0x0000013e                TPM1_DriverIRQHandler
                0x0000013e                FTFA_DriverIRQHandler
                0x0000013e                IntDefaultHandler
                0x0000013e                USB0_DriverIRQHandler
                0x0000013e                Reserved41_DriverIRQHandler
                0x0000013e                TPM0_DriverIRQHandler
                0x0000013e                PORTA_DriverIRQHandler
                0x0000013e                Reserved45_DriverIRQHandler
                0x0000013e                DMA3_DriverIRQHandler
                0x0000013e                Reserved20_DriverIRQHandler
                0x00000140                DMA0_IRQHandler
                0x00000148                DMA1_IRQHandler
                0x00000150                DMA2_IRQHandler
                0x00000158                DMA3_IRQHandler
                0x00000160                Reserved20_IRQHandler
                0x00000168                FTFA_IRQHandler
                0x00000170                PMC_IRQHandler
                0x00000178                LLWU_IRQHandler
                0x00000180                I2C0_IRQHandler
                0x00000188                I2C1_IRQHandler
                0x00000190                SPI0_IRQHandler
                0x00000198                SPI1_IRQHandler
                0x000001a8                LPUART1_IRQHandler
                0x000001b0                UART2_FLEXIO_IRQHandler
                0x000001b8                ADC0_IRQHandler
                0x000001c0                CMP0_IRQHandler
                0x000001c8                TPM0_IRQHandler
                0x000001d0                TPM1_IRQHandler
                0x000001d8                TPM2_IRQHandler
                0x000001e0                RTC_IRQHandler
                0x000001e8                RTC_Seconds_IRQHandler
                0x000001f0                PIT_IRQHandler
                0x000001f8                Reserved39_IRQHandler
                0x00000200                USB0_IRQHandler
                0x00000208                Reserved41_IRQHandler
                0x00000210                Reserved42_IRQHandler
                0x00000218                Reserved43_IRQHandler
                0x00000228                Reserved45_IRQHandler
                0x00000230                PORTA_IRQHandler
 .after_vectors.init_data
                0x00000240       0x16 ./startup/startup_mkl27z644.o
                0x00000240                data_init
 .after_vectors.init_bss
                0x00000256       0x12 ./startup/startup_mkl27z644.o
                0x00000256                bss_init
                0x00000400                . = 0x400
 *fill*         0x00000268      0x198 ff
                0x00000400                PROVIDE (__FLASH_CONFIG_START__, .)
 *(SORT_BY_ALIGNMENT(.FlashConfig))
 .FlashConfig   0x00000400       0x10 ./startup/startup_mkl27z644.o
                0x00000400                Flash_Config
                0x00000410                PROVIDE (__FLASH_CONFIG_END__, .)
                0x00000001                ASSERT (! ((__FLASH_CONFIG_START__ == __FLASH_CONFIG_END__)), Linker Flash Config Support Enabled, but no .FlashConfig section provided within application)
 *(SORT_BY_ALIGNMENT(.text*))
 .text.DbgConsole_Init
                0x00000410       0x1c ./utilities/fsl_debug_console.o
                0x00000410                DbgConsole_Init
 .text.IO_Init  0x0000042c       0x88 ./utilities/fsl_io.o
                0x0000042c                IO_Init
 .text.IO_WaitIdle
                0x000004b4       0x38 ./utilities/fsl_io.o
                0x000004b4                IO_WaitIdle
 .text.DC27_IncrementFlag
                0x000004ec       0x98 ./source/dc27_badge.o
                0x000004ec                DC27_IncrementFlag
 .text.DC27_PrintBadgeType
                0x00000584       0xa0 ./source/dc27_badge.o
                0x00000584                DC27_PrintBadgeType
 .text.DC27_ASCIIArt
                0x00000624      0x128 ./source/dc27_badge.o
                0x00000624                DC27_ASCIIArt
 .text.KL_Flash_Init
                0x0000074c       0xb0 ./source/dc27_badge.o
                0x0000074c                KL_Flash_Init
 .text.KL_Flash_Write
                0x000007fc       0xac ./source/dc27_badge.o
                0x000007fc                KL_Flash_Write
 .text.KL_Flash_Read
                0x000008a8       0x50 ./source/dc27_badge.o
                0x000008a8                KL_Flash_Read
 .text.KL_Sleep
                0x000008f8       0x54 ./source/dc27_badge.o
                0x000008f8                KL_Sleep
 .text.KL_GetPacket_NXH2261
                0x0000094c       0xf4 ./source/dc27_badge.o
                0x0000094c                KL_GetPacket_NXH2261
 .text.KL_LoadImage_NXH2261
                0x00000a40      0x120 ./source/dc27_badge.o
                0x00000a40                KL_LoadImage_NXH2261
 .text.Get_Random_Byte
                0x00000b60       0x48 ./source/dc27_badge.o
                0x00000b60                Get_Random_Byte
 .text.Print_Bits
                0x00000ba8       0x30 ./source/dc27_badge.o
                0x00000ba8                Print_Bits
 .text.DC27_PrintState
                0x00000bd8       0xb0 ./source/dc27_badge.o
                0x00000bd8                DC27_PrintState
 .text.DC27_PrintPacket
                0x00000c88       0x9c ./source/dc27_badge.o
                0x00000c88                DC27_PrintPacket
 .text.DC27_ProcessPacket
                0x00000d24       0x34 ./source/dc27_badge.o
                0x00000d24                DC27_ProcessPacket
 .text.SysTick_DelayTicks
                0x00000d58       0x14 ./source/dc27_badge.o
                0x00000d58                SysTick_DelayTicks
 .text.KL_Check_RX
                0x00000d6c       0x70 ./source/dc27_badge.o
                0x00000d6c                KL_Check_RX
 .text.KL_Piezo
                0x00000ddc       0x6c ./source/dc27_badge.o
                0x00000ddc                KL_Piezo
 .text.KL_Piezo_1Up
                0x00000e48       0x24 ./source/dc27_badge.o
                0x00000e48                KL_Piezo_1Up
 .text.KL_UpdatePacket_NXH2261
                0x00000e6c      0x114 ./source/dc27_badge.o
                0x00000e6c                KL_UpdatePacket_NXH2261
 .text.DC27_MagicPacket
                0x00000f80      0x100 ./source/dc27_badge.o
                0x00000f80                DC27_MagicPacket
 .text.KL_Reset_NXH2261
                0x00001080       0x1c ./source/dc27_badge.o
                0x00001080                KL_Reset_NXH2261
 .text.KL_Program_NXH2261
                0x0000109c      0x1ac ./source/dc27_badge.o
                0x0000109c                KL_Program_NXH2261
 .text.KL_Setup_LP5569
                0x00001248      0x160 ./source/dc27_badge.o
                0x00001248                KL_Setup_LP5569
 .text.I2C_ReleaseBus
                0x000013a8       0x68 ./source/dc27_badge.o
                0x000013a8                I2C_ReleaseBus
 .text.LP5569_SetLED
                0x00001410       0x8c ./source/dc27_badge.o
                0x00001410                LP5569_SetLED
 .text.LP5569_SetLED_AllOn
                0x0000149c       0x34 ./source/dc27_badge.o
                0x0000149c                LP5569_SetLED_AllOn
 .text.LP5569_SetLED_AllOff
                0x000014d0       0x2c ./source/dc27_badge.o
                0x000014d0                LP5569_SetLED_AllOff
 .text.KL_Piezo_RickRoll
                0x000014fc       0x9c ./source/dc27_badge.o
                0x000014fc                KL_Piezo_RickRoll
 .text.KL_Setup_NXH2261
                0x00001598       0xe4 ./source/dc27_badge.o
                0x00001598                KL_Setup_NXH2261
 .text.KL_Error
                0x0000167c       0x54 ./source/dc27_badge.o
                0x0000167c                KL_Error
 .text.DC27_UpdateFlags
                0x000016d0       0x94 ./source/dc27_badge.o
                0x000016d0                DC27_UpdateFlags
 .text.DC27_GameInit
                0x00001764       0x60 ./source/dc27_badge.o
                0x00001764                DC27_GameInit
 .text.LP5569_RampLED
                0x000017c4      0x164 ./source/dc27_badge.o
                0x000017c4                LP5569_RampLED
 .text.DC27_UpdateDisplay
                0x00001928      0x1c0 ./source/dc27_badge.o
                0x00001928                DC27_UpdateDisplay
 .text.DC27_UpdateState
                0x00001ae8      0x474 ./source/dc27_badge.o
                0x00001ae8                DC27_UpdateState
 .text.DC27_InteractiveMode
                0x00001f5c      0x400 ./source/dc27_badge.o
                0x00001f5c                DC27_InteractiveMode
 .text.main     0x0000235c      0x4a8 ./source/dc27_badge.o
                0x0000235c                main
 .text.SysTick_Handler
                0x00002804       0x18 ./source/dc27_badge.o
                0x00002804                SysTick_Handler
 .text.LPUART0_IRQHandler
                0x0000281c       0x80 ./source/dc27_badge.o
                0x0000281c                LPUART0_IRQHandler
 .text.LPTMR0_IRQHandler
                0x0000289c       0x1c ./source/dc27_badge.o
                0x0000289c                LPTMR0_IRQHandler
 .text.PORTB_PORTC_PORTD_PORTE_IRQHandler
                0x000028b8       0x34 ./source/dc27_badge.o
                0x000028b8                PORTB_PORTC_PORTD_PORTE_IRQHandler
 .text.HardFault_Handler
                0x000028ec       0x2c ./source/semihost_hardfault.o
                0x000028ec                HardFault_Handler
 .text.CLOCK_GetLircClkFreq
                0x00002918       0x30 ./drivers/fsl_clock.o
 .text.CLOCK_GetOsc0ErClkFreq
                0x00002948       0x2c ./drivers/fsl_clock.o
                0x00002948                CLOCK_GetOsc0ErClkFreq
 .text.CLOCK_GetEr32kClkFreq
                0x00002974       0x50 ./drivers/fsl_clock.o
                0x00002974                CLOCK_GetEr32kClkFreq
 .text.CLOCK_SetSimConfig
                0x000029c4       0x2c ./drivers/fsl_clock.o
                0x000029c4                CLOCK_SetSimConfig
 .text.CLOCK_GetInternalRefClkFreq
                0x000029f0       0x24 ./drivers/fsl_clock.o
                0x000029f0                CLOCK_GetInternalRefClkFreq
 .text.CLOCK_GetPeriphClkFreq
                0x00002a14       0x2c ./drivers/fsl_clock.o
                0x00002a14                CLOCK_GetPeriphClkFreq
 .text.CLOCK_GetOutClkFreq
                0x00002a40       0x4c ./drivers/fsl_clock.o
                0x00002a40                CLOCK_GetOutClkFreq
 .text.CLOCK_GetFreq
                0x00002a8c       0x70 ./drivers/fsl_clock.o
                0x00002a8c                CLOCK_GetFreq
 .text.CLOCK_SetMcgliteConfig
                0x00002afc       0xb0 ./drivers/fsl_clock.o
                0x00002afc                CLOCK_SetMcgliteConfig
 .text.CLOCK_InitOsc0
                0x00002bac       0x70 ./drivers/fsl_clock.o
                0x00002bac                CLOCK_InitOsc0
 .text.FLEXIO_CommonIRQHandler
                0x00002c1c       0x34 ./drivers/fsl_flexio.o
                0x00002c1c                FLEXIO_CommonIRQHandler
 .text.FTFx_CACHE_Init
                0x00002c50       0x2c ./drivers/fsl_ftfx_cache.o
                0x00002c50                FTFx_CACHE_Init
 .text.FTFx_CACHE_PflashSetPrefetchSpeculation
                0x00002c7c       0x58 ./drivers/fsl_ftfx_cache.o
                0x00002c7c                FTFx_CACHE_PflashSetPrefetchSpeculation
 .text.mcm_flash_cache_clear
                0x00002cd4       0x18 ./drivers/fsl_ftfx_cache.o
                0x00002cd4                mcm_flash_cache_clear
 .text.ftfx_command_sequence
                0x00002cec       0x34 ./drivers/fsl_ftfx_controller.o
 .text.FTFx_API_Init
                0x00002d20       0x60 ./drivers/fsl_ftfx_controller.o
                0x00002d20                FTFx_API_Init
 .text.FTFx_CMD_Erase
                0x00002d80       0x8c ./drivers/fsl_ftfx_controller.o
                0x00002d80                FTFx_CMD_Erase
 .text.FTFx_CMD_Program
                0x00002e0c       0xa8 ./drivers/fsl_ftfx_controller.o
                0x00002e0c                FTFx_CMD_Program
 .text.FTFx_CMD_VerifyProgram
                0x00002eb4       0xb4 ./drivers/fsl_ftfx_controller.o
                0x00002eb4                FTFx_CMD_VerifyProgram
 .text.FTFx_REG_GetSecurityState
                0x00002f68       0x50 ./drivers/fsl_ftfx_controller.o
                0x00002f68                FTFx_REG_GetSecurityState
 .text.FLASH_Init
                0x00002fb8      0x110 ./drivers/fsl_ftfx_flash.o
                0x00002fb8                FLASH_Init
 .text.FLASH_GetProperty
                0x000030c8       0x84 ./drivers/fsl_ftfx_flash.o
                0x000030c8                FLASH_GetProperty
 .text.GPIO_GetInstance
                0x0000314c       0x54 ./drivers/fsl_gpio.o
 .text.GPIO_PinInit
                0x000031a0       0x44 ./drivers/fsl_gpio.o
                0x000031a0                GPIO_PinInit
 .text.GPIO_PortGetInterruptFlags
                0x000031e4       0x1c ./drivers/fsl_gpio.o
                0x000031e4                GPIO_PortGetInterruptFlags
 .text.GPIO_PortClearInterruptFlags
                0x00003200       0x1c ./drivers/fsl_gpio.o
                0x00003200                GPIO_PortClearInterruptFlags
 .text.I2C_CheckAndClearError
                0x0000321c       0x30 ./drivers/fsl_i2c.o
 .text.I2C_TransferCommonIRQHandler
                0x0000324c       0x2c ./drivers/fsl_i2c.o
 .text.I2C_GetInstance
                0x00003278       0x28 ./drivers/fsl_i2c.o
                0x00003278                I2C_GetInstance
 .text.I2C_MasterDeinit
                0x000032a0       0x34 ./drivers/fsl_i2c.o
                0x000032a0                I2C_MasterDeinit
 .text.I2C_MasterSetBaudRate
                0x000032d4       0x9c ./drivers/fsl_i2c.o
                0x000032d4                I2C_MasterSetBaudRate
 .text.I2C_MasterInit
                0x00003370       0xa0 ./drivers/fsl_i2c.o
                0x00003370                I2C_MasterInit
 .text.I2C_MasterStart
                0x00003410       0x3c ./drivers/fsl_i2c.o
                0x00003410                I2C_MasterStart
 .text.I2C_MasterRepeatedStart
                0x0000344c       0x58 ./drivers/fsl_i2c.o
                0x0000344c                I2C_MasterRepeatedStart
 .text.I2C_MasterWriteBlocking
                0x000034a4       0x9c ./drivers/fsl_i2c.o
                0x000034a4                I2C_MasterWriteBlocking
 .text.I2C_MasterTransferBlocking
                0x00003540      0x174 ./drivers/fsl_i2c.o
                0x00003540                I2C_MasterTransferBlocking
 .text.I2C0_DriverIRQHandler
                0x000036b4       0x18 ./drivers/fsl_i2c.o
                0x000036b4                I2C0_DriverIRQHandler
 .text.I2C1_DriverIRQHandler
                0x000036cc       0x18 ./drivers/fsl_i2c.o
                0x000036cc                I2C1_DriverIRQHandler
 .text.LPTMR_GetInstance
                0x000036e4       0x1c ./drivers/fsl_lptmr.o
 .text.LPTMR_Init
                0x00003700       0x64 ./drivers/fsl_lptmr.o
                0x00003700                LPTMR_Init
 .text.LPUART_GetInstance
                0x00003764       0x28 ./drivers/fsl_lpuart.o
                0x00003764                LPUART_GetInstance
 .text.LPUART_Init
                0x0000378c      0x1c4 ./drivers/fsl_lpuart.o
                0x0000378c                LPUART_Init
 .text.LPUART_GetDefaultConfig
                0x00003950       0x2c ./drivers/fsl_lpuart.o
                0x00003950                LPUART_GetDefaultConfig
 .text.LPUART_ClearStatusFlags
                0x0000397c       0x44 ./drivers/fsl_lpuart.o
                0x0000397c                LPUART_ClearStatusFlags
 .text.LPUART_WriteBlocking
                0x000039c0       0x30 ./drivers/fsl_lpuart.o
                0x000039c0                LPUART_WriteBlocking
 .text.LPUART0_DriverIRQHandler
                0x000039f0       0x1c ./drivers/fsl_lpuart.o
                0x000039f0                LPUART0_DriverIRQHandler
 .text.LPUART1_DriverIRQHandler
                0x00003a0c       0x1c ./drivers/fsl_lpuart.o
                0x00003a0c                LPUART1_DriverIRQHandler
 .text.SMC_PreEnterStopModes
                0x00003a28       0x2c ./drivers/fsl_smc.o
                0x00003a28                SMC_PreEnterStopModes
 .text.SMC_PostExitStopModes
                0x00003a54       0x24 ./drivers/fsl_smc.o
                0x00003a54                SMC_PostExitStopModes
 .text.SMC_SetPowerModeVlps
                0x00003a78       0x38 ./drivers/fsl_smc.o
                0x00003a78                SMC_SetPowerModeVlps
 .text.TPM_GetInstance
                0x00003ab0       0x38 ./drivers/fsl_tpm.o
 .text.TPM_Init
                0x00003ae8       0xa0 ./drivers/fsl_tpm.o
                0x00003ae8                TPM_Init
 .text.TPM_SetupPwm
                0x00003b88      0x130 ./drivers/fsl_tpm.o
                0x00003b88                TPM_SetupPwm
 .text.TPM_UpdatePwmDutycycle
                0x00003cb8       0x6c ./drivers/fsl_tpm.o
                0x00003cb8                TPM_UpdatePwmDutycycle
 .text.UART_GetInstance
                0x00003d24       0x24 ./drivers/fsl_uart.o
                0x00003d24                UART_GetInstance
 .text.UART_Init
                0x00003d48      0x11c ./drivers/fsl_uart.o
                0x00003d48                UART_Init
 .text.UART_GetDefaultConfig
                0x00003e64       0x24 ./drivers/fsl_uart.o
                0x00003e64                UART_GetDefaultConfig
 .text.BOARD_BootClockRUN
                0x00003e88       0x88 ./board/clock_config.o
                0x00003e88                BOARD_BootClockRUN
 .text.UART2_init
                0x00003f10       0x1c ./board/peripherals.o
                0x00003f10                UART2_init
 .text.LPUART0_init
                0x00003f2c       0x40 ./board/peripherals.o
                0x00003f2c                LPUART0_init
 .text.I2C0_init
                0x00003f6c       0x1c ./board/peripherals.o
                0x00003f6c                I2C0_init
 .text.TPM0_init
                0x00003f88       0x3c ./board/peripherals.o
                0x00003f88                TPM0_init
 .text.LPTMR0_init
                0x00003fc4       0x30 ./board/peripherals.o
                0x00003fc4                LPTMR0_init
 .text.BOARD_InitPeripherals
                0x00003ff4       0x24 ./board/peripherals.o
                0x00003ff4                BOARD_InitPeripherals
 .text.BOARD_InitPins
                0x00004018      0x1c0 ./board/pin_mux.o
                0x00004018                BOARD_InitPins
 .text.SystemInit
                0x000041d8       0x2c ./CMSIS/system_MKL27Z644.o
                0x000041d8                SystemInit
 .text.__assertion_failed
                0x00004204       0x4c c:/nxp/mcuxpressoide_10.2.1_795/ide/tools/bin/../lib/gcc/arm-none-eabi/7.2.1/../../../../arm-none-eabi/lib/thumb/v6-m\libcr_semihost_nf.a(_cr_assert.o)
                0x00004204                __assertion_failed
 .text.__sys_appexit
                0x00004250        0xc c:/nxp/mcuxpressoide_10.2.1_795/ide/tools/bin/../lib/gcc/arm-none-eabi/7.2.1/../../../../arm-none-eabi/lib/thumb/v6-m\libcr_semihost_nf.a(__sys_appexit.o)
                0x00004250                __sys_appexit
                0x00004250                __exit
 .text.__filbuf
                0x0000425c      0x188 c:/nxp/mcuxpressoide_10.2.1_795/ide/tools/bin/../lib/gcc/arm-none-eabi/7.2.1/../../../../arm-none-eabi/lib/thumb/v6-m\libcr_c.a(__fillbuf.o)
                0x0000425c                __filbuf
 .text._deferredlazyseek
                0x000043e4       0x40 c:/nxp/mcuxpressoide_10.2.1_795/ide/tools/bin/../lib/gcc/arm-none-eabi/7.2.1/../../../../arm-none-eabi/lib/thumb/v6-m\libcr_c.a(_deferredlazyseek.o)
                0x000043e4                _deferredlazyseek
 .text.__flsbuf
                0x00004424      0x14c c:/nxp/mcuxpressoide_10.2.1_795/ide/tools/bin/../lib/gcc/arm-none-eabi/7.2.1/../../../../arm-none-eabi/lib/thumb/v6-m\libcr_c.a(_deferredlazyseek.o)
                0x00004424                __flsbuf
 .text._fflush  0x00004570       0x5c c:/nxp/mcuxpressoide_10.2.1_795/ide/tools/bin/../lib/gcc/arm-none-eabi/7.2.1/../../../../arm-none-eabi/lib/thumb/v6-m\libcr_c.a(_fflush.o)
                0x00004570                _fflush
 .text._Cwritebuf
                0x000045cc       0x68 c:/nxp/mcuxpressoide_10.2.1_795/ide/tools/bin/../lib/gcc/arm-none-eabi/7.2.1/../../../../arm-none-eabi/lib/thumb/v6-m\libcr_c.a(_writebuf.o)
                0x000045cc                _Cwritebuf
 .text.malloc   0x00004634       0xcc c:/nxp/mcuxpressoide_10.2.1_795/ide/tools/bin/../lib/gcc/arm-none-eabi/7.2.1/../../../../arm-none-eabi/lib/thumb/v6-m\libcr_c.a(alloc.o)
                0x00004634                malloc
 .text._Csys_alloc
                0x00004700       0x20 c:/nxp/mcuxpressoide_10.2.1_795/ide/tools/bin/../lib/gcc/arm-none-eabi/7.2.1/../../../../arm-none-eabi/lib/thumb/v6-m\libcr_c.a(alloc.o)
                0x00004700                _Csys_alloc
 .text.fseek    0x00004720       0xf0 c:/nxp/mcuxpressoide_10.2.1_795/ide/tools/bin/../lib/gcc/arm-none-eabi/7.2.1/../../../../arm-none-eabi/lib/thumb/v6-m\libcr_c.a(fseek.o)
                0x00004720                fseek
 .text.ftell    0x00004810       0x48 c:/nxp/mcuxpressoide_10.2.1_795/ide/tools/bin/../lib/gcc/arm-none-eabi/7.2.1/../../../../arm-none-eabi/lib/thumb/v6-m\libcr_c.a(ftell.o)
                0x00004810                ftell
 .text._initio  0x00004858       0x7c c:/nxp/mcuxpressoide_10.2.1_795/ide/tools/bin/../lib/gcc/arm-none-eabi/7.2.1/../../../../arm-none-eabi/lib/thumb/v6-m\libcr_c.a(initio.o)
                0x00004858                _initio
 .text.__vfprintf
                0x000048d4      0xcd4 c:/nxp/mcuxpressoide_10.2.1_795/ide/tools/bin/../lib/gcc/arm-none-eabi/7.2.1/../../../../arm-none-eabi/lib/thumb/v6-m\libcr_c.a(printf.o)
                0x000048d4                __vfprintf
 .text._vsnprintf
                0x000055a8       0x60 c:/nxp/mcuxpressoide_10.2.1_795/ide/tools/bin/../lib/gcc/arm-none-eabi/7.2.1/../../../../arm-none-eabi/lib/thumb/v6-m\libcr_c.a(printf.o)
                0x000055a8                _vsnprintf
 .text._printf  0x00005608       0x50 c:/nxp/mcuxpressoide_10.2.1_795/ide/tools/bin/../lib/gcc/arm-none-eabi/7.2.1/../../../../arm-none-eabi/lib/thumb/v6-m\libcr_c.a(printf.o)
                0x00005608                _printf
 .text.ch_val   0x00005658       0x30 c:/nxp/mcuxpressoide_10.2.1_795/ide/tools/bin/../lib/gcc/arm-none-eabi/7.2.1/../../../../arm-none-eabi/lib/thumb/v6-m\libcr_c.a(scanf.o)
 .text._strtoul
                0x00005688       0xcc c:/nxp/mcuxpressoide_10.2.1_795/ide/tools/bin/../lib/gcc/arm-none-eabi/7.2.1/../../../../arm-none-eabi/lib/thumb/v6-m\libcr_c.a(scanf.o)
 .text.cr_rd_int
                0x00005754      0x1c4 c:/nxp/mcuxpressoide_10.2.1_795/ide/tools/bin/../lib/gcc/arm-none-eabi/7.2.1/../../../../arm-none-eabi/lib/thumb/v6-m\libcr_c.a(scanf.o)
 .text.vfscanf  0x00005918      0x944 c:/nxp/mcuxpressoide_10.2.1_795/ide/tools/bin/../lib/gcc/arm-none-eabi/7.2.1/../../../../arm-none-eabi/lib/thumb/v6-m\libcr_c.a(scanf.o)
                0x00005918                vfscanf
 .text.strtoul  0x0000625c       0x8c c:/nxp/mcuxpressoide_10.2.1_795/ide/tools/bin/../lib/gcc/arm-none-eabi/7.2.1/../../../../arm-none-eabi/lib/thumb/v6-m\libcr_c.a(scanf.o)
                0x0000625c                strtoul
 .text.setvbuf  0x000062e8       0x48 c:/nxp/mcuxpressoide_10.2.1_795/ide/tools/bin/../lib/gcc/arm-none-eabi/7.2.1/../../../../arm-none-eabi/lib/thumb/v6-m\libcr_c.a(setvbuf.o)
                0x000062e8                setvbuf
 .text.strcpy   0x00006330       0x44 c:/nxp/mcuxpressoide_10.2.1_795/ide/tools/bin/../lib/gcc/arm-none-eabi/7.2.1/../../../../arm-none-eabi/lib/thumb/v6-m\libcr_c.a(strcpy.o)
                0x00006330                strcpy
 .text.strlen   0x00006374       0x58 c:/nxp/mcuxpressoide_10.2.1_795/ide/tools/bin/../lib/gcc/arm-none-eabi/7.2.1/../../../../arm-none-eabi/lib/thumb/v6-m\libcr_c.a(strlen.o)
                0x00006374                strlen
 .text.ungetc   0x000063cc       0x38 c:/nxp/mcuxpressoide_10.2.1_795/ide/tools/bin/../lib/gcc/arm-none-eabi/7.2.1/../../../../arm-none-eabi/lib/thumb/v6-m\libcr_c.a(ungetc.o)
                0x000063cc                ungetc
 .text._sbrk    0x00006404       0x40 c:/nxp/mcuxpressoide_10.2.1_795/ide/tools/bin/../lib/gcc/arm-none-eabi/7.2.1/../../../../arm-none-eabi/lib/thumb/v6-m\libcr_c.a(_cr_sbrk.o)
                0x00006404                _sbrk
 .text._fdopen  0x00006444       0x74 c:/nxp/mcuxpressoide_10.2.1_795/ide/tools/bin/../lib/gcc/arm-none-eabi/7.2.1/../../../../arm-none-eabi/lib/thumb/v6-m\libcr_c.a(_fdopen.o)
                0x00006444                _fdopen
 .text._frexpl  0x000064b8       0x80 c:/nxp/mcuxpressoide_10.2.1_795/ide/tools/bin/../lib/gcc/arm-none-eabi/7.2.1/../../../../arm-none-eabi/lib/thumb/v6-m\libcr_c.a(_frexpl.o)
                0x000064b8                _frexpl
 .text._ldexpl  0x00006538       0x58 c:/nxp/mcuxpressoide_10.2.1_795/ide/tools/bin/../lib/gcc/arm-none-eabi/7.2.1/../../../../arm-none-eabi/lib/thumb/v6-m\libcr_c.a(_ldexpl.o)
                0x00006538                _ldexpl
 .text.fclose   0x00006590       0x5c c:/nxp/mcuxpressoide_10.2.1_795/ide/tools/bin/../lib/gcc/arm-none-eabi/7.2.1/../../../../arm-none-eabi/lib/thumb/v6-m\libcr_c.a(fclose.o)
                0x00006590                fclose
 .text.fflush   0x000065ec       0x44 c:/nxp/mcuxpressoide_10.2.1_795/ide/tools/bin/../lib/gcc/arm-none-eabi/7.2.1/../../../../arm-none-eabi/lib/thumb/v6-m\libcr_c.a(fflush.o)
                0x000065ec                fflush
 .text.__check_heap_overflow
                0x00006630       0x14 c:/nxp/mcuxpressoide_10.2.1_795/ide/tools/bin/../lib/gcc/arm-none-eabi/7.2.1/../../../../arm-none-eabi/lib/thumb/v6-m\libcr_c.a(_cr_check_heap.o)
                0x00006630                __check_heap_overflow
 .text._do_fflush
                0x00006644       0x44 c:/nxp/mcuxpressoide_10.2.1_795/ide/tools/bin/../lib/gcc/arm-none-eabi/7.2.1/../../../../arm-none-eabi/lib/thumb/v6-m\libcr_c.a(_do_fflush.o)
                0x00006644                _do_fflush
 .text.__aeabi_dmul
                0x00006688      0x184 c:/nxp/mcuxpressoide_10.2.1_795/ide/tools/bin/../lib/gcc/arm-none-eabi/7.2.1/thumb/v6-m\libcr_eabihelpers.a(double.o)
                0x00006688                __aeabi_dmul
 .text.__aeabi_ddiv
                0x0000680c      0x148 c:/nxp/mcuxpressoide_10.2.1_795/ide/tools/bin/../lib/gcc/arm-none-eabi/7.2.1/thumb/v6-m\libcr_eabihelpers.a(double.o)
                0x0000680c                __aeabi_ddiv
 .text.__aeabi_dsub
                0x00006954      0x1bc c:/nxp/mcuxpressoide_10.2.1_795/ide/tools/bin/../lib/gcc/arm-none-eabi/7.2.1/thumb/v6-m\libcr_eabihelpers.a(double.o)
                0x00006954                __aeabi_dsub
 .text.__aeabi_dadd
                0x00006b10      0x128 c:/nxp/mcuxpressoide_10.2.1_795/ide/tools/bin/../lib/gcc/arm-none-eabi/7.2.1/thumb/v6-m\libcr_eabihelpers.a(double.o)
                0x00006b10                __aeabi_dadd
 .text.__aeabi_d2f
                0x00006c38       0x60 c:/nxp/mcuxpressoide_10.2.1_795/ide/tools/bin/../lib/gcc/arm-none-eabi/7.2.1/thumb/v6-m\libcr_eabihelpers.a(double.o)
                0x00006c38                __aeabi_d2f
 .text.__aeabi_dcmpeq
                0x00006c98       0x30 c:/nxp/mcuxpressoide_10.2.1_795/ide/tools/bin/../lib/gcc/arm-none-eabi/7.2.1/thumb/v6-m\libcr_eabihelpers.a(double.o)
                0x00006c98                __aeabi_dcmpeq
 .text.__aeabi_dcmpge
                0x00006cc8       0x60 c:/nxp/mcuxpressoide_10.2.1_795/ide/tools/bin/../lib/gcc/arm-none-eabi/7.2.1/thumb/v6-m\libcr_eabihelpers.a(double.o)
                0x00006cc8                __aeabi_dcmpge
 .text.DbgConsole_Flush
                0x00006d28        0x8 ./utilities/fsl_debug_console.o
                0x00006d28                DbgConsole_Flush
 .text.LOG_Init
                0x00006d30       0x1e ./utilities/fsl_log.o
                0x00006d30                LOG_Init
 .text.LOG_WaitIdle
                0x00006d4e        0xa ./utilities/fsl_log.o
                0x00006d4e                LOG_WaitIdle
 .text.I2C_WriteRegister
                0x00006d58       0x40 ./source/dc27_badge.o
                0x00006d58                I2C_WriteRegister
 .text.I2C_ReadBulk
                0x00006d98       0x3e ./source/dc27_badge.o
                0x00006d98                I2C_ReadBulk
 .text.I2C_WriteBulk
                0x00006dd6       0x3c ./source/dc27_badge.o
                0x00006dd6                I2C_WriteBulk
 .text.Reorder_Array
                0x00006e12       0x36 ./source/dc27_badge.o
                0x00006e12                Reorder_Array
 .text.LP5569_SetLED_D
                0x00006e48       0x36 ./source/dc27_badge.o
                0x00006e48                LP5569_SetLED_D
 .text.LP5569_SetLED_E
                0x00006e7e       0x36 ./source/dc27_badge.o
                0x00006e7e                LP5569_SetLED_E
 .text.LP5569_SetLED_F
                0x00006eb4       0x36 ./source/dc27_badge.o
                0x00006eb4                LP5569_SetLED_F
 .text.LP5569_SetLED_C
                0x00006eea       0x36 ./source/dc27_badge.o
                0x00006eea                LP5569_SetLED_C
 .text.LP5569_SetLED_O
                0x00006f20       0x36 ./source/dc27_badge.o
                0x00006f20                LP5569_SetLED_O
 .text.LP5569_SetLED_N
                0x00006f56       0x36 ./source/dc27_badge.o
                0x00006f56                LP5569_SetLED_N
 .text.UART2_FLEXIO_DriverIRQHandler
                0x00006f8c        0x8 ./drivers/fsl_flexio.o
                0x00006f8c                UART2_FLEXIO_DriverIRQHandler
 .text.FTFx_CACHE_ClearCachePrefetchSpeculation
                0x00006f94       0x10 ./drivers/fsl_ftfx_cache.o
                0x00006f94                FTFx_CACHE_ClearCachePrefetchSpeculation
 .text.ftfx_check_mem_range
                0x00006fa4       0x34 ./drivers/fsl_ftfx_controller.o
 .text.ftfx_read_word_from_byte_address
                0x00006fd8       0x20 ./drivers/fsl_ftfx_controller.o
 .text.flash_check_range_to_get_index
                0x00006ff8       0x2a ./drivers/fsl_ftfx_flash.o
 .text.flash_convert_start_address
                0x00007022       0x2c ./drivers/fsl_ftfx_flash.o
 .text.FLASH_Erase
                0x0000704e       0x4a ./drivers/fsl_ftfx_flash.o
                0x0000704e                FLASH_Erase
 .text.FLASH_Program
                0x00007098       0x4c ./drivers/fsl_ftfx_flash.o
                0x00007098                FLASH_Program
 .text.FLASH_VerifyProgram
                0x000070e4       0x66 ./drivers/fsl_ftfx_flash.o
                0x000070e4                FLASH_VerifyProgram
 .text.FLASH_GetSecurityState
                0x0000714a        0x8 ./drivers/fsl_ftfx_flash.o
                0x0000714a                FLASH_GetSecurityState
 .text.I2C_MasterStop
                0x00007152       0x14 ./drivers/fsl_i2c.o
                0x00007152                I2C_MasterStop
 .text.I2C_MasterGetStatusFlags
                0x00007166       0x20 ./drivers/fsl_i2c.o
                0x00007166                I2C_MasterGetStatusFlags
 .text.I2C_MasterReadBlocking
                0x00007186       0x9e ./drivers/fsl_i2c.o
                0x00007186                I2C_MasterReadBlocking
 .text.LPUART_EnableInterrupts
                0x00007224       0x1c ./drivers/fsl_lpuart.o
                0x00007224                LPUART_EnableInterrupts
 .text.LPUART_GetStatusFlags
                0x00007240        0x4 ./drivers/fsl_lpuart.o
                0x00007240                LPUART_GetStatusFlags
 .text.UART_GetStatusFlags
                0x00007244        0xa ./drivers/fsl_uart.o
                0x00007244                UART_GetStatusFlags
 .text.BOARD_InitBootClocks
                0x0000724e        0x8 ./board/clock_config.o
                0x0000724e                BOARD_InitBootClocks
 .text.BOARD_InitBootPeripherals
                0x00007256        0x8 ./board/peripherals.o
                0x00007256                BOARD_InitBootPeripherals
 .text.BOARD_InitBootPins
                0x0000725e        0x8 ./board/pin_mux.o
                0x0000725e                BOARD_InitBootPins
 .text.SystemInitHook
                0x00007266        0x2 ./CMSIS/system_MKL27Z644.o
                0x00007266                SystemInitHook
 .text.__main   0x00007268        0xc c:/nxp/mcuxpressoide_10.2.1_795/ide/tools/bin/../lib/gcc/arm-none-eabi/7.2.1/../../../../arm-none-eabi/lib/thumb/v6-m\libcr_semihost_nf.a(_cr__main.o)
                0x00007268                __CR_SEMIHOST
                0x00007268                __main
 .text.memcpy   0x00007274        0x8 c:/nxp/mcuxpressoide_10.2.1_795/ide/tools/bin/../lib/gcc/arm-none-eabi/7.2.1/../../../../arm-none-eabi/lib/thumb/v6-m\libcr_c.a(memcpy.o)
                0x00007274                memcpy
 .text.memset   0x0000727c        0x8 c:/nxp/mcuxpressoide_10.2.1_795/ide/tools/bin/../lib/gcc/arm-none-eabi/7.2.1/../../../../arm-none-eabi/lib/thumb/v6-m\libcr_c.a(memset.o)
                0x0000727c                memset
 .text._Csys_read_
                0x00007284       0x24 c:/nxp/mcuxpressoide_10.2.1_795/ide/tools/bin/../lib/gcc/arm-none-eabi/7.2.1/../../../../arm-none-eabi/lib/thumb/v6-m\libcr_c.a(__fillbuf.o)
                0x00007284                _Csys_read_
 .text.free     0x000072a8       0x2c c:/nxp/mcuxpressoide_10.2.1_795/ide/tools/bin/../lib/gcc/arm-none-eabi/7.2.1/../../../../arm-none-eabi/lib/thumb/v6-m\libcr_c.a(alloc.o)
                0x000072a8                free
 .text.fputs    0x000072d4       0x2e c:/nxp/mcuxpressoide_10.2.1_795/ide/tools/bin/../lib/gcc/arm-none-eabi/7.2.1/../../../../arm-none-eabi/lib/thumb/v6-m\libcr_c.a(fputs.o)
                0x000072d4                fputs
 .text.no_fp_display
                0x00007302        0x4 c:/nxp/mcuxpressoide_10.2.1_795/ide/tools/bin/../lib/gcc/arm-none-eabi/7.2.1/../../../../arm-none-eabi/lib/thumb/v6-m\libcr_c.a(printf.o)
 .text.sscanf   0x00007306       0x3c c:/nxp/mcuxpressoide_10.2.1_795/ide/tools/bin/../lib/gcc/arm-none-eabi/7.2.1/../../../../arm-none-eabi/lib/thumb/v6-m\libcr_c.a(scanf.o)
                0x00007306                sscanf
 .text.remove   0x00007342       0x12 c:/nxp/mcuxpressoide_10.2.1_795/ide/tools/bin/../lib/gcc/arm-none-eabi/7.2.1/../../../../arm-none-eabi/lib/thumb/v6-m\libcr_c.a(remove.o)
                0x00007342                remove
 .text.__aeabi_division_idivmod
                0x00007354       0x78 c:/nxp/mcuxpressoide_10.2.1_795/ide/tools/bin/../lib/gcc/arm-none-eabi/7.2.1/thumb/v6-m\libcr_eabihelpers.a(division_32.o)
                0x00007354                __aeabi_idivmod
                0x00007354                __aeabi_idiv
                0x0000735a                __aeabi_uidivmod
                0x0000735a                __aeabi_uidiv
 .text.__aeabi_division_idiv0
                0x000073cc        0x2 c:/nxp/mcuxpressoide_10.2.1_795/ide/tools/bin/../lib/gcc/arm-none-eabi/7.2.1/thumb/v6-m\libcr_eabihelpers.a(division_idiv0.o)
                0x000073cc                __aeabi_idiv0
 .text.__bhs_ui2d
                0x000073ce       0x5e c:/nxp/mcuxpressoide_10.2.1_795/ide/tools/bin/../lib/gcc/arm-none-eabi/7.2.1/thumb/v6-m\libcr_eabihelpers.a(double.o)
                0x000073ce                __bhs_ui2d
 .text.__aeabi_i2d
                0x0000742c       0x18 c:/nxp/mcuxpressoide_10.2.1_795/ide/tools/bin/../lib/gcc/arm-none-eabi/7.2.1/thumb/v6-m\libcr_eabihelpers.a(double.o)
                0x0000742c                __aeabi_i2d
 .text.__aeabi_llong_lmul
                0x00007444       0x2e c:/nxp/mcuxpressoide_10.2.1_795/ide/tools/bin/../lib/gcc/arm-none-eabi/7.2.1/thumb/v6-m\libcr_eabihelpers.a(llong.o)
                0x00007444                __aeabi_lmul
 .text.__aeabi_memcpy
                0x00007472       0x2c c:/nxp/mcuxpressoide_10.2.1_795/ide/tools/bin/../lib/gcc/arm-none-eabi/7.2.1/thumb/v6-m\libcr_eabihelpers.a(memcpy.o)
                0x00007472                __aeabi_memcpy4
                0x00007472                __aeabi_memcpy8
                0x00007472                __aeabi_memcpy
 .text.__aeabi_memset_lowlevel
                0x0000749e       0x2a c:/nxp/mcuxpressoide_10.2.1_795/ide/tools/bin/../lib/gcc/arm-none-eabi/7.2.1/thumb/v6-m\libcr_eabihelpers.a(memcpy.o)
                0x0000749e                __aeabi_lowlevel_memset
 .text.__sys_close
                0x000074c8        0xc c:/nxp/mcuxpressoide_10.2.1_795/ide/tools/bin/../lib/gcc/arm-none-eabi/7.2.1/../../../../arm-none-eabi/lib/thumb/v6-m\libcr_semihost_nf.a(__sys_close.o)
                0x000074c8                __sys_close
 .text.__sys_flen
                0x000074d4        0xc c:/nxp/mcuxpressoide_10.2.1_795/ide/tools/bin/../lib/gcc/arm-none-eabi/7.2.1/../../../../arm-none-eabi/lib/thumb/v6-m\libcr_semihost_nf.a(__sys_flen.o)
                0x000074d4                __sys_flen
 .text.__sys_istty
                0x000074e0        0xc c:/nxp/mcuxpressoide_10.2.1_795/ide/tools/bin/../lib/gcc/arm-none-eabi/7.2.1/../../../../arm-none-eabi/lib/thumb/v6-m\libcr_semihost_nf.a(__sys_istty.o)
                0x000074e0                __sys_istty
 .text.__sys_read
                0x000074ec        0xc c:/nxp/mcuxpressoide_10.2.1_795/ide/tools/bin/../lib/gcc/arm-none-eabi/7.2.1/../../../../arm-none-eabi/lib/thumb/v6-m\libcr_semihost_nf.a(__sys_read.o)
                0x000074ec                __sys_read
 .text.__sys_readc
                0x000074f8        0x8 c:/nxp/mcuxpressoide_10.2.1_795/ide/tools/bin/../lib/gcc/arm-none-eabi/7.2.1/../../../../arm-none-eabi/lib/thumb/v6-m\libcr_semihost_nf.a(__sys_readc.o)
                0x000074f8                __sys_readc
                0x000074f8                __readc
 .text.__sys_remove
                0x00007500        0xc c:/nxp/mcuxpressoide_10.2.1_795/ide/tools/bin/../lib/gcc/arm-none-eabi/7.2.1/../../../../arm-none-eabi/lib/thumb/v6-m\libcr_semihost_nf.a(__sys_remove.o)
                0x00007500                __sys_remove
 .text.__sys_seek
                0x0000750c        0xc c:/nxp/mcuxpressoide_10.2.1_795/ide/tools/bin/../lib/gcc/arm-none-eabi/7.2.1/../../../../arm-none-eabi/lib/thumb/v6-m\libcr_semihost_nf.a(__sys_seek.o)
                0x0000750c                __sys_seek
 .text.__sys_tmpnam
                0x00007518        0xc c:/nxp/mcuxpressoide_10.2.1_795/ide/tools/bin/../lib/gcc/arm-none-eabi/7.2.1/../../../../arm-none-eabi/lib/thumb/v6-m\libcr_semihost_nf.a(__sys_tmpnam.o)
                0x00007518                __sys_tmpnam
 .text.__sys_write
                0x00007524        0xc c:/nxp/mcuxpressoide_10.2.1_795/ide/tools/bin/../lib/gcc/arm-none-eabi/7.2.1/../../../../arm-none-eabi/lib/thumb/v6-m\libcr_semihost_nf.a(__sys_write.o)
                0x00007524                __sys_write
 *(SORT_BY_ALIGNMENT(.rodata) SORT_BY_ALIGNMENT(.rodata.*) SORT_BY_ALIGNMENT(.constdata) SORT_BY_ALIGNMENT(.constdata.*))
 .rodata.__huge_vall
                0x00007530        0x8 c:/nxp/mcuxpressoide_10.2.1_795/ide/tools/bin/../lib/gcc/arm-none-eabi/7.2.1/../../../../arm-none-eabi/lib/thumb/v6-m\libcr_c.a(_hugeval.o)
                0x00007530                __huge_vall
 .rodata.DbgConsole_Init.str1.4
                0x00007538       0x50 ./utilities/fsl_debug_console.o
 .rodata.IO_Init.str1.4
                0x00007588       0x27 ./utilities/fsl_io.o
 *fill*         0x000075af        0x1 ff
 .rodata.DC27_IncrementFlag
                0x000075b0       0x20 ./source/dc27_badge.o
 .rodata.DC27_PrintBadgeType
                0x000075d0       0x28 ./source/dc27_badge.o
 .rodata.DC27_PrintState
                0x000075f8       0x20 ./source/dc27_badge.o
 .rodata.DC27_MagicPacket
                0x00007618       0x28 ./source/dc27_badge.o
 .rodata.LP5569_RampLED
                0x00007640       0x38 ./source/dc27_badge.o
 .rodata.DC27_UpdateDisplay
                0x00007678       0x3c ./source/dc27_badge.o
 .rodata.DC27_UpdateState
                0x000076b4       0x60 ./source/dc27_badge.o
 .rodata.DC27_InteractiveMode
                0x00007714       0xdc ./source/dc27_badge.o
 .rodata.main   0x000077f0       0x28 ./source/dc27_badge.o
 .rodata        0x00007818       0x16 ./source/dc27_badge.o
 *fill*         0x0000782e        0x2 ff
 .rodata.ART_DATA
                0x00007830       0xe4 ./source/dc27_badge.o
                0x00007830                ART_DATA
 .rodata.DC27_ASCIIArt.str1.4
                0x00007914        0x7 ./source/dc27_badge.o
                                  0xa (size before relaxing)
 *fill*         0x0000791b        0x1 ff
 .rodata.DC27_InteractiveMode.str1.4
                0x0000791c       0xb3 ./source/dc27_badge.o
 *fill*         0x000079cf        0x1 ff
 .rodata.DC27_PrintBadgeType.str1.4
                0x000079d0       0x54 ./source/dc27_badge.o
                                 0x57 (size before relaxing)
 .rodata.DC27_PrintPacket.str1.4
                0x00007a24       0x7e ./source/dc27_badge.o
 *fill*         0x00007aa2        0x2 ff
 .rodata.DC27_PrintState.str1.4
                0x00007aa4       0x4e ./source/dc27_badge.o
 *fill*         0x00007af2        0x2 ff
 .rodata.DC27_UpdateFlags.str1.4
                0x00007af4       0x19 ./source/dc27_badge.o
 *fill*         0x00007b0d        0x3 ff
 .rodata.KL_Flash_Init.str1.4
                0x00007b10       0x43 ./source/dc27_badge.o
 *fill*         0x00007b53        0x1 ff
 .rodata.KL_Piezo_RickRoll.str1.4
                0x00007b54        0x3 ./source/dc27_badge.o
 *fill*         0x00007b57        0x1 ff
 .rodata.KL_Program_NXH2261.str1.4
                0x00007b58       0xae ./source/dc27_badge.o
                                 0xba (size before relaxing)
 *fill*         0x00007c06        0x2 ff
 .rodata.KL_Setup_NXH2261.str1.4
                0x00007c08       0x2a ./source/dc27_badge.o
 *fill*         0x00007c32        0x2 ff
 .rodata.KL_UpdatePacket_NXH2261.str1.4
                0x00007c34       0x1d ./source/dc27_badge.o
 *fill*         0x00007c51        0x3 ff
 .rodata.LP5569_SetLED.str1.4
                0x00007c54       0x15 ./source/dc27_badge.o
 *fill*         0x00007c69        0x3 ff
 .rodata.NxH2281Eep
                0x00007c6c     0x515c ./source/dc27_badge.o
                0x00007c6c                NxH2281Eep
 .rodata.Print_Bits.str1.4
                0x0000cdc8        0x6 ./source/dc27_badge.o
 *fill*         0x0000cdce        0x2 ff
 .rodata.command_prompt
                0x0000cdd0        0x5 ./source/dc27_badge.o
                0x0000cdd0                command_prompt
 *fill*         0x0000cdd5        0x3 ff
 .rodata.main.str1.4
                0x0000cdd8      0x159 ./source/dc27_badge.o
 *fill*         0x0000cf31        0x3 ff
 .rodata.menu_banner
                0x0000cf34       0x99 ./source/dc27_badge.o
                0x0000cf34                menu_banner
 *fill*         0x0000cfcd        0x3 ff
 .rodata.menu_banner_complete
                0x0000cfd0       0x6a ./source/dc27_badge.o
                0x0000cfd0                menu_banner_complete
 *fill*         0x0000d03a        0x2 ff
 .rodata.msg_init_complete
                0x0000d03c       0x1e ./source/dc27_badge.o
                0x0000d03c                msg_init_complete
 *fill*         0x0000d05a        0x2 ff
 .rodata.msg_init_start
                0x0000d05c       0x1e ./source/dc27_badge.o
                0x0000d05c                msg_init_start
 *fill*         0x0000d07a        0x2 ff
 .rodata.msg_interactive_exit
                0x0000d07c       0x21 ./source/dc27_badge.o
                0x0000d07c                msg_interactive_exit
 *fill*         0x0000d09d        0x3 ff
 .rodata.msg_interactive_mode
                0x0000d0a0       0x39 ./source/dc27_badge.o
                0x0000d0a0                msg_interactive_mode
 *fill*         0x0000d0d9        0x3 ff
 .rodata.msg_nfmi_packet_err
                0x0000d0dc       0x20 ./source/dc27_badge.o
                0x0000d0dc                msg_nfmi_packet_err
 .rodata.msg_version
                0x0000d0fc       0x62 ./source/dc27_badge.o
                0x0000d0fc                msg_version
 *fill*         0x0000d15e        0x2 ff
 .rodata.msg_welcome
                0x0000d160       0x30 ./source/dc27_badge.o
                0x0000d160                msg_welcome
 .rodata.str1.4
                0x0000d190       0xa9 ./source/dc27_badge.o
                                 0xad (size before relaxing)
 *fill*         0x0000d239        0x3 ff
 .rodata.tune_1up
                0x0000d23c       0x48 ./source/dc27_badge.o
                0x0000d23c                tune_1up
 .rodata.tune_rickroll_chorus
                0x0000d284      0x2c4 ./source/dc27_badge.o
                0x0000d284                tune_rickroll_chorus
 .rodata.CLOCK_GetFreq
                0x0000d548       0x50 ./drivers/fsl_clock.o
 .rodata.CLOCK_GetEr32kClkFreq.str1.4
                0x0000d598       0x2a ./drivers/fsl_clock.o
 *fill*         0x0000d5c2        0x2 ff
 .rodata.CLOCK_GetOsc0ErClkFreq.str1.4
                0x0000d5c4       0x29 ./drivers/fsl_clock.o
 *fill*         0x0000d5ed        0x3 ff
 .rodata.CLOCK_GetOutClkFreq.str1.4
                0x0000d5f0       0x29 ./drivers/fsl_clock.o
 *fill*         0x0000d619        0x3 ff
 .rodata.CLOCK_SetMcgliteConfig.str1.4
                0x0000d61c       0x2a ./drivers/fsl_clock.o
 *fill*         0x0000d646        0x2 ff
 .rodata.lircFreqs.5147
                0x0000d648        0x8 ./drivers/fsl_clock.o
 .rodata.s_ftfxCommonBitOperationFunctionCode
                0x0000d650       0x1c ./drivers/fsl_ftfx_cache.o
 .rodata.s_ftfxRunCommandFunctionCode
                0x0000d66c        0xc ./drivers/fsl_ftfx_controller.o
 .rodata.FLASH_GetProperty
                0x0000d678       0x88 ./drivers/fsl_ftfx_flash.o
 .rodata.kPFlashDensities
                0x0000d700       0x1e ./drivers/fsl_ftfx_flash.o
 *fill*         0x0000d71e        0x2 ff
 .rodata.GPIO_GetInstance.str1.4
                0x0000d720       0x3e ./drivers/fsl_gpio.o
 *fill*         0x0000d75e        0x2 ff
 .rodata.GPIO_PinInit.str1.4
                0x0000d760       0x23 ./drivers/fsl_gpio.o
 *fill*         0x0000d783        0x1 ff
 .rodata.s_portBases
                0x0000d784       0x14 ./drivers/fsl_gpio.o
 .rodata.I2C_GetInstance.str1.4
                0x0000d798       0x3d ./drivers/fsl_i2c.o
 *fill*         0x0000d7d5        0x3 ff
 .rodata.I2C_MasterInit.str1.4
                0x0000d7d8       0x37 ./drivers/fsl_i2c.o
 *fill*         0x0000d80f        0x1 ff
 .rodata.I2C_MasterTransferBlocking.str1.4
                0x0000d810       0x21 ./drivers/fsl_i2c.o
 *fill*         0x0000d831        0x3 ff
 .rodata.s_i2cClocks
                0x0000d834        0x8 ./drivers/fsl_i2c.o
 .rodata.s_i2cDividerTable
                0x0000d83c       0x80 ./drivers/fsl_i2c.o
 .rodata.LPTMR_GetInstance.str1.4
                0x0000d8bc       0x40 ./drivers/fsl_lptmr.o
 .rodata.LPTMR_Init.str1.4
                0x0000d8fc       0x24 ./drivers/fsl_lptmr.o
 .rodata.LPUART_GetDefaultConfig.str1.4
                0x0000d920       0x25 ./drivers/fsl_lpuart.o
 *fill*         0x0000d945        0x3 ff
 .rodata.LPUART_GetInstance.str1.4
                0x0000d948       0x43 ./drivers/fsl_lpuart.o
 *fill*         0x0000d98b        0x1 ff
 .rodata.LPUART_Init.str1.4
                0x0000d98c       0x5b ./drivers/fsl_lpuart.o
 *fill*         0x0000d9e7        0x1 ff
 .rodata.LPUART_WriteBlocking.str1.4
                0x0000d9e8       0x23 ./drivers/fsl_lpuart.o
 *fill*         0x0000da0b        0x1 ff
 .rodata.s_lpuartClock
                0x0000da0c        0x8 ./drivers/fsl_lpuart.o
 .rodata        0x0000da14        0x2 ./drivers/fsl_smc.o
 *fill*         0x0000da16        0x2 ff
 .rodata.TPM_GetInstance.str1.4
                0x0000da18       0x33 ./drivers/fsl_tpm.o
 *fill*         0x0000da4b        0x1 ff
 .rodata.TPM_Init.str1.4
                0x0000da4c       0x21 ./drivers/fsl_tpm.o
 *fill*         0x0000da6d        0x3 ff
 .rodata.TPM_SetupPwm.str1.4
                0x0000da70       0x9f ./drivers/fsl_tpm.o
 *fill*         0x0000db0f        0x1 ff
 .rodata.TPM_UpdatePwmDutycycle.str1.4
                0x0000db10       0x4d ./drivers/fsl_tpm.o
 *fill*         0x0000db5d        0x3 ff
 .rodata.s_tpmClocks
                0x0000db60        0xc ./drivers/fsl_tpm.o
 .rodata.UART_GetDefaultConfig.str1.4
                0x0000db6c       0x23 ./drivers/fsl_uart.o
 *fill*         0x0000db8f        0x1 ff
 .rodata.UART_GetInstance.str1.4
                0x0000db90       0x36 ./drivers/fsl_uart.o
 *fill*         0x0000dbc6        0x2 ff
 .rodata.UART_Init.str1.4
                0x0000dbc8       0x58 ./drivers/fsl_uart.o
                                 0x55 (size before relaxing)
 .rodata.s_uartClock
                0x0000dc20        0xc ./drivers/fsl_uart.o
 .rodata.mcgliteConfig_BOARD_BootClockRUN
                0x0000dc2c        0x6 ./board/clock_config.o
                0x0000dc2c                mcgliteConfig_BOARD_BootClockRUN
 *fill*         0x0000dc32        0x2 ff
 .rodata.oscConfig_BOARD_BootClockRUN
                0x0000dc34        0x8 ./board/clock_config.o
                0x0000dc34                oscConfig_BOARD_BootClockRUN
 .rodata.simConfig_BOARD_BootClockRUN
                0x0000dc3c        0x8 ./board/clock_config.o
                0x0000dc3c                simConfig_BOARD_BootClockRUN
 .rodata.I2C0_config
                0x0000dc44        0xc ./board/peripherals.o
                0x0000dc44                I2C0_config
 .rodata.LPTMR0_config
                0x0000dc50        0x7 ./board/peripherals.o
                0x0000dc50                LPTMR0_config
 *fill*         0x0000dc57        0x1 ff
 .rodata.LPUART0_config
                0x0000dc58        0xc ./board/peripherals.o
                0x0000dc58                LPUART0_config
 .rodata.TPM0_config
                0x0000dc64        0xa ./board/peripherals.o
                0x0000dc64                TPM0_config
 *fill*         0x0000dc6e        0x2 ff
 .rodata.TPM0_pwmSignalParams
                0x0000dc70        0x3 ./board/peripherals.o
                0x0000dc70                TPM0_pwmSignalParams
 *fill*         0x0000dc73        0x1 ff
 .rodata.UART2_config
                0x0000dc74        0x8 ./board/peripherals.o
                0x0000dc74                UART2_config
 .rodata.__num_Ciob_streams
                0x0000dc7c        0x4 c:/nxp/mcuxpressoide_10.2.1_795/ide/tools/bin/../lib/gcc/arm-none-eabi/7.2.1/../../../../arm-none-eabi/lib/thumb/v6-m\libcr_semihost_nf.a(__ciob.o)
                0x0000dc7c                __num_Ciob_streams
 .rodata.__assertion_failed.str1.1
                0x0000dc80       0x15 c:/nxp/mcuxpressoide_10.2.1_795/ide/tools/bin/../lib/gcc/arm-none-eabi/7.2.1/../../../../arm-none-eabi/lib/thumb/v6-m\libcr_semihost_nf.a(_cr_assert.o)
 .rodata._Csys_alloc.str1.1
                0x0000dc95       0x18 c:/nxp/mcuxpressoide_10.2.1_795/ide/tools/bin/../lib/gcc/arm-none-eabi/7.2.1/../../../../arm-none-eabi/lib/thumb/v6-m\libcr_c.a(alloc.o)
 .rodata._initio.str1.1
                0x0000dcad        0x4 c:/nxp/mcuxpressoide_10.2.1_795/ide/tools/bin/../lib/gcc/arm-none-eabi/7.2.1/../../../../arm-none-eabi/lib/thumb/v6-m\libcr_c.a(initio.o)
 .rodata.__vfprintf.str1.1
                0x0000dcb1       0x35 c:/nxp/mcuxpressoide_10.2.1_795/ide/tools/bin/../lib/gcc/arm-none-eabi/7.2.1/../../../../arm-none-eabi/lib/thumb/v6-m\libcr_c.a(printf.o)
                                 0x38 (size before relaxing)
 .rodata.__ctype
                0x0000dce6      0x180 c:/nxp/mcuxpressoide_10.2.1_795/ide/tools/bin/../lib/gcc/arm-none-eabi/7.2.1/../../../../arm-none-eabi/lib/thumb/v6-m\libcr_c.a(ctype.o)
                0x0000dce6                __ctype
                0x0000de68                . = ALIGN (0x4)
 *fill*         0x0000de66        0x2 ff

.glue_7         0x0000de68        0x0
 .glue_7        0x0000de68        0x0 linker stubs

.glue_7t        0x0000de68        0x0
 .glue_7t       0x0000de68        0x0 linker stubs

.vfp11_veneer   0x0000de68        0x0
 .vfp11_veneer  0x0000de68        0x0 linker stubs

.v4_bx          0x0000de68        0x0
 .v4_bx         0x0000de68        0x0 linker stubs

.iplt           0x0000de68        0x0
 .iplt          0x0000de68        0x0 ./utilities/fsl_debug_console.o

.rel.dyn        0x0000de68        0x0
 .rel.iplt      0x0000de68        0x0 ./utilities/fsl_debug_console.o

.ARM.extab
 *(SORT_BY_ALIGNMENT(.ARM.extab*) SORT_BY_ALIGNMENT(.gnu.linkonce.armextab.*))
                0x0000de68                __exidx_start = .

.ARM.exidx
 *(SORT_BY_ALIGNMENT(.ARM.exidx*) SORT_BY_ALIGNMENT(.gnu.linkonce.armexidx.*))
                0x0000de68                __exidx_end = .
                0x0000de68                _etext = .

.m_usb_data
 *(SORT_BY_ALIGNMENT(m_usb_bdt))

.mtb_buffer_RAM2
 *(SORT_BY_ALIGNMENT(.mtb.$RAM2*))
 *(SORT_BY_ALIGNMENT(.mtb.$USB_RAM*))

.data_RAM2      0x400fe000        0x0 load address 0x0000de68
 FILL mask 0xff
                [!provide]                PROVIDE (__start_data_RAM2, .)
 *(SORT_BY_ALIGNMENT(.ramfunc.$RAM2))
 *(SORT_BY_ALIGNMENT(.ramfunc.$USB_RAM))
 *(SORT_BY_ALIGNMENT(.data.$RAM2*))
 *(SORT_BY_ALIGNMENT(.data.$USB_RAM*))
                0x400fe000                . = ALIGN (0x4)
                [!provide]                PROVIDE (__end_data_RAM2, .)

.mtb_buffer_default
                0x1ffff000       0x80
 *(SORT_BY_ALIGNMENT(.mtb*))
 .mtb.$RAM1     0x1ffff000       0x80 ./source/mtb.o
                0x1ffff000                __mtb_buffer__

.uninit_RESERVED
                0x1ffff080        0x0
 *(SORT_BY_ALIGNMENT(.bss.$RESERVED*))
                0x1ffff080                . = ALIGN (0x4)
                0x1ffff080                _end_uninit_RESERVED = .

.data           0x1ffff080      0x100 load address 0x0000de68
 FILL mask 0xff
                0x1ffff080                _data = .
 *(SORT_BY_ALIGNMENT(vtable))
 *(SORT_BY_ALIGNMENT(.ramfunc*))
 *(SORT_BY_ALIGNMENT(.data*))
 .data.b.7065   0x1ffff080        0x4 ./source/dc27_badge.o
 .data.tune_rickroll_chorus_lyrics
                0x1ffff084       0xec ./source/dc27_badge.o
                0x1ffff084                tune_rickroll_chorus_lyrics
 .data.SystemCoreClock
                0x1ffff170        0x4 ./CMSIS/system_MKL27Z644.o
                0x1ffff170                SystemCoreClock
 .data.neginf.4365
                0x1ffff174        0x4 c:/nxp/mcuxpressoide_10.2.1_795/ide/tools/bin/../lib/gcc/arm-none-eabi/7.2.1/../../../../arm-none-eabi/lib/thumb/v6-m\libcr_c.a(scanf.o)
 .data.posinf.4364
                0x1ffff178        0x4 c:/nxp/mcuxpressoide_10.2.1_795/ide/tools/bin/../lib/gcc/arm-none-eabi/7.2.1/../../../../arm-none-eabi/lib/thumb/v6-m\libcr_c.a(scanf.o)
 .data.badge_type
                0x1ffff17c        0x1 ./source/dc27_badge.o
                0x1ffff180                . = ALIGN (0x4)
 *fill*         0x1ffff17d        0x3 ff
                0x1ffff180                _edata = .

.igot.plt       0x1ffff180        0x0 load address 0x0000df68
 .igot.plt      0x1ffff180        0x0 ./utilities/fsl_debug_console.o

.bss_RAM2       0x400fe000        0x0
                [!provide]                PROVIDE (__start_bss_RAM2, .)
 *(SORT_BY_ALIGNMENT(.bss.$RAM2*))
 *(SORT_BY_ALIGNMENT(.bss.$USB_RAM*))
                0x400fe000                . = ALIGN ((. != 0x0)?0x4:0x1)
                [!provide]                PROVIDE (__end_bss_RAM2, .)

.bss            0x1ffff180      0xa3c
                0x1ffff180                _bss = .
 *(SORT_BY_ALIGNMENT(.bss*))
 .bss.s_debugConsoleIO
                0x1ffff180        0x8 ./utilities/fsl_io.o
 .bss.g_systickCounter
                0x1ffff188        0x4 ./source/dc27_badge.o
                0x1ffff188                g_systickCounter
 .bss.i.7089    0x1ffff18c        0x4 ./source/dc27_badge.o
 .bss.i.7463    0x1ffff190        0x4 ./source/dc27_badge.o
 .bss.i.7470    0x1ffff194        0x4 ./source/dc27_badge.o
 .bss.j.7090    0x1ffff198        0x4 ./source/dc27_badge.o
 .bss.j.7150    0x1ffff19c        0x4 ./source/dc27_badge.o
 .bss.j.7495    0x1ffff1a0        0x4 ./source/dc27_badge.o
 .bss.nxhRingBuffer
                0x1ffff1a4      0x800 ./source/dc27_badge.o
 .bss.nxhRxPacket
                0x1ffff9a4        0x8 ./source/dc27_badge.o
 .bss.nxhTxPacket
                0x1ffff9ac        0x8 ./source/dc27_badge.o
 .bss.pflashBlockBase
                0x1ffff9b4        0x4 ./source/dc27_badge.o
 .bss.pflashSectorSize
                0x1ffff9b8        0x4 ./source/dc27_badge.o
 .bss.pflashTotalSize
                0x1ffff9bc        0x4 ./source/dc27_badge.o
 .bss.s_cacheDriver
                0x1ffff9c0        0x8 ./source/dc27_badge.o
 .bss.s_flashDriver
                0x1ffff9c8       0x64 ./source/dc27_badge.o
 .bss.g_xtal0Freq
                0x1ffffa2c        0x4 ./drivers/fsl_clock.o
                0x1ffffa2c                g_xtal0Freq
 .bss.g_xtal32Freq
                0x1ffffa30        0x4 ./drivers/fsl_clock.o
                0x1ffffa30                g_xtal32Freq
 .bss.s_flexioHandle
                0x1ffffa34        0x8 ./drivers/fsl_flexio.o
 .bss.s_flexioIsr
                0x1ffffa3c        0x8 ./drivers/fsl_flexio.o
 .bss.s_flexioType
                0x1ffffa44        0x8 ./drivers/fsl_flexio.o
 .bss.s_ftfxCommonBitOperation
                0x1ffffa4c       0x40 ./drivers/fsl_ftfx_cache.o
 .bss.s_ftfxRunCommand
                0x1ffffa8c       0x40 ./drivers/fsl_ftfx_controller.o
 .bss.s_i2cHandle
                0x1ffffacc        0x8 ./drivers/fsl_i2c.o
 .bss.s_i2cMasterIsr
                0x1ffffad4        0x4 ./drivers/fsl_i2c.o
 .bss.s_i2cSlaveIsr
                0x1ffffad8        0x4 ./drivers/fsl_i2c.o
 .bss.s_lpuartHandle
                0x1ffffadc        0x8 ./drivers/fsl_lpuart.o
 .bss.s_lpuartIsr
                0x1ffffae4        0x4 ./drivers/fsl_lpuart.o
 .bss.g_savedPrimask
                0x1ffffae8        0x4 ./drivers/fsl_smc.o
 .bss.__Ciob    0x1ffffaec       0xb4 c:/nxp/mcuxpressoide_10.2.1_795/ide/tools/bin/../lib/gcc/arm-none-eabi/7.2.1/../../../../arm-none-eabi/lib/thumb/v6-m\libcr_semihost_nf.a(__ciob.o)
                0x1ffffaec                __Ciob
 .bss.__end_of_heap
                0x1ffffba0        0x4 c:/nxp/mcuxpressoide_10.2.1_795/ide/tools/bin/../lib/gcc/arm-none-eabi/7.2.1/../../../../arm-none-eabi/lib/thumb/v6-m\libcr_c.a(__init_alloc.o)
                0x1ffffba0                __end_of_heap
 .bss.__heaps   0x1ffffba4        0x4 c:/nxp/mcuxpressoide_10.2.1_795/ide/tools/bin/../lib/gcc/arm-none-eabi/7.2.1/../../../../arm-none-eabi/lib/thumb/v6-m\libcr_c.a(__init_alloc.o)
                0x1ffffba4                __heaps
 .bss.errno     0x1ffffba8        0x4 c:/nxp/mcuxpressoide_10.2.1_795/ide/tools/bin/../lib/gcc/arm-none-eabi/7.2.1/../../../../arm-none-eabi/lib/thumb/v6-m\libcr_c.a(errno.o)
                0x1ffffba8                errno
 .bss.nxhRxIndex
                0x1ffffbac        0x2 ./source/dc27_badge.o
 .bss.nxhTxIndex
                0x1ffffbae        0x2 ./source/dc27_badge.o
 .bss.LP5569_Control
                0x1ffffbb0        0x1 ./source/dc27_badge.o
                0x1ffffbb0                LP5569_Control
 .bss.LP5569_Current
                0x1ffffbb1        0x1 ./source/dc27_badge.o
                0x1ffffbb1                LP5569_Current
 .bss.LP5569_PWM
                0x1ffffbb2        0x1 ./source/dc27_badge.o
                0x1ffffbb2                LP5569_PWM
 .bss.attract_state
                0x1ffffbb3        0x1 ./source/dc27_badge.o
 .bss.badge_state
                0x1ffffbb4        0x1 ./source/dc27_badge.o
 .bss.g_lptmrFlag
                0x1ffffbb5        0x1 ./source/dc27_badge.o
                0x1ffffbb5                g_lptmrFlag
 .bss.g_newRx   0x1ffffbb6        0x1 ./source/dc27_badge.o
                0x1ffffbb6                g_newRx
 .bss.g_nxhDetect
                0x1ffffbb7        0x1 ./source/dc27_badge.o
                0x1ffffbb7                g_nxhDetect
 .bss.g_oldRx   0x1ffffbb8        0x1 ./source/dc27_badge.o
                0x1ffffbb8                g_oldRx
 .bss.g_random  0x1ffffbb9        0x1 ./source/dc27_badge.o
                0x1ffffbb9                g_random
 .bss.game_flags
                0x1ffffbba        0x1 ./source/dc27_badge.o
 .bss.group_flags
                0x1ffffbbb        0x1 ./source/dc27_badge.o
 *(SORT_BY_ALIGNMENT(COMMON))
                0x1ffffbbc                . = ALIGN (0x4)
                0x1ffffbbc                _ebss = .
                [!provide]                PROVIDE (end, .)

.noinit_RAM2    0x400fe000        0x0
 *(SORT_BY_ALIGNMENT(.noinit.$RAM2*))
 *(SORT_BY_ALIGNMENT(.noinit.$USB_RAM*))
                0x400fe000                . = ALIGN (0x4)

.noinit         0x1ffffbbc        0x0
                0x1ffffbbc                _noinit = .
 *(SORT_BY_ALIGNMENT(.noinit*))
                0x1ffffbbc                . = ALIGN (0x4)
                0x1ffffbbc                _end_noinit = .
                0x00000400                _HeapSize = 0x400

.heap           0x1ffffbbc      0x400
                0x1ffffbbc                _pvHeapStart = .
                0x1fffffbc                . = (. + _HeapSize)
 *fill*         0x1ffffbbc      0x400 
                0x1fffffbc                . = ALIGN (0x4)
                0x1fffffbc                _pvHeapLimit = .
                0x00000400                _StackSize = 0x400

.heap2stackfill
                0x1fffffbc      0x400
                0x200003bc                . = (. + _StackSize)
 *fill*         0x1fffffbc      0x400 

.stack          0x20002c00        0x0
                0x20002c00                _vStackBase = .
                0x20002c00                . = ALIGN (0x4)
                0x20003000                _vStackTop = (. + _StackSize)
                0x00000000                _image_start = LOADADDR (.text)
                0x0000df68                _image_end = (LOADADDR (.data) + SIZEOF (.data))
                0x0000df68                _image_size = (_image_end - _image_start)
OUTPUT(dc27_badge.axf elf32-littlearm)

.debug_info     0x00000000    0x18a8d
 .debug_info    0x00000000      0x33f ./utilities/fsl_debug_console.o
 .debug_info    0x0000033f      0xc76 ./utilities/fsl_io.o
 .debug_info    0x00000fb5      0x486 ./utilities/fsl_log.o
 .debug_info    0x0000143b      0x63d ./startup/startup_mkl27z644.o
 .debug_info    0x00001a78     0x64c9 ./source/dc27_badge.o
 .debug_info    0x00007f41       0x52 ./source/mtb.o
 .debug_info    0x00007f93       0x3b ./source/semihost_hardfault.o
 .debug_info    0x00007fce     0x12d5 ./drivers/fsl_clock.o
 .debug_info    0x000092a3     0x1149 ./drivers/fsl_flexio.o
 .debug_info    0x0000a3ec      0x6c3 ./drivers/fsl_ftfx_cache.o
 .debug_info    0x0000aaaf     0x1517 ./drivers/fsl_ftfx_controller.o
 .debug_info    0x0000bfc6     0x178a ./drivers/fsl_ftfx_flash.o
 .debug_info    0x0000d750      0x8f6 ./drivers/fsl_gpio.o
 .debug_info    0x0000e046     0x22e0 ./drivers/fsl_i2c.o
 .debug_info    0x00010326      0x630 ./drivers/fsl_lptmr.o
 .debug_info    0x00010956     0x1c22 ./drivers/fsl_lpuart.o
 .debug_info    0x00012578      0xa6b ./drivers/fsl_smc.o
 .debug_info    0x00012fe3      0xe38 ./drivers/fsl_tpm.o
 .debug_info    0x00013e1b     0x1c7e ./drivers/fsl_uart.o
 .debug_info    0x00015a99      0x8aa ./board/clock_config.o
 .debug_info    0x00016343     0x1637 ./board/peripherals.o
 .debug_info    0x0001797a      0xd1a ./board/pin_mux.o
 .debug_info    0x00018694      0x3f9 ./CMSIS/system_MKL27Z644.o

.debug_abbrev   0x00000000     0x398f
 .debug_abbrev  0x00000000      0x128 ./utilities/fsl_debug_console.o
 .debug_abbrev  0x00000128      0x272 ./utilities/fsl_io.o
 .debug_abbrev  0x0000039a      0x1b6 ./utilities/fsl_log.o
 .debug_abbrev  0x00000550      0x13b ./startup/startup_mkl27z644.o
 .debug_abbrev  0x0000068b      0x46e ./source/dc27_badge.o
 .debug_abbrev  0x00000af9       0x44 ./source/mtb.o
 .debug_abbrev  0x00000b3d       0x2f ./source/semihost_hardfault.o
 .debug_abbrev  0x00000b6c      0x3ad ./drivers/fsl_clock.o
 .debug_abbrev  0x00000f19      0x2ad ./drivers/fsl_flexio.o
 .debug_abbrev  0x000011c6      0x230 ./drivers/fsl_ftfx_cache.o
 .debug_abbrev  0x000013f6      0x341 ./drivers/fsl_ftfx_controller.o
 .debug_abbrev  0x00001737      0x38e ./drivers/fsl_ftfx_flash.o
 .debug_abbrev  0x00001ac5      0x252 ./drivers/fsl_gpio.o
 .debug_abbrev  0x00001d17      0x428 ./drivers/fsl_i2c.o
 .debug_abbrev  0x0000213f      0x20a ./drivers/fsl_lptmr.o
 .debug_abbrev  0x00002349      0x432 ./drivers/fsl_lpuart.o
 .debug_abbrev  0x0000277b      0x2a4 ./drivers/fsl_smc.o
 .debug_abbrev  0x00002a1f      0x306 ./drivers/fsl_tpm.o
 .debug_abbrev  0x00002d25      0x42a ./drivers/fsl_uart.o
 .debug_abbrev  0x0000314f      0x1da ./board/clock_config.o
 .debug_abbrev  0x00003329      0x2f6 ./board/peripherals.o
 .debug_abbrev  0x0000361f      0x211 ./board/pin_mux.o
 .debug_abbrev  0x00003830      0x15f ./CMSIS/system_MKL27Z644.o

.debug_loc      0x00000000     0xcd08
 .debug_loc     0x00000000       0xf3 ./utilities/fsl_debug_console.o
 .debug_loc     0x000000f3      0x404 ./utilities/fsl_io.o
 .debug_loc     0x000004f7      0x2ee ./utilities/fsl_log.o
 .debug_loc     0x000007e5      0x1cc ./startup/startup_mkl27z644.o
 .debug_loc     0x000009b1     0x1d05 ./source/dc27_badge.o
 .debug_loc     0x000026b6      0x362 ./drivers/fsl_clock.o
 .debug_loc     0x00002a18      0x6af ./drivers/fsl_flexio.o
 .debug_loc     0x000030c7      0x1c7 ./drivers/fsl_ftfx_cache.o
 .debug_loc     0x0000328e     0x13ef ./drivers/fsl_ftfx_controller.o
 .debug_loc     0x0000467d     0x147c ./drivers/fsl_ftfx_flash.o
 .debug_loc     0x00005af9      0x5a2 ./drivers/fsl_gpio.o
 .debug_loc     0x0000609b     0x2506 ./drivers/fsl_i2c.o
 .debug_loc     0x000085a1      0x18c ./drivers/fsl_lptmr.o
 .debug_loc     0x0000872d     0x1a53 ./drivers/fsl_lpuart.o
 .debug_loc     0x0000a180      0x26f ./drivers/fsl_smc.o
 .debug_loc     0x0000a3ef      0x94d ./drivers/fsl_tpm.o
 .debug_loc     0x0000ad3c     0x1829 ./drivers/fsl_uart.o
 .debug_loc     0x0000c565       0x52 ./board/clock_config.o
 .debug_loc     0x0000c5b7       0xb8 ./board/peripherals.o
 .debug_loc     0x0000c66f      0x660 ./board/pin_mux.o
 .debug_loc     0x0000cccf       0x39 ./CMSIS/system_MKL27Z644.o

.debug_aranges  0x00000000      0xc30
 .debug_aranges
                0x00000000       0x30 ./utilities/fsl_debug_console.o
 .debug_aranges
                0x00000030       0x38 ./utilities/fsl_io.o
 .debug_aranges
                0x00000068       0x50 ./utilities/fsl_log.o
 .debug_aranges
                0x000000b8      0x160 ./startup/startup_mkl27z644.o
 .debug_aranges
                0x00000218      0x1b8 ./source/dc27_badge.o
 .debug_aranges
                0x000003d0       0x18 ./source/mtb.o
 .debug_aranges
                0x000003e8       0x20 ./source/semihost_hardfault.o
 .debug_aranges
                0x00000408       0xa0 ./drivers/fsl_clock.o
 .debug_aranges
                0x000004a8       0x98 ./drivers/fsl_flexio.o
 .debug_aranges
                0x00000540       0x40 ./drivers/fsl_ftfx_cache.o
 .debug_aranges
                0x00000580       0xb0 ./drivers/fsl_ftfx_controller.o
 .debug_aranges
                0x00000630       0xa8 ./drivers/fsl_ftfx_flash.o
 .debug_aranges
                0x000006d8       0x58 ./drivers/fsl_gpio.o
 .debug_aranges
                0x00000730      0x120 ./drivers/fsl_i2c.o
 .debug_aranges
                0x00000850       0x38 ./drivers/fsl_lptmr.o
 .debug_aranges
                0x00000888       0xf0 ./drivers/fsl_lpuart.o
 .debug_aranges
                0x00000978       0x78 ./drivers/fsl_smc.o
 .debug_aranges
                0x000009f0       0x78 ./drivers/fsl_tpm.o
 .debug_aranges
                0x00000a68       0xf0 ./drivers/fsl_uart.o
 .debug_aranges
                0x00000b58       0x28 ./board/clock_config.o
 .debug_aranges
                0x00000b80       0x58 ./board/peripherals.o
 .debug_aranges
                0x00000bd8       0x28 ./board/pin_mux.o
 .debug_aranges
                0x00000c00       0x30 ./CMSIS/system_MKL27Z644.o

.debug_ranges   0x00000000      0xdb8
 .debug_ranges  0x00000000       0x20 ./utilities/fsl_debug_console.o
 .debug_ranges  0x00000020       0x28 ./utilities/fsl_io.o
 .debug_ranges  0x00000048       0x40 ./utilities/fsl_log.o
 .debug_ranges  0x00000088      0x150 ./startup/startup_mkl27z644.o
 .debug_ranges  0x000001d8      0x1a8 ./source/dc27_badge.o
 .debug_ranges  0x00000380       0x10 ./source/semihost_hardfault.o
 .debug_ranges  0x00000390       0xc0 ./drivers/fsl_clock.o
 .debug_ranges  0x00000450       0x88 ./drivers/fsl_flexio.o
 .debug_ranges  0x000004d8       0x30 ./drivers/fsl_ftfx_cache.o
 .debug_ranges  0x00000508      0x158 ./drivers/fsl_ftfx_controller.o
 .debug_ranges  0x00000660      0x148 ./drivers/fsl_ftfx_flash.o
 .debug_ranges  0x000007a8       0x78 ./drivers/fsl_gpio.o
 .debug_ranges  0x00000820      0x1b8 ./drivers/fsl_i2c.o
 .debug_ranges  0x000009d8       0x28 ./drivers/fsl_lptmr.o
 .debug_ranges  0x00000a00      0x128 ./drivers/fsl_lpuart.o
 .debug_ranges  0x00000b28       0x68 ./drivers/fsl_smc.o
 .debug_ranges  0x00000b90       0x68 ./drivers/fsl_tpm.o
 .debug_ranges  0x00000bf8      0x128 ./drivers/fsl_uart.o
 .debug_ranges  0x00000d20       0x18 ./board/clock_config.o
 .debug_ranges  0x00000d38       0x48 ./board/peripherals.o
 .debug_ranges  0x00000d80       0x18 ./board/pin_mux.o
 .debug_ranges  0x00000d98       0x20 ./CMSIS/system_MKL27Z644.o

.debug_macro    0x00000000     0x29ef
 .debug_macro   0x00000000      0x139 ./utilities/fsl_debug_console.o
 .debug_macro   0x00000139       0x16 ./utilities/fsl_debug_console.o
 .debug_macro   0x0000014f       0x10 ./utilities/fsl_debug_console.o
 .debug_macro   0x0000015f       0x28 ./utilities/fsl_debug_console.o
 .debug_macro   0x00000187       0x16 ./utilities/fsl_debug_console.o
 .debug_macro   0x0000019d       0x50 ./utilities/fsl_debug_console.o
 .debug_macro   0x000001ed      0x123 ./utilities/fsl_io.o
 .debug_macro   0x00000310       0x10 ./utilities/fsl_io.o
 .debug_macro   0x00000320       0x10 ./utilities/fsl_io.o
 .debug_macro   0x00000330      0x147 ./utilities/fsl_log.o
 .debug_macro   0x00000477       0x23 ./startup/startup_mkl27z644.o
 .debug_macro   0x0000049a      0x86c ./source/dc27_badge.o
 .debug_macro   0x00000d06       0xd8 ./source/dc27_badge.o
 .debug_macro   0x00000dde       0x10 ./source/dc27_badge.o
 .debug_macro   0x00000dee       0x1c ./source/dc27_badge.o
 .debug_macro   0x00000e0a       0x10 ./source/dc27_badge.o
 .debug_macro   0x00000e1a       0x16 ./source/dc27_badge.o
 .debug_macro   0x00000e30       0x10 ./source/dc27_badge.o
 .debug_macro   0x00000e40       0x10 ./source/dc27_badge.o
 .debug_macro   0x00000e50       0x9a ./source/dc27_badge.o
 .debug_macro   0x00000eea      0x43e ./source/dc27_badge.o
 .debug_macro   0x00001328       0x16 ./source/dc27_badge.o
 .debug_macro   0x0000133e       0x22 ./source/dc27_badge.o
 .debug_macro   0x00001360       0x10 ./source/dc27_badge.o
 .debug_macro   0x00001370      0x26a ./source/dc27_badge.o
 .debug_macro   0x000015da       0x2e ./source/dc27_badge.o
 .debug_macro   0x00001608       0x7c ./source/dc27_badge.o
 .debug_macro   0x00001684       0x10 ./source/dc27_badge.o
 .debug_macro   0x00001694       0x1c ./source/dc27_badge.o
 .debug_macro   0x000016b0       0x2f ./source/mtb.o
 .debug_macro   0x000016df       0x82 ./source/mtb.o
 .debug_macro   0x00001761       0x10 ./source/mtb.o
 .debug_macro   0x00001771       0x11 ./source/semihost_hardfault.o
 .debug_macro   0x00001782      0x134 ./drivers/fsl_clock.o
 .debug_macro   0x000018b6      0x10d ./drivers/fsl_flexio.o
 .debug_macro   0x000019c3       0x1c ./drivers/fsl_flexio.o
 .debug_macro   0x000019df      0x15c ./drivers/fsl_ftfx_cache.o
 .debug_macro   0x00001b3b       0x16 ./drivers/fsl_ftfx_cache.o
 .debug_macro   0x00001b51      0x1a0 ./drivers/fsl_ftfx_controller.o
 .debug_macro   0x00001cf1      0x131 ./drivers/fsl_ftfx_flash.o
 .debug_macro   0x00001e22       0x16 ./drivers/fsl_ftfx_flash.o
 .debug_macro   0x00001e38      0x108 ./drivers/fsl_gpio.o
 .debug_macro   0x00001f40      0x107 ./drivers/fsl_i2c.o
 .debug_macro   0x00002047       0x16 ./drivers/fsl_i2c.o
 .debug_macro   0x0000205d      0x108 ./drivers/fsl_lptmr.o
 .debug_macro   0x00002165      0x108 ./drivers/fsl_lpuart.o
 .debug_macro   0x0000226d      0x155 ./drivers/fsl_smc.o
 .debug_macro   0x000023c2      0x10e ./drivers/fsl_tpm.o
 .debug_macro   0x000024d0      0x10e ./drivers/fsl_uart.o
 .debug_macro   0x000025de      0x119 ./board/clock_config.o
 .debug_macro   0x000026f7       0x10 ./board/clock_config.o
 .debug_macro   0x00002707      0x144 ./board/peripherals.o
 .debug_macro   0x0000284b      0x10d ./board/pin_mux.o
 .debug_macro   0x00002958       0x97 ./CMSIS/system_MKL27Z644.o

.debug_line     0x00000000     0x6073
 .debug_line    0x00000000      0x29c ./utilities/fsl_debug_console.o
 .debug_line    0x0000029c      0x2f6 ./utilities/fsl_io.o
 .debug_line    0x00000592      0x2f6 ./utilities/fsl_log.o
 .debug_line    0x00000888      0x12b ./startup/startup_mkl27z644.o
 .debug_line    0x000009b3     0x1092 ./source/dc27_badge.o
 .debug_line    0x00001a45       0x95 ./source/mtb.o
 .debug_line    0x00001ada       0x50 ./source/semihost_hardfault.o
 .debug_line    0x00001b2a      0x442 ./drivers/fsl_clock.o
 .debug_line    0x00001f6c      0x3cd ./drivers/fsl_flexio.o
 .debug_line    0x00002339      0x2f8 ./drivers/fsl_ftfx_cache.o
 .debug_line    0x00002631      0x59e ./drivers/fsl_ftfx_controller.o
 .debug_line    0x00002bcf      0x57e ./drivers/fsl_ftfx_flash.o
 .debug_line    0x0000314d      0x2d6 ./drivers/fsl_gpio.o
 .debug_line    0x00003423      0x9a0 ./drivers/fsl_i2c.o
 .debug_line    0x00003dc3      0x278 ./drivers/fsl_lptmr.o
 .debug_line    0x0000403b      0x69d ./drivers/fsl_lpuart.o
 .debug_line    0x000046d8      0x485 ./drivers/fsl_smc.o
 .debug_line    0x00004b5d      0x47b ./drivers/fsl_tpm.o
 .debug_line    0x00004fd8      0x6a6 ./drivers/fsl_uart.o
 .debug_line    0x0000567e      0x252 ./board/clock_config.o
 .debug_line    0x000058d0      0x334 ./board/peripherals.o
 .debug_line    0x00005c04      0x29b ./board/pin_mux.o
 .debug_line    0x00005e9f      0x1d4 ./CMSIS/system_MKL27Z644.o

.debug_str      0x00000000    0x413e1
 .debug_str     0x00000000    0x338f3 ./utilities/fsl_debug_console.o
                              0x33b0b (size before relaxing)
 .debug_str     0x000338f3      0xdba ./utilities/fsl_io.o
                              0x3451d (size before relaxing)
 .debug_str     0x000346ad      0x1b7 ./utilities/fsl_log.o
                              0x3389c (size before relaxing)
 .debug_str     0x00034864      0x3fe ./startup/startup_mkl27z644.o
                               0x3145 (size before relaxing)
 .debug_str     0x00034c62     0x7309 ./source/dc27_badge.o
                              0x3b8f6 (size before relaxing)
 .debug_str     0x0003bf6b      0x532 ./source/mtb.o
                               0x3220 (size before relaxing)
 .debug_str     0x0003c49d       0x1f ./source/semihost_hardfault.o
                               0x2d0d (size before relaxing)
 .debug_str     0x0003c4bc      0x92e ./drivers/fsl_clock.o
                              0x34869 (size before relaxing)
 .debug_str     0x0003cdea     0x12f3 ./drivers/fsl_flexio.o
                              0x34fa0 (size before relaxing)
 .debug_str     0x0003e0dd      0x359 ./drivers/fsl_ftfx_cache.o
                              0x35650 (size before relaxing)
 .debug_str     0x0003e436      0x79d ./drivers/fsl_ftfx_controller.o
                              0x35dea (size before relaxing)
 .debug_str     0x0003ebd3      0x546 ./drivers/fsl_ftfx_flash.o
                              0x35cf5 (size before relaxing)
 .debug_str     0x0003f119       0xf6 ./drivers/fsl_gpio.o
                              0x33beb (size before relaxing)
 .debug_str     0x0003f20f      0xa49 ./drivers/fsl_i2c.o
                              0x34b33 (size before relaxing)
 .debug_str     0x0003fc58       0x9d ./drivers/fsl_lptmr.o
                              0x33aca (size before relaxing)
 .debug_str     0x0003fcf5      0x815 ./drivers/fsl_lpuart.o
                              0x34bec (size before relaxing)
 .debug_str     0x0004050a      0x32e ./drivers/fsl_smc.o
                              0x35548 (size before relaxing)
 .debug_str     0x00040838      0x3ec ./drivers/fsl_tpm.o
                              0x34568 (size before relaxing)
 .debug_str     0x00040c24      0x480 ./drivers/fsl_uart.o
                              0x349d3 (size before relaxing)
 .debug_str     0x000410a4      0x18b ./board/clock_config.o
                              0x33fa3 (size before relaxing)
 .debug_str     0x0004122f       0xbb ./board/peripherals.o
                              0x35483 (size before relaxing)
 .debug_str     0x000412ea       0x85 ./board/pin_mux.o
                              0x352a4 (size before relaxing)
 .debug_str     0x0004136f       0x72 ./CMSIS/system_MKL27Z644.o
                              0x327e8 (size before relaxing)

.comment        0x00000000       0x7e
 .comment       0x00000000       0x7e ./utilities/fsl_debug_console.o
                                 0x7f (size before relaxing)
 .comment       0x0000007e       0x7f ./utilities/fsl_io.o
 .comment       0x0000007e       0x7f ./utilities/fsl_log.o
 .comment       0x0000007e       0x7f ./startup/startup_mkl27z644.o
 .comment       0x0000007e       0x7f ./source/dc27_badge.o
 .comment       0x0000007e       0x7f ./source/mtb.o
 .comment       0x0000007e       0x7f ./source/semihost_hardfault.o
 .comment       0x0000007e       0x7f ./drivers/fsl_clock.o
 .comment       0x0000007e       0x7f ./drivers/fsl_flexio.o
 .comment       0x0000007e       0x7f ./drivers/fsl_ftfx_cache.o
 .comment       0x0000007e       0x7f ./drivers/fsl_ftfx_controller.o
 .comment       0x0000007e       0x7f ./drivers/fsl_ftfx_flash.o
 .comment       0x0000007e       0x7f ./drivers/fsl_gpio.o
 .comment       0x0000007e       0x7f ./drivers/fsl_i2c.o
 .comment       0x0000007e       0x7f ./drivers/fsl_lptmr.o
 .comment       0x0000007e       0x7f ./drivers/fsl_lpuart.o
 .comment       0x0000007e       0x7f ./drivers/fsl_smc.o
 .comment       0x0000007e       0x7f ./drivers/fsl_tpm.o
 .comment       0x0000007e       0x7f ./drivers/fsl_uart.o
 .comment       0x0000007e       0x7f ./board/clock_config.o
 .comment       0x0000007e       0x7f ./board/peripherals.o
 .comment       0x0000007e       0x7f ./board/pin_mux.o
 .comment       0x0000007e       0x7f ./CMSIS/system_MKL27Z644.o
 .comment       0x0000007e       0x7f c:/nxp/mcuxpressoide_10.2.1_795/ide/tools/bin/../lib/gcc/arm-none-eabi/7.2.1/../../../../arm-none-eabi/lib/thumb/v6-m\libcr_semihost_nf.a(__ciob.o)
 .comment       0x0000007e       0x7f c:/nxp/mcuxpressoide_10.2.1_795/ide/tools/bin/../lib/gcc/arm-none-eabi/7.2.1/../../../../arm-none-eabi/lib/thumb/v6-m\libcr_semihost_nf.a(_cr__main.o)
 .comment       0x0000007e       0x7f c:/nxp/mcuxpressoide_10.2.1_795/ide/tools/bin/../lib/gcc/arm-none-eabi/7.2.1/../../../../arm-none-eabi/lib/thumb/v6-m\libcr_semihost_nf.a(_cr_assert.o)
 .comment       0x0000007e       0x7f c:/nxp/mcuxpressoide_10.2.1_795/ide/tools/bin/../lib/gcc/arm-none-eabi/7.2.1/../../../../arm-none-eabi/lib/thumb/v6-m\libcr_c.a(memcpy.o)
 .comment       0x0000007e       0x7f c:/nxp/mcuxpressoide_10.2.1_795/ide/tools/bin/../lib/gcc/arm-none-eabi/7.2.1/../../../../arm-none-eabi/lib/thumb/v6-m\libcr_c.a(memset.o)
 .comment       0x0000007e       0x7f c:/nxp/mcuxpressoide_10.2.1_795/ide/tools/bin/../lib/gcc/arm-none-eabi/7.2.1/../../../../arm-none-eabi/lib/thumb/v6-m\libcr_c.a(__fillbuf.o)
 .comment       0x0000007e       0x7f c:/nxp/mcuxpressoide_10.2.1_795/ide/tools/bin/../lib/gcc/arm-none-eabi/7.2.1/../../../../arm-none-eabi/lib/thumb/v6-m\libcr_c.a(_deferredlazyseek.o)
 .comment       0x0000007e       0x7f c:/nxp/mcuxpressoide_10.2.1_795/ide/tools/bin/../lib/gcc/arm-none-eabi/7.2.1/../../../../arm-none-eabi/lib/thumb/v6-m\libcr_c.a(_fflush.o)
 .comment       0x0000007e       0x7f c:/nxp/mcuxpressoide_10.2.1_795/ide/tools/bin/../lib/gcc/arm-none-eabi/7.2.1/../../../../arm-none-eabi/lib/thumb/v6-m\libcr_c.a(_writebuf.o)
 .comment       0x0000007e       0x7f c:/nxp/mcuxpressoide_10.2.1_795/ide/tools/bin/../lib/gcc/arm-none-eabi/7.2.1/../../../../arm-none-eabi/lib/thumb/v6-m\libcr_c.a(alloc.o)
 .comment       0x0000007e       0x7f c:/nxp/mcuxpressoide_10.2.1_795/ide/tools/bin/../lib/gcc/arm-none-eabi/7.2.1/../../../../arm-none-eabi/lib/thumb/v6-m\libcr_c.a(fputs.o)
 .comment       0x0000007e       0x7f c:/nxp/mcuxpressoide_10.2.1_795/ide/tools/bin/../lib/gcc/arm-none-eabi/7.2.1/../../../../arm-none-eabi/lib/thumb/v6-m\libcr_c.a(fseek.o)
 .comment       0x0000007e       0x7f c:/nxp/mcuxpressoide_10.2.1_795/ide/tools/bin/../lib/gcc/arm-none-eabi/7.2.1/../../../../arm-none-eabi/lib/thumb/v6-m\libcr_c.a(ftell.o)
 .comment       0x0000007e       0x7f c:/nxp/mcuxpressoide_10.2.1_795/ide/tools/bin/../lib/gcc/arm-none-eabi/7.2.1/../../../../arm-none-eabi/lib/thumb/v6-m\libcr_c.a(initio.o)
 .comment       0x0000007e       0x7f c:/nxp/mcuxpressoide_10.2.1_795/ide/tools/bin/../lib/gcc/arm-none-eabi/7.2.1/../../../../arm-none-eabi/lib/thumb/v6-m\libcr_c.a(printf.o)
 .comment       0x0000007e       0x7f c:/nxp/mcuxpressoide_10.2.1_795/ide/tools/bin/../lib/gcc/arm-none-eabi/7.2.1/../../../../arm-none-eabi/lib/thumb/v6-m\libcr_c.a(scanf.o)
 .comment       0x0000007e       0x7f c:/nxp/mcuxpressoide_10.2.1_795/ide/tools/bin/../lib/gcc/arm-none-eabi/7.2.1/../../../../arm-none-eabi/lib/thumb/v6-m\libcr_c.a(setvbuf.o)
 .comment       0x0000007e       0x7f c:/nxp/mcuxpressoide_10.2.1_795/ide/tools/bin/../lib/gcc/arm-none-eabi/7.2.1/../../../../arm-none-eabi/lib/thumb/v6-m\libcr_c.a(strcpy.o)
 .comment       0x0000007e       0x7f c:/nxp/mcuxpressoide_10.2.1_795/ide/tools/bin/../lib/gcc/arm-none-eabi/7.2.1/../../../../arm-none-eabi/lib/thumb/v6-m\libcr_c.a(strlen.o)
 .comment       0x0000007e       0x7f c:/nxp/mcuxpressoide_10.2.1_795/ide/tools/bin/../lib/gcc/arm-none-eabi/7.2.1/../../../../arm-none-eabi/lib/thumb/v6-m\libcr_c.a(ungetc.o)
 .comment       0x0000007e       0x7f c:/nxp/mcuxpressoide_10.2.1_795/ide/tools/bin/../lib/gcc/arm-none-eabi/7.2.1/../../../../arm-none-eabi/lib/thumb/v6-m\libcr_c.a(__init_alloc.o)
 .comment       0x0000007e       0x7f c:/nxp/mcuxpressoide_10.2.1_795/ide/tools/bin/../lib/gcc/arm-none-eabi/7.2.1/../../../../arm-none-eabi/lib/thumb/v6-m\libcr_c.a(_cr_sbrk.o)
 .comment       0x0000007e       0x7f c:/nxp/mcuxpressoide_10.2.1_795/ide/tools/bin/../lib/gcc/arm-none-eabi/7.2.1/../../../../arm-none-eabi/lib/thumb/v6-m\libcr_c.a(_fdopen.o)
 .comment       0x0000007e       0x7f c:/nxp/mcuxpressoide_10.2.1_795/ide/tools/bin/../lib/gcc/arm-none-eabi/7.2.1/../../../../arm-none-eabi/lib/thumb/v6-m\libcr_c.a(_frexpl.o)
 .comment       0x0000007e       0x7f c:/nxp/mcuxpressoide_10.2.1_795/ide/tools/bin/../lib/gcc/arm-none-eabi/7.2.1/../../../../arm-none-eabi/lib/thumb/v6-m\libcr_c.a(_hugeval.o)
 .comment       0x0000007e       0x7f c:/nxp/mcuxpressoide_10.2.1_795/ide/tools/bin/../lib/gcc/arm-none-eabi/7.2.1/../../../../arm-none-eabi/lib/thumb/v6-m\libcr_c.a(_ldexpl.o)
 .comment       0x0000007e       0x7f c:/nxp/mcuxpressoide_10.2.1_795/ide/tools/bin/../lib/gcc/arm-none-eabi/7.2.1/../../../../arm-none-eabi/lib/thumb/v6-m\libcr_c.a(ctype.o)
 .comment       0x0000007e       0x7f c:/nxp/mcuxpressoide_10.2.1_795/ide/tools/bin/../lib/gcc/arm-none-eabi/7.2.1/../../../../arm-none-eabi/lib/thumb/v6-m\libcr_c.a(errno.o)
 .comment       0x0000007e       0x7f c:/nxp/mcuxpressoide_10.2.1_795/ide/tools/bin/../lib/gcc/arm-none-eabi/7.2.1/../../../../arm-none-eabi/lib/thumb/v6-m\libcr_c.a(fclose.o)
 .comment       0x0000007e       0x7f c:/nxp/mcuxpressoide_10.2.1_795/ide/tools/bin/../lib/gcc/arm-none-eabi/7.2.1/../../../../arm-none-eabi/lib/thumb/v6-m\libcr_c.a(fflush.o)
 .comment       0x0000007e       0x7f c:/nxp/mcuxpressoide_10.2.1_795/ide/tools/bin/../lib/gcc/arm-none-eabi/7.2.1/../../../../arm-none-eabi/lib/thumb/v6-m\libcr_c.a(remove.o)
 .comment       0x0000007e       0x7f c:/nxp/mcuxpressoide_10.2.1_795/ide/tools/bin/../lib/gcc/arm-none-eabi/7.2.1/../../../../arm-none-eabi/lib/thumb/v6-m\libcr_c.a(_cr_check_heap.o)
 .comment       0x0000007e       0x7f c:/nxp/mcuxpressoide_10.2.1_795/ide/tools/bin/../lib/gcc/arm-none-eabi/7.2.1/../../../../arm-none-eabi/lib/thumb/v6-m\libcr_c.a(_do_fflush.o)
 .comment       0x0000007e       0x7f c:/nxp/mcuxpressoide_10.2.1_795/ide/tools/bin/../lib/gcc/arm-none-eabi/7.2.1/thumb/v6-m\libcr_eabihelpers.a(double.o)

.ARM.attributes
                0x00000000       0x30
 .ARM.attributes
                0x00000000       0x32 ./utilities/fsl_debug_console.o
 .ARM.attributes
                0x00000032       0x32 ./utilities/fsl_io.o
 .ARM.attributes
                0x00000064       0x32 ./utilities/fsl_log.o
 .ARM.attributes
                0x00000096       0x32 ./startup/startup_mkl27z644.o
 .ARM.attributes
                0x000000c8       0x32 ./source/dc27_badge.o
 .ARM.attributes
                0x000000fa       0x32 ./source/mtb.o
 .ARM.attributes
                0x0000012c       0x32 ./source/semihost_hardfault.o
 .ARM.attributes
                0x0000015e       0x32 ./drivers/fsl_clock.o
 .ARM.attributes
                0x00000190       0x32 ./drivers/fsl_flexio.o
 .ARM.attributes
                0x000001c2       0x32 ./drivers/fsl_ftfx_cache.o
 .ARM.attributes
                0x000001f4       0x32 ./drivers/fsl_ftfx_controller.o
 .ARM.attributes
                0x00000226       0x32 ./drivers/fsl_ftfx_flash.o
 .ARM.attributes
                0x00000258       0x32 ./drivers/fsl_gpio.o
 .ARM.attributes
                0x0000028a       0x32 ./drivers/fsl_i2c.o
 .ARM.attributes
                0x000002bc       0x32 ./drivers/fsl_lptmr.o
 .ARM.attributes
                0x000002ee       0x32 ./drivers/fsl_lpuart.o
 .ARM.attributes
                0x00000320       0x32 ./drivers/fsl_smc.o
 .ARM.attributes
                0x00000352       0x32 ./drivers/fsl_tpm.o
 .ARM.attributes
                0x00000384       0x32 ./drivers/fsl_uart.o
 .ARM.attributes
                0x000003b6       0x32 ./board/clock_config.o
 .ARM.attributes
                0x000003e8       0x32 ./board/peripherals.o
 .ARM.attributes
                0x0000041a       0x32 ./board/pin_mux.o
 .ARM.attributes
                0x0000044c       0x32 ./CMSIS/system_MKL27Z644.o
 .ARM.attributes
                0x0000047e       0x31 c:/nxp/mcuxpressoide_10.2.1_795/ide/tools/bin/../lib/gcc/arm-none-eabi/7.2.1/../../../../arm-none-eabi/lib/thumb/v6-m\libcr_semihost_nf.a(__ciob.o)
 .ARM.attributes
                0x000004af       0x31 c:/nxp/mcuxpressoide_10.2.1_795/ide/tools/bin/../lib/gcc/arm-none-eabi/7.2.1/../../../../arm-none-eabi/lib/thumb/v6-m\libcr_semihost_nf.a(_cr__main.o)
 .ARM.attributes