Archive member included to satisfy reference by file (symbol)

c:/nxp/mcuxpressoide_10.2.1_795/ide/tools/bin/../lib/gcc/arm-none-eabi/7.2.1/../../../../arm-none-eabi/lib/thumb/v6-m\libcr_nohost.a(_cr__main.o)
                              ./startup/startup_mkl27z644.o (__main)
c:/nxp/mcuxpressoide_10.2.1_795/ide/tools/bin/../lib/gcc/arm-none-eabi/7.2.1/../../../../arm-none-eabi/lib/thumb/v6-m\libcr_nohost.a(_cr_assert.o)
                              ./utilities/fsl_debug_console.o (__assertion_failed)
c:/nxp/mcuxpressoide_10.2.1_795/ide/tools/bin/../lib/gcc/arm-none-eabi/7.2.1/../../../../arm-none-eabi/lib/thumb/v6-m\libcr_nohost.a(__ciob.o)
                              c:/nxp/mcuxpressoide_10.2.1_795/ide/tools/bin/../lib/gcc/arm-none-eabi/7.2.1/../../../../arm-none-eabi/lib/thumb/v6-m\libcr_nohost.a(_cr_assert.o) (__Ciob)
c:/nxp/mcuxpressoide_10.2.1_795/ide/tools/bin/../lib/gcc/arm-none-eabi/7.2.1/../../../../arm-none-eabi/lib/thumb/v6-m\libcr_nohost.a(__sys_appexit.o)
                              c:/nxp/mcuxpressoide_10.2.1_795/ide/tools/bin/../lib/gcc/arm-none-eabi/7.2.1/../../../../arm-none-eabi/lib/thumb/v6-m\libcr_nohost.a(_cr_assert.o) (__sys_appexit)
c:/nxp/mcuxpressoide_10.2.1_795/ide/tools/bin/../lib/gcc/arm-none-eabi/7.2.1/../../../../arm-none-eabi/lib/thumb/v6-m\libcr_c.a(memcpy.o)
                              ./source/dc27_badge.o (memcpy)
c:/nxp/mcuxpressoide_10.2.1_795/ide/tools/bin/../lib/gcc/arm-none-eabi/7.2.1/../../../../arm-none-eabi/lib/thumb/v6-m\libcr_c.a(memset.o)
                              ./utilities/fsl_debug_console.o (memset)
c:/nxp/mcuxpressoide_10.2.1_795/ide/tools/bin/../lib/gcc/arm-none-eabi/7.2.1/../../../../arm-none-eabi/lib/thumb/v6-m\libcr_c.a(_deferredlazyseek.o)
                              c:/nxp/mcuxpressoide_10.2.1_795/ide/tools/bin/../lib/gcc/arm-none-eabi/7.2.1/../../../../arm-none-eabi/lib/thumb/v6-m\libcr_nohost.a(_cr_assert.o) (__flsbuf)
c:/nxp/mcuxpressoide_10.2.1_795/ide/tools/bin/../lib/gcc/arm-none-eabi/7.2.1/../../../../arm-none-eabi/lib/thumb/v6-m\libcr_c.a(_fflush.o)
                              c:/nxp/mcuxpressoide_10.2.1_795/ide/tools/bin/../lib/gcc/arm-none-eabi/7.2.1/../../../../arm-none-eabi/lib/thumb/v6-m\libcr_c.a(_deferredlazyseek.o) (_fflush)
c:/nxp/mcuxpressoide_10.2.1_795/ide/tools/bin/../lib/gcc/arm-none-eabi/7.2.1/../../../../arm-none-eabi/lib/thumb/v6-m\libcr_c.a(_writebuf.o)
                              c:/nxp/mcuxpressoide_10.2.1_795/ide/tools/bin/../lib/gcc/arm-none-eabi/7.2.1/../../../../arm-none-eabi/lib/thumb/v6-m\libcr_c.a(_deferredlazyseek.o) (_Cwritebuf)
c:/nxp/mcuxpressoide_10.2.1_795/ide/tools/bin/../lib/gcc/arm-none-eabi/7.2.1/../../../../arm-none-eabi/lib/thumb/v6-m\libcr_c.a(alloc.o)
                              ./drivers/fsl_common.o (malloc)
c:/nxp/mcuxpressoide_10.2.1_795/ide/tools/bin/../lib/gcc/arm-none-eabi/7.2.1/../../../../arm-none-eabi/lib/thumb/v6-m\libcr_c.a(fputs.o)
                              c:/nxp/mcuxpressoide_10.2.1_795/ide/tools/bin/../lib/gcc/arm-none-eabi/7.2.1/../../../../arm-none-eabi/lib/thumb/v6-m\libcr_nohost.a(_cr_assert.o) (fputs)
c:/nxp/mcuxpressoide_10.2.1_795/ide/tools/bin/../lib/gcc/arm-none-eabi/7.2.1/../../../../arm-none-eabi/lib/thumb/v6-m\libcr_c.a(fseek.o)
                              c:/nxp/mcuxpressoide_10.2.1_795/ide/tools/bin/../lib/gcc/arm-none-eabi/7.2.1/../../../../arm-none-eabi/lib/thumb/v6-m\libcr_c.a(_deferredlazyseek.o) (fseek)
c:/nxp/mcuxpressoide_10.2.1_795/ide/tools/bin/../lib/gcc/arm-none-eabi/7.2.1/../../../../arm-none-eabi/lib/thumb/v6-m\libcr_c.a(ftell.o)
                              c:/nxp/mcuxpressoide_10.2.1_795/ide/tools/bin/../lib/gcc/arm-none-eabi/7.2.1/../../../../arm-none-eabi/lib/thumb/v6-m\libcr_c.a(fseek.o) (ftell)
c:/nxp/mcuxpressoide_10.2.1_795/ide/tools/bin/../lib/gcc/arm-none-eabi/7.2.1/../../../../arm-none-eabi/lib/thumb/v6-m\libcr_c.a(initio.o)
                              c:/nxp/mcuxpressoide_10.2.1_795/ide/tools/bin/../lib/gcc/arm-none-eabi/7.2.1/../../../../arm-none-eabi/lib/thumb/v6-m\libcr_nohost.a(_cr__main.o) (_initio)
c:/nxp/mcuxpressoide_10.2.1_795/ide/tools/bin/../lib/gcc/arm-none-eabi/7.2.1/../../../../arm-none-eabi/lib/thumb/v6-m\libcr_c.a(scanf.o)
                              ./source/dc27_badge.o (sscanf)
c:/nxp/mcuxpressoide_10.2.1_795/ide/tools/bin/../lib/gcc/arm-none-eabi/7.2.1/../../../../arm-none-eabi/lib/thumb/v6-m\libcr_c.a(setvbuf.o)
                              c:/nxp/mcuxpressoide_10.2.1_795/ide/tools/bin/../lib/gcc/arm-none-eabi/7.2.1/../../../../arm-none-eabi/lib/thumb/v6-m\libcr_c.a(initio.o) (setvbuf)
c:/nxp/mcuxpressoide_10.2.1_795/ide/tools/bin/../lib/gcc/arm-none-eabi/7.2.1/../../../../arm-none-eabi/lib/thumb/v6-m\libcr_c.a(strcpy.o)
                              ./source/dc27_badge.o (strcpy)
c:/nxp/mcuxpressoide_10.2.1_795/ide/tools/bin/../lib/gcc/arm-none-eabi/7.2.1/../../../../arm-none-eabi/lib/thumb/v6-m\libcr_c.a(strlen.o)
[...]
Memory Configuration

Name             Origin             Length             Attributes
PROGRAM_FLASH    0x00000000         0x00010000         xr
SRAM             0x1ffff000         0x00004000         xrw
USB_RAM          0x400fe000         0x00000200         xrw
*default*        0x00000000         0xffffffff

Linker script and memory map

LOAD ./utilities/fsl_assert.o
LOAD ./utilities/fsl_debug_console.o
LOAD ./utilities/fsl_io.o
LOAD ./utilities/fsl_log.o
LOAD ./utilities/fsl_notifier.o
LOAD ./utilities/fsl_str.o
LOAD ./startup/startup_mkl27z644.o
LOAD ./source/dc27_badge.o
LOAD ./source/mtb.o
LOAD ./source/semihost_hardfault.o
LOAD ./drivers/fsl_clock.o
LOAD ./drivers/fsl_common.o
LOAD ./drivers/fsl_cop.o
LOAD ./drivers/fsl_crc.o
LOAD ./drivers/fsl_flexio.o
LOAD ./drivers/fsl_ftfx_cache.o
LOAD ./drivers/fsl_ftfx_controller.o
LOAD ./drivers/fsl_ftfx_flash.o
LOAD ./drivers/fsl_ftfx_flexnvm.o
LOAD ./drivers/fsl_gpio.o
LOAD ./drivers/fsl_i2c.o
LOAD ./drivers/fsl_lptmr.o
LOAD ./drivers/fsl_lpuart.o
LOAD ./drivers/fsl_pit.o
LOAD ./drivers/fsl_smc.o
LOAD ./drivers/fsl_tpm.o
LOAD ./drivers/fsl_uart.o
LOAD ./board/board.o
LOAD ./board/clock_config.o
LOAD ./board/peripherals.o
LOAD ./board/pin_mux.o
LOAD ./CMSIS/system_MKL27Z644.o
START GROUP
LOAD c:/nxp/mcuxpressoide_10.2.1_795/ide/tools/bin/../lib/gcc/arm-none-eabi/7.2.1/../../../../arm-none-eabi/lib/thumb/v6-m\libcr_nohost.a
LOAD c:/nxp/mcuxpressoide_10.2.1_795/ide/tools/bin/../lib/gcc/arm-none-eabi/7.2.1/../../../../arm-none-eabi/lib/thumb/v6-m\libcr_c.a
LOAD c:/nxp/mcuxpressoide_10.2.1_795/ide/tools/bin/../lib/gcc/arm-none-eabi/7.2.1/thumb/v6-m\libcr_eabihelpers.a
END GROUP
                0x00000000                __base_PROGRAM_FLASH = 0x0
                0x00000000                __base_Flash = 0x0
                0x00010000                __top_PROGRAM_FLASH = 0x10000
                0x00010000                __top_Flash = 0x10000
                0x1ffff000                __base_SRAM = 0x1ffff000
                0x1ffff000                __base_RAM = 0x1ffff000
                0x20003000                __top_SRAM = 0x20003000
                0x20003000                __top_RAM = 0x20003000
                0x400fe000                __base_USB_RAM = 0x400fe000
                0x400fe000                __base_RAM2 = 0x400fe000
                0x400fe200                __top_USB_RAM = 0x400fe200
                0x400fe200                __top_RAM2 = 0x400fe200

.text           0x00000000     0xda18
 FILL mask 0xff
                0x00000000                __vectors_start__ = ABSOLUTE (.)
 *(SORT_BY_ALIGNMENT(.isr_vector))
 .isr_vector    0x00000000       0xc0 ./startup/startup_mkl27z644.o
                0x00000000                g_pfnVectors
                0x00000000                __Vectors
                0x000000c0                . = ALIGN (0x4)
                0x000000c0                __section_table_start = .
                0x000000c0                __data_section_table = .
                0x000000c0        0x4 LONG 0xda18 LOADADDR (.data)
                0x000000c4        0x4 LONG 0x1ffff080 ADDR (.data)
                0x000000c8        0x4 LONG 0xfc SIZEOF (.data)
                0x000000cc        0x4 LONG 0xda18 LOADADDR (.data_RAM2)
                0x000000d0        0x4 LONG 0x400fe000 ADDR (.data_RAM2)
                0x000000d4        0x4 LONG 0x0 SIZEOF (.data_RAM2)
                0x000000d8                __data_section_table_end = .
                0x000000d8                __bss_section_table = .
                0x000000d8        0x4 LONG 0x1ffff17c ADDR (.bss)
                0x000000dc        0x4 LONG 0xb6c SIZEOF (.bss)
                0x000000e0        0x4 LONG 0x400fe000 ADDR (.bss_RAM2)
                0x000000e4        0x4 LONG 0x0 SIZEOF (.bss_RAM2)
                0x000000e8                __bss_section_table_end = .
                0x000000e8                __section_table_end = .
 *(SORT_BY_ALIGNMENT(.after_vectors*))
 .after_vectors.reset
                0x000000e8       0x4c ./startup/startup_mkl27z644.o
                0x000000e8                ResetISR
 .after_vectors
                0x00000134      0x10c ./startup/startup_mkl27z644.o
                0x00000134                NMI_Handler
                0x00000138                SVC_Handler
                0x0000013a                PendSV_Handler
                0x0000013e                DMA0_DriverIRQHandler
                0x0000013e                Reserved42_DriverIRQHandler
                0x0000013e                SPI1_DriverIRQHandler
                0x0000013e                LPTMR0_DriverIRQHandler
                0x0000013e                Reserved43_DriverIRQHandler
                0x0000013e                Reserved39_DriverIRQHandler
                0x0000013e                PIT_DriverIRQHandler
                0x0000013e                DMA2_DriverIRQHandler
                0x0000013e                CMP0_DriverIRQHandler
                0x0000013e                TPM2_DriverIRQHandler
                0x0000013e                ADC0_DriverIRQHandler
                0x0000013e                SPI0_DriverIRQHandler
                0x0000013e                RTC_Seconds_DriverIRQHandler
                0x0000013e                LLWU_DriverIRQHandler
                0x0000013e                DMA1_DriverIRQHandler
                0x0000013e                PMC_DriverIRQHandler
                0x0000013e                RTC_DriverIRQHandler
                0x0000013e                PORTB_PORTC_PORTD_PORTE_DriverIRQHandler
                0x0000013e                TPM1_DriverIRQHandler
                0x0000013e                FTFA_DriverIRQHandler
                0x0000013e                IntDefaultHandler
                0x0000013e                USB0_DriverIRQHandler
                0x0000013e                Reserved41_DriverIRQHandler
                0x0000013e                TPM0_DriverIRQHandler
                0x0000013e                PORTA_DriverIRQHandler
                0x0000013e                Reserved45_DriverIRQHandler
                0x0000013e                DMA3_DriverIRQHandler
                0x0000013e                Reserved20_DriverIRQHandler
                0x00000140                DMA0_IRQHandler
                0x00000148                DMA1_IRQHandler
                0x00000150                DMA2_IRQHandler
                0x00000158                DMA3_IRQHandler
                0x00000160                Reserved20_IRQHandler
                0x00000168                FTFA_IRQHandler
                0x00000170                PMC_IRQHandler
                0x00000178                LLWU_IRQHandler
                0x00000180                I2C0_IRQHandler
                0x00000188                I2C1_IRQHandler
                0x00000190                SPI0_IRQHandler
                0x00000198                SPI1_IRQHandler
                0x000001a8                LPUART1_IRQHandler
                0x000001b0                UART2_FLEXIO_IRQHandler
                0x000001b8                ADC0_IRQHandler
                0x000001c0                CMP0_IRQHandler
                0x000001c8                TPM0_IRQHandler
                0x000001d0                TPM1_IRQHandler
                0x000001d8                TPM2_IRQHandler
                0x000001e0                RTC_IRQHandler
                0x000001e8                RTC_Seconds_IRQHandler
                0x000001f0                PIT_IRQHandler
                0x000001f8                Reserved39_IRQHandler
                0x00000200                USB0_IRQHandler
                0x00000208                Reserved41_IRQHandler
                0x00000210                Reserved42_IRQHandler
                0x00000218                Reserved43_IRQHandler
                0x00000228                Reserved45_IRQHandler
                0x00000230                PORTA_IRQHandler
 .after_vectors.init_data
                0x00000240       0x16 ./startup/startup_mkl27z644.o
                0x00000240                data_init
 .after_vectors.init_bss
                0x00000256       0x12 ./startup/startup_mkl27z644.o
                0x00000256                bss_init
                0x00000400                . = 0x400
 *fill*         0x00000268      0x198 ff
                0x00000400                PROVIDE (__FLASH_CONFIG_START__, .)
 *(SORT_BY_ALIGNMENT(.FlashConfig))
 .FlashConfig   0x00000400       0x10 ./startup/startup_mkl27z644.o
                0x00000400                Flash_Config
                0x00000410                PROVIDE (__FLASH_CONFIG_END__, .)
                0x00000001                ASSERT (! ((__FLASH_CONFIG_START__ == __FLASH_CONFIG_END__)), Linker Flash Config Support Enabled, but no .FlashConfig section provided within application)
 *(SORT_BY_ALIGNMENT(.text*))
 .text.DbgConsole_Init
                0x00000410       0x1c ./utilities/fsl_debug_console.o
                0x00000410                DbgConsole_Init
 .text.DbgConsole_Printf
                0x0000042c       0x38 ./utilities/fsl_debug_console.o
                0x0000042c                DbgConsole_Printf
 .text.IO_Init  0x00000464       0x88 ./utilities/fsl_io.o
                0x00000464                IO_Init
 .text.IO_WaitIdle
                0x000004ec       0x34 ./utilities/fsl_io.o
                0x000004ec                IO_WaitIdle
 .text.IO_Transfer
                0x00000520       0x60 ./utilities/fsl_io.o
                0x00000520                IO_Transfer
 .text.LOG_Push
                0x00000580       0x18 ./utilities/fsl_log.o
                0x00000580                LOG_Push
 .text.LOG_ReadCharacter
                0x00000598       0x24 ./utilities/fsl_log.o
                0x00000598                LOG_ReadCharacter
 .text.StrFormatPrintf
                0x000005bc      0x520 ./utilities/fsl_str.o
                0x000005bc                StrFormatPrintf
 .text.DC27_IncrementFlag
                0x00000adc       0xa4 ./source/dc27_badge.o
                0x00000adc                DC27_IncrementFlag
 .text.DC27_PrintBadgeType
                0x00000b80       0xa0 ./source/dc27_badge.o
                0x00000b80                DC27_PrintBadgeType
 .text.DC27_ASCIIArt
                0x00000c20      0x100 ./source/dc27_badge.o
                0x00000c20                DC27_ASCIIArt
 .text.KL_Flash_Init
                0x00000d20       0xb4 ./source/dc27_badge.o
                0x00000d20                KL_Flash_Init
 .text.KL_Flash_Write
                0x00000dd4       0xb4 ./source/dc27_badge.o
                0x00000dd4                KL_Flash_Write
 .text.KL_Flash_Read
                0x00000e88       0x54 ./source/dc27_badge.o
                0x00000e88                KL_Flash_Read
 .text.KL_Sleep
                0x00000edc       0x54 ./source/dc27_badge.o
                0x00000edc                KL_Sleep
 .text.KL_GetPacket_NXH2261
                0x00000f30       0xe0 ./source/dc27_badge.o
                0x00000f30                KL_GetPacket_NXH2261
 .text.KL_LoadImage_NXH2261
                0x00001010      0x12c ./source/dc27_badge.o
                0x00001010                KL_LoadImage_NXH2261
 .text.Get_Random_Byte
                0x0000113c       0x50 ./source/dc27_badge.o
                0x0000113c                Get_Random_Byte
 .text.Print_Bits
                0x0000118c       0x2c ./source/dc27_badge.o
                0x0000118c                Print_Bits
 .text.DC27_PrintState
                0x000011b8       0xb0 ./source/dc27_badge.o
                0x000011b8                DC27_PrintState
 .text.DC27_PrintPacket
                0x00001268       0x9c ./source/dc27_badge.o
                0x00001268                DC27_PrintPacket
 .text.DC27_ProcessPacket
                0x00001304       0x34 ./source/dc27_badge.o
                0x00001304                DC27_ProcessPacket
 .text.SysTick_DelayTicks
                0x00001338       0x14 ./source/dc27_badge.o
                0x00001338                SysTick_DelayTicks
 .text.KL_Check_RX
                0x0000134c       0x74 ./source/dc27_badge.o
                0x0000134c                KL_Check_RX
 .text.KL_Piezo
                0x000013c0       0x6c ./source/dc27_badge.o
                0x000013c0                KL_Piezo
 .text.KL_Piezo_1Up
                0x0000142c       0x2c ./source/dc27_badge.o
                0x0000142c                KL_Piezo_1Up
 .text.KL_UpdatePacket_NXH2261
                0x00001458      0x128 ./source/dc27_badge.o
                0x00001458                KL_UpdatePacket_NXH2261
 .text.KL_Reset_NXH2261
                0x00001580       0x1c ./source/dc27_badge.o
                0x00001580                KL_Reset_NXH2261
 .text.KL_Program_NXH2261
                0x0000159c      0x1ac ./source/dc27_badge.o
                0x0000159c                KL_Program_NXH2261
 .text.KL_Setup_LP5569
                0x00001748      0x168 ./source/dc27_badge.o
                0x00001748                KL_Setup_LP5569
 .text.I2C_ReleaseBus
                0x000018b0       0x84 ./source/dc27_badge.o
                0x000018b0                I2C_ReleaseBus
 .text.LP5569_SetLED
                0x00001934       0x8c ./source/dc27_badge.o
                0x00001934                LP5569_SetLED
 .text.LP5569_SetLED_AllOn
                0x000019c0       0x30 ./source/dc27_badge.o
                0x000019c0                LP5569_SetLED_AllOn
 .text.LP5569_SetLED_AllOff
                0x000019f0       0x2c ./source/dc27_badge.o
                0x000019f0                LP5569_SetLED_AllOff
 .text.KL_Piezo_RickRoll
                0x00001a1c       0x8c ./source/dc27_badge.o
                0x00001a1c                KL_Piezo_RickRoll
 .text.KL_Setup_NXH2261
                0x00001aa8       0xe4 ./source/dc27_badge.o
                0x00001aa8                KL_Setup_NXH2261
 .text.KL_Error
                0x00001b8c       0x4c ./source/dc27_badge.o
                0x00001b8c                KL_Error
 .text.DC27_UpdateFlags
                0x00001bd8       0x94 ./source/dc27_badge.o
                0x00001bd8                DC27_UpdateFlags
 .text.DC27_GameInit
                0x00001c6c       0x60 ./source/dc27_badge.o
                0x00001c6c                DC27_GameInit
 .text.LP5569_RampLED
                0x00001ccc      0x140 ./source/dc27_badge.o
                0x00001ccc                LP5569_RampLED
 .text.DC27_UpdateDisplay
                0x00001e0c      0x1b4 ./source/dc27_badge.o
                0x00001e0c                DC27_UpdateDisplay
 .text.DC27_UpdateState
                0x00001fc0      0x470 ./source/dc27_badge.o
                0x00001fc0                DC27_UpdateState
 .text.DC27_InteractiveMode
                0x00002430      0x37c ./source/dc27_badge.o
                0x00002430                DC27_InteractiveMode
 .text.main     0x000027ac      0x488 ./source/dc27_badge.o
                0x000027ac                main
 .text.SysTick_Handler
                0x00002c34       0x18 ./source/dc27_badge.o
                0x00002c34                SysTick_Handler
 .text.LPUART0_IRQHandler
                0x00002c4c       0x80 ./source/dc27_badge.o
                0x00002c4c                LPUART0_IRQHandler
 .text.LPTMR0_IRQHandler
                0x00002ccc       0x1c ./source/dc27_badge.o
                0x00002ccc                LPTMR0_IRQHandler
 .text.PORTB_PORTC_PORTD_PORTE_IRQHandler
                0x00002ce8       0x34 ./source/dc27_badge.o
                0x00002ce8                PORTB_PORTC_PORTD_PORTE_IRQHandler
 .text.HardFault_Handler
                0x00002d1c       0x2c ./source/semihost_hardfault.o
                0x00002d1c                HardFault_Handler
 .text.CLOCK_GetLircClkFreq
                0x00002d48       0x34 ./drivers/fsl_clock.o
 .text.CLOCK_GetOscRangeFromFreq
                0x00002d7c       0x20 ./drivers/fsl_clock.o
 .text.CLOCK_GetOsc0ErClkFreq
                0x00002d9c       0x2c ./drivers/fsl_clock.o
                0x00002d9c                CLOCK_GetOsc0ErClkFreq
 .text.CLOCK_GetEr32kClkFreq
                0x00002dc8       0x50 ./drivers/fsl_clock.o
                0x00002dc8                CLOCK_GetEr32kClkFreq
 .text.CLOCK_SetSimConfig
                0x00002e18       0x2c ./drivers/fsl_clock.o
                0x00002e18                CLOCK_SetSimConfig
 .text.CLOCK_GetInternalRefClkFreq
                0x00002e44       0x20 ./drivers/fsl_clock.o
                0x00002e44                CLOCK_GetInternalRefClkFreq
 .text.CLOCK_GetPeriphClkFreq
                0x00002e64       0x28 ./drivers/fsl_clock.o
                0x00002e64                CLOCK_GetPeriphClkFreq
 .text.CLOCK_GetOutClkFreq
                0x00002e8c       0x50 ./drivers/fsl_clock.o
                0x00002e8c                CLOCK_GetOutClkFreq
 .text.CLOCK_GetFreq
                0x00002edc       0x74 ./drivers/fsl_clock.o
                0x00002edc                CLOCK_GetFreq
 .text.CLOCK_SetMcgliteConfig
                0x00002f50       0xac ./drivers/fsl_clock.o
                0x00002f50                CLOCK_SetMcgliteConfig
 .text.CLOCK_InitOsc0
                0x00002ffc       0x60 ./drivers/fsl_clock.o
                0x00002ffc                CLOCK_InitOsc0
 .text.FLEXIO_CommonIRQHandler
                0x0000305c       0x34 ./drivers/fsl_flexio.o
                0x0000305c                FLEXIO_CommonIRQHandler
 .text.ftfx_copy_common_bit_operation_to_ram
                0x00003090       0x10 ./drivers/fsl_ftfx_cache.o
 .text.FTFx_CACHE_Init
                0x000030a0       0x24 ./drivers/fsl_ftfx_cache.o
                0x000030a0                FTFx_CACHE_Init
 .text.FTFx_CACHE_PflashSetPrefetchSpeculation
                0x000030c4       0x58 ./drivers/fsl_ftfx_cache.o
                0x000030c4                FTFx_CACHE_PflashSetPrefetchSpeculation
 .text.mcm_flash_cache_clear
                0x0000311c       0x18 ./drivers/fsl_ftfx_cache.o
                0x0000311c                mcm_flash_cache_clear
 .text.ftfx_command_sequence
                0x00003134       0x34 ./drivers/fsl_ftfx_controller.o
 .text.ftfx_check_user_key
                0x00003168       0x14 ./drivers/fsl_ftfx_controller.o
 .text.ftfx_copy_run_command_to_ram
                0x0000317c       0x10 ./drivers/fsl_ftfx_controller.o
 .text.FTFx_API_Init
                0x0000318c       0x30 ./drivers/fsl_ftfx_controller.o
                0x0000318c                FTFx_API_Init
 .text.FTFx_CMD_Erase
                0x000031bc       0x74 ./drivers/fsl_ftfx_controller.o
                0x000031bc                FTFx_CMD_Erase
 .text.FTFx_CMD_Program
                0x00003230       0x98 ./drivers/fsl_ftfx_controller.o
                0x00003230                FTFx_CMD_Program
 .text.FTFx_CMD_VerifyProgram
                0x000032c8       0x94 ./drivers/fsl_ftfx_controller.o
                0x000032c8                FTFx_CMD_VerifyProgram
 .text.FTFx_REG_GetSecurityState
                0x0000335c       0x50 ./drivers/fsl_ftfx_controller.o
                0x0000335c                FTFx_REG_GetSecurityState
 .text.flash_calculate_mem_size
                0x000033ac       0x30 ./drivers/fsl_ftfx_flash.o
 .text.FLASH_GetProperty
                0x000033dc       0x84 ./drivers/fsl_ftfx_flash.o
                0x000033dc                FLASH_GetProperty
 .text.GPIO_GetInstance
                0x00003460       0x2c ./drivers/fsl_gpio.o
 .text.GPIO_PinInit
                0x0000348c       0x44 ./drivers/fsl_gpio.o
                0x0000348c                GPIO_PinInit
 .text.GPIO_PortGetInterruptFlags
                0x000034d0       0x1c ./drivers/fsl_gpio.o
                0x000034d0                GPIO_PortGetInterruptFlags
 .text.GPIO_PortClearInterruptFlags
                0x000034ec       0x1c ./drivers/fsl_gpio.o
                0x000034ec                GPIO_PortClearInterruptFlags
 .text.I2C_CheckAndClearError
                0x00003508       0x20 ./drivers/fsl_i2c.o
 .text.I2C_TransferCommonIRQHandler
                0x00003528       0x2c ./drivers/fsl_i2c.o
 .text.I2C_GetInstance
                0x00003554       0x2c ./drivers/fsl_i2c.o
                0x00003554                I2C_GetInstance
 .text.I2C_MasterDeinit
                0x00003580       0x34 ./drivers/fsl_i2c.o
                0x00003580                I2C_MasterDeinit
 .text.I2C_MasterSetBaudRate
                0x000035b4       0x8c ./drivers/fsl_i2c.o
                0x000035b4                I2C_MasterSetBaudRate
 .text.I2C_MasterInit
                0x00003640       0xa0 ./drivers/fsl_i2c.o
                0x00003640                I2C_MasterInit
 .text.I2C_MasterStop
                0x000036e0       0x28 ./drivers/fsl_i2c.o
                0x000036e0                I2C_MasterStop
 .text.I2C_MasterStart
                0x00003708       0x54 ./drivers/fsl_i2c.o
                0x00003708                I2C_MasterStart
 .text.I2C_MasterRepeatedStart
                0x0000375c       0x74 ./drivers/fsl_i2c.o
                0x0000375c                I2C_MasterRepeatedStart
 .text.I2C_MasterWriteBlocking
                0x000037d0       0xa4 ./drivers/fsl_i2c.o
                0x000037d0                I2C_MasterWriteBlocking
 .text.I2C_MasterReadBlocking
                0x00003874       0xb4 ./drivers/fsl_i2c.o
                0x00003874                I2C_MasterReadBlocking
 .text.I2C_MasterTransferBlocking
                0x00003928      0x1b4 ./drivers/fsl_i2c.o
                0x00003928                I2C_MasterTransferBlocking
 .text.I2C0_DriverIRQHandler
                0x00003adc       0x18 ./drivers/fsl_i2c.o
                0x00003adc                I2C0_DriverIRQHandler
 .text.I2C1_DriverIRQHandler
                0x00003af4       0x18 ./drivers/fsl_i2c.o
                0x00003af4                I2C1_DriverIRQHandler
 .text.LPTMR_GetInstance
                0x00003b0c       0x28 ./drivers/fsl_lptmr.o
 .text.LPTMR_Init
                0x00003b34       0x68 ./drivers/fsl_lptmr.o
                0x00003b34                LPTMR_Init
 .text.LPUART_GetInstance
                0x00003b9c       0x2c ./drivers/fsl_lpuart.o
                0x00003b9c                LPUART_GetInstance
 .text.LPUART_Init
                0x00003bc8      0x1bc ./drivers/fsl_lpuart.o
                0x00003bc8                LPUART_Init
 .text.LPUART_GetDefaultConfig
                0x00003d84       0x2c ./drivers/fsl_lpuart.o
                0x00003d84                LPUART_GetDefaultConfig
 .text.LPUART_ClearStatusFlags
                0x00003db0       0x48 ./drivers/fsl_lpuart.o
                0x00003db0                LPUART_ClearStatusFlags
 .text.LPUART_WriteBlocking
                0x00003df8       0x28 ./drivers/fsl_lpuart.o
                0x00003df8                LPUART_WriteBlocking
 .text.LPUART_ReadBlocking
                0x00003e20       0x88 ./drivers/fsl_lpuart.o
                0x00003e20                LPUART_ReadBlocking
 .text.LPUART0_DriverIRQHandler
                0x00003ea8       0x1c ./drivers/fsl_lpuart.o
                0x00003ea8                LPUART0_DriverIRQHandler
 .text.LPUART1_DriverIRQHandler
                0x00003ec4       0x1c ./drivers/fsl_lpuart.o
                0x00003ec4                LPUART1_DriverIRQHandler
 .text.SMC_PreEnterStopModes
                0x00003ee0       0x2c ./drivers/fsl_smc.o
                0x00003ee0                SMC_PreEnterStopModes
 .text.SMC_PostExitStopModes
                0x00003f0c       0x24 ./drivers/fsl_smc.o
                0x00003f0c                SMC_PostExitStopModes
 .text.SMC_SetPowerModeVlps
                0x00003f30       0x38 ./drivers/fsl_smc.o
                0x00003f30                SMC_SetPowerModeVlps
 .text.TPM_GetInstance
                0x00003f68       0x2c ./drivers/fsl_tpm.o
 .text.TPM_Init
                0x00003f94       0xc0 ./drivers/fsl_tpm.o
                0x00003f94                TPM_Init
 .text.TPM_SetupPwm
                0x00004054      0x11c ./drivers/fsl_tpm.o
                0x00004054                TPM_SetupPwm
 .text.TPM_UpdatePwmDutycycle
                0x00004170       0x68 ./drivers/fsl_tpm.o
                0x00004170                TPM_UpdatePwmDutycycle
 .text.UART_GetInstance
                0x000041d8       0x2c ./drivers/fsl_uart.o
                0x000041d8                UART_GetInstance
 .text.UART_Init
                0x00004204      0x120 ./drivers/fsl_uart.o
                0x00004204                UART_Init
 .text.UART_GetDefaultConfig
                0x00004324       0x24 ./drivers/fsl_uart.o
                0x00004324                UART_GetDefaultConfig
 .text.UART_ReadBlocking
                0x00004348       0x60 ./drivers/fsl_uart.o
                0x00004348                UART_ReadBlocking
 .text.BOARD_BootClockRUN
                0x000043a8       0x88 ./board/clock_config.o
                0x000043a8                BOARD_BootClockRUN
 .text.UART2_init
                0x00004430       0x1c ./board/peripherals.o
                0x00004430                UART2_init
 .text.LPUART0_init
                0x0000444c       0x40 ./board/peripherals.o
                0x0000444c                LPUART0_init
 .text.I2C0_init
                0x0000448c       0x1c ./board/peripherals.o
                0x0000448c                I2C0_init
 .text.GPIOC_init
                0x000044a8       0x10 ./board/peripherals.o
                0x000044a8                GPIOC_init
 .text.TPM0_init
                0x000044b8       0x3c ./board/peripherals.o
                0x000044b8                TPM0_init
 .text.LPTMR0_init
                0x000044f4       0x30 ./board/peripherals.o
                0x000044f4                LPTMR0_init
 .text.BOARD_InitPins
                0x00004524      0x1c0 ./board/pin_mux.o
                0x00004524                BOARD_InitPins
 .text.SystemInit
                0x000046e4       0x2c ./CMSIS/system_MKL27Z644.o
                0x000046e4                SystemInit
 .text.__assertion_failed
                0x00004710       0x4c c:/nxp/mcuxpressoide_10.2.1_795/ide/tools/bin/../lib/gcc/arm-none-eabi/7.2.1/../../../../arm-none-eabi/lib/thumb/v6-m\libcr_nohost.a(_cr_assert.o)
                0x00004710                __assertion_failed
 .text._deferredlazyseek
                0x0000475c       0x40 c:/nxp/mcuxpressoide_10.2.1_795/ide/tools/bin/../lib/gcc/arm-none-eabi/7.2.1/../../../../arm-none-eabi/lib/thumb/v6-m\libcr_c.a(_deferredlazyseek.o)
                0x0000475c                _deferredlazyseek
 .text.__flsbuf
                0x0000479c      0x14c c:/nxp/mcuxpressoide_10.2.1_795/ide/tools/bin/../lib/gcc/arm-none-eabi/7.2.1/../../../../arm-none-eabi/lib/thumb/v6-m\libcr_c.a(_deferredlazyseek.o)
                0x0000479c                __flsbuf
 .text._fflush  0x000048e8       0x5c c:/nxp/mcuxpressoide_10.2.1_795/ide/tools/bin/../lib/gcc/arm-none-eabi/7.2.1/../../../../arm-none-eabi/lib/thumb/v6-m\libcr_c.a(_fflush.o)
                0x000048e8                _fflush
 .text._Cwritebuf
                0x00004944       0x68 c:/nxp/mcuxpressoide_10.2.1_795/ide/tools/bin/../lib/gcc/arm-none-eabi/7.2.1/../../../../arm-none-eabi/lib/thumb/v6-m\libcr_c.a(_writebuf.o)
                0x00004944                _Cwritebuf
 .text.malloc   0x000049ac       0xcc c:/nxp/mcuxpressoide_10.2.1_795/ide/tools/bin/../lib/gcc/arm-none-eabi/7.2.1/../../../../arm-none-eabi/lib/thumb/v6-m\libcr_c.a(alloc.o)
                0x000049ac                malloc
 .text._Csys_alloc
                0x00004a78       0x20 c:/nxp/mcuxpressoide_10.2.1_795/ide/tools/bin/../lib/gcc/arm-none-eabi/7.2.1/../../../../arm-none-eabi/lib/thumb/v6-m\libcr_c.a(alloc.o)
                0x00004a78                _Csys_alloc
 .text.fseek    0x00004a98       0xf0 c:/nxp/mcuxpressoide_10.2.1_795/ide/tools/bin/../lib/gcc/arm-none-eabi/7.2.1/../../../../arm-none-eabi/lib/thumb/v6-m\libcr_c.a(fseek.o)
                0x00004a98                fseek
 .text.ftell    0x00004b88       0x48 c:/nxp/mcuxpressoide_10.2.1_795/ide/tools/bin/../lib/gcc/arm-none-eabi/7.2.1/../../../../arm-none-eabi/lib/thumb/v6-m\libcr_c.a(ftell.o)
                0x00004b88                ftell
 .text._initio  0x00004bd0       0x7c c:/nxp/mcuxpressoide_10.2.1_795/ide/tools/bin/../lib/gcc/arm-none-eabi/7.2.1/../../../../arm-none-eabi/lib/thumb/v6-m\libcr_c.a(initio.o)
                0x00004bd0                _initio
 .text.ch_val   0x00004c4c       0x30 c:/nxp/mcuxpressoide_10.2.1_795/ide/tools/bin/../lib/gcc/arm-none-eabi/7.2.1/../../../../arm-none-eabi/lib/thumb/v6-m\libcr_c.a(scanf.o)
 .text._strtoul
                0x00004c7c       0xcc c:/nxp/mcuxpressoide_10.2.1_795/ide/tools/bin/../lib/gcc/arm-none-eabi/7.2.1/../../../../arm-none-eabi/lib/thumb/v6-m\libcr_c.a(scanf.o)
 .text.cr_rd_int
                0x00004d48      0x1c4 c:/nxp/mcuxpressoide_10.2.1_795/ide/tools/bin/../lib/gcc/arm-none-eabi/7.2.1/../../../../arm-none-eabi/lib/thumb/v6-m\libcr_c.a(scanf.o)
 .text.vfscanf  0x00004f0c      0x944 c:/nxp/mcuxpressoide_10.2.1_795/ide/tools/bin/../lib/gcc/arm-none-eabi/7.2.1/../../../../arm-none-eabi/lib/thumb/v6-m\libcr_c.a(scanf.o)
                0x00004f0c                vfscanf
 .text.strtoul  0x00005850       0x8c c:/nxp/mcuxpressoide_10.2.1_795/ide/tools/bin/../lib/gcc/arm-none-eabi/7.2.1/../../../../arm-none-eabi/lib/thumb/v6-m\libcr_c.a(scanf.o)
                0x00005850                strtoul
 .text.setvbuf  0x000058dc       0x48 c:/nxp/mcuxpressoide_10.2.1_795/ide/tools/bin/../lib/gcc/arm-none-eabi/7.2.1/../../../../arm-none-eabi/lib/thumb/v6-m\libcr_c.a(setvbuf.o)
                0x000058dc                setvbuf
 .text.strcpy   0x00005924       0x44 c:/nxp/mcuxpressoide_10.2.1_795/ide/tools/bin/../lib/gcc/arm-none-eabi/7.2.1/../../../../arm-none-eabi/lib/thumb/v6-m\libcr_c.a(strcpy.o)
                0x00005924                strcpy
 .text.strlen   0x00005968       0x58 c:/nxp/mcuxpressoide_10.2.1_795/ide/tools/bin/../lib/gcc/arm-none-eabi/7.2.1/../../../../arm-none-eabi/lib/thumb/v6-m\libcr_c.a(strlen.o)
                0x00005968                strlen
 .text.ungetc   0x000059c0       0x38 c:/nxp/mcuxpressoide_10.2.1_795/ide/tools/bin/../lib/gcc/arm-none-eabi/7.2.1/../../../../arm-none-eabi/lib/thumb/v6-m\libcr_c.a(ungetc.o)
                0x000059c0                ungetc
 .text.__filbuf
                0x000059f8      0x188 c:/nxp/mcuxpressoide_10.2.1_795/ide/tools/bin/../lib/gcc/arm-none-eabi/7.2.1/../../../../arm-none-eabi/lib/thumb/v6-m\libcr_c.a(__fillbuf.o)
                0x000059f8                __filbuf
 .text._sbrk    0x00005b80       0x40 c:/nxp/mcuxpressoide_10.2.1_795/ide/tools/bin/../lib/gcc/arm-none-eabi/7.2.1/../../../../arm-none-eabi/lib/thumb/v6-m\libcr_c.a(_cr_sbrk.o)
                0x00005b80                _sbrk
 .text._fdopen  0x00005bc0       0x74 c:/nxp/mcuxpressoide_10.2.1_795/ide/tools/bin/../lib/gcc/arm-none-eabi/7.2.1/../../../../arm-none-eabi/lib/thumb/v6-m\libcr_c.a(_fdopen.o)
                0x00005bc0                _fdopen
 .text._frexpl  0x00005c34       0x80 c:/nxp/mcuxpressoide_10.2.1_795/ide/tools/bin/../lib/gcc/arm-none-eabi/7.2.1/../../../../arm-none-eabi/lib/thumb/v6-m\libcr_c.a(_frexpl.o)
                0x00005c34                _frexpl
 .text._ldexpl  0x00005cb4       0x58 c:/nxp/mcuxpressoide_10.2.1_795/ide/tools/bin/../lib/gcc/arm-none-eabi/7.2.1/../../../../arm-none-eabi/lib/thumb/v6-m\libcr_c.a(_ldexpl.o)
                0x00005cb4                _ldexpl
 .text.fclose   0x00005d0c       0x5c c:/nxp/mcuxpressoide_10.2.1_795/ide/tools/bin/../lib/gcc/arm-none-eabi/7.2.1/../../../../arm-none-eabi/lib/thumb/v6-m\libcr_c.a(fclose.o)
                0x00005d0c                fclose
 .text.fflush   0x00005d68       0x44 c:/nxp/mcuxpressoide_10.2.1_795/ide/tools/bin/../lib/gcc/arm-none-eabi/7.2.1/../../../../arm-none-eabi/lib/thumb/v6-m\libcr_c.a(fflush.o)
                0x00005d68                fflush
 .text.__check_heap_overflow
                0x00005dac       0x14 c:/nxp/mcuxpressoide_10.2.1_795/ide/tools/bin/../lib/gcc/arm-none-eabi/7.2.1/../../../../arm-none-eabi/lib/thumb/v6-m\libcr_c.a(_cr_check_heap.o)
                0x00005dac                __check_heap_overflow
 .text._do_fflush
                0x00005dc0       0x44 c:/nxp/mcuxpressoide_10.2.1_795/ide/tools/bin/../lib/gcc/arm-none-eabi/7.2.1/../../../../arm-none-eabi/lib/thumb/v6-m\libcr_c.a(_do_fflush.o)
                0x00005dc0                _do_fflush
 .text.__aeabi_dmul
                0x00005e04      0x184 c:/nxp/mcuxpressoide_10.2.1_795/ide/tools/bin/../lib/gcc/arm-none-eabi/7.2.1/thumb/v6-m\libcr_eabihelpers.a(double.o)
                0x00005e04                __aeabi_dmul
 .text.__aeabi_ddiv
                0x00005f88      0x148 c:/nxp/mcuxpressoide_10.2.1_795/ide/tools/bin/../lib/gcc/arm-none-eabi/7.2.1/thumb/v6-m\libcr_eabihelpers.a(double.o)
                0x00005f88                __aeabi_ddiv
 .text.__aeabi_dsub
                0x000060d0      0x1bc c:/nxp/mcuxpressoide_10.2.1_795/ide/tools/bin/../lib/gcc/arm-none-eabi/7.2.1/thumb/v6-m\libcr_eabihelpers.a(double.o)
                0x000060d0                __aeabi_dsub
 .text.__aeabi_dadd
                0x0000628c      0x128 c:/nxp/mcuxpressoide_10.2.1_795/ide/tools/bin/../lib/gcc/arm-none-eabi/7.2.1/thumb/v6-m\libcr_eabihelpers.a(double.o)
                0x0000628c                __aeabi_dadd
 .text.__aeabi_d2f
                0x000063b4       0x60 c:/nxp/mcuxpressoide_10.2.1_795/ide/tools/bin/../lib/gcc/arm-none-eabi/7.2.1/thumb/v6-m\libcr_eabihelpers.a(double.o)
                0x000063b4                __aeabi_d2f
 .text.__aeabi_dcmpeq
                0x00006414       0x30 c:/nxp/mcuxpressoide_10.2.1_795/ide/tools/bin/../lib/gcc/arm-none-eabi/7.2.1/thumb/v6-m\libcr_eabihelpers.a(double.o)
                0x00006414                __aeabi_dcmpeq
 .text.__aeabi_dcmpge
                0x00006444       0x60 c:/nxp/mcuxpressoide_10.2.1_795/ide/tools/bin/../lib/gcc/arm-none-eabi/7.2.1/thumb/v6-m\libcr_eabihelpers.a(double.o)
                0x00006444                __aeabi_dcmpge
 .text.DbgConsole_RelocateLog
                0x000064a4       0x3e ./utilities/fsl_debug_console.o
 .text.DbgConsole_Flush
                0x000064e2        0x8 ./utilities/fsl_debug_console.o
                0x000064e2                DbgConsole_Flush
 .text.DbgConsole_Getchar
                0x000064ea       0x14 ./utilities/fsl_debug_console.o
                0x000064ea                DbgConsole_Getchar
 .text.LOG_ReadOneCharacter
                0x000064fe       0x14 ./utilities/fsl_log.o
 .text.LOG_Init
                0x00006512       0x1e ./utilities/fsl_log.o
                0x00006512                LOG_Init
 .text.LOG_WaitIdle
                0x00006530        0xa ./utilities/fsl_log.o
                0x00006530                LOG_WaitIdle
 .text.LOG_Pop  0x0000653a       0x1a ./utilities/fsl_log.o
                0x0000653a                LOG_Pop
 .text.ConvertRadixNumToString
                0x00006554      0x110 ./utilities/fsl_str.o
 .text.I2C_WriteRegister
                0x00006664       0x40 ./source/dc27_badge.o
                0x00006664                I2C_WriteRegister
 .text.I2C_ReadBulk
                0x000066a4       0x3e ./source/dc27_badge.o
                0x000066a4                I2C_ReadBulk
 .text.I2C_WriteBulk
                0x000066e2       0x3c ./source/dc27_badge.o
                0x000066e2                I2C_WriteBulk
 .text.Reorder_Array
                0x0000671e       0x36 ./source/dc27_badge.o
                0x0000671e                Reorder_Array
 .text.LP5569_SetLED_D
                0x00006754       0x36 ./source/dc27_badge.o
                0x00006754                LP5569_SetLED_D
 .text.LP5569_SetLED_E
                0x0000678a       0x36 ./source/dc27_badge.o
                0x0000678a                LP5569_SetLED_E
 .text.LP5569_SetLED_F
                0x000067c0       0x36 ./source/dc27_badge.o
                0x000067c0                LP5569_SetLED_F
 .text.LP5569_SetLED_C
                0x000067f6       0x36 ./source/dc27_badge.o
                0x000067f6                LP5569_SetLED_C
 .text.LP5569_SetLED_O
                0x0000682c       0x36 ./source/dc27_badge.o
                0x0000682c                LP5569_SetLED_O
 .text.LP5569_SetLED_N
                0x00006862       0x36 ./source/dc27_badge.o
                0x00006862                LP5569_SetLED_N
 .text.UART2_FLEXIO_DriverIRQHandler
                0x00006898        0x8 ./drivers/fsl_flexio.o
                0x00006898                UART2_FLEXIO_DriverIRQHandler
 .text.FTFx_CACHE_ClearCachePrefetchSpeculation
                0x000068a0       0x10 ./drivers/fsl_ftfx_cache.o
                0x000068a0                FTFx_CACHE_ClearCachePrefetchSpeculation
 .text.ftfx_init_ifr
                0x000068b0       0x3a ./drivers/fsl_ftfx_controller.o
 .text.ftfx_check_mem_range
                0x000068ea       0x36 ./drivers/fsl_ftfx_controller.o
 .text.ftfx_read_word_from_byte_address
                0x00006920       0x24 ./drivers/fsl_ftfx_controller.o
 .text.flash_init_features
                0x00006944       0x28 ./drivers/fsl_ftfx_flash.o
 .text.flash_calculate_prot_segment_size
                0x0000696c       0x14 ./drivers/fsl_ftfx_flash.o
 .text.flash_check_range_to_get_index
                0x00006980       0x4c ./drivers/fsl_ftfx_flash.o
 .text.flash_convert_start_address
                0x000069cc       0x2c ./drivers/fsl_ftfx_flash.o
 .text.FLASH_Init
                0x000069f8      0x16c ./drivers/fsl_ftfx_flash.o
                0x000069f8                FLASH_Init
 .text.FLASH_Erase
                0x00006b64       0x4a ./drivers/fsl_ftfx_flash.o
                0x00006b64                FLASH_Erase
 .text.FLASH_Program
                0x00006bae       0x4c ./drivers/fsl_ftfx_flash.o
                0x00006bae                FLASH_Program
 .text.FLASH_VerifyProgram
                0x00006bfa       0x66 ./drivers/fsl_ftfx_flash.o
                0x00006bfa                FLASH_VerifyProgram
 .text.FLASH_GetSecurityState
                0x00006c60        0x8 ./drivers/fsl_ftfx_flash.o
                0x00006c60                FLASH_GetSecurityState
 .text.I2C_MasterGetStatusFlags
                0x00006c68       0x20 ./drivers/fsl_i2c.o
                0x00006c68                I2C_MasterGetStatusFlags
 .text.LPUART_EnableInterrupts
                0x00006c88       0x1c ./drivers/fsl_lpuart.o
                0x00006c88                LPUART_EnableInterrupts
 .text.LPUART_GetStatusFlags
                0x00006ca4        0x4 ./drivers/fsl_lpuart.o
                0x00006ca4                LPUART_GetStatusFlags
 .text.UART_GetStatusFlags
                0x00006ca8        0xa ./drivers/fsl_uart.o
                0x00006ca8                UART_GetStatusFlags
 .text.UART_WriteBlocking
                0x00006cb2       0x1c ./drivers/fsl_uart.o
                0x00006cb2                UART_WriteBlocking
 .text.BOARD_InitBootClocks
                0x00006cce        0x8 ./board/clock_config.o
                0x00006cce                BOARD_InitBootClocks
 .text.BOARD_InitPeripherals
                0x00006cd6       0x1c ./board/peripherals.o
                0x00006cd6                BOARD_InitPeripherals
 .text.BOARD_InitBootPeripherals
                0x00006cf2        0x8 ./board/peripherals.o
                0x00006cf2                BOARD_InitBootPeripherals
 .text.BOARD_InitBootPins
                0x00006cfa        0x8 ./board/pin_mux.o
                0x00006cfa                BOARD_InitBootPins
 .text.SystemInitHook
                0x00006d02        0x2 ./CMSIS/system_MKL27Z644.o
                0x00006d02                SystemInitHook
 .text.__main   0x00006d04        0xc c:/nxp/mcuxpressoide_10.2.1_795/ide/tools/bin/../lib/gcc/arm-none-eabi/7.2.1/../../../../arm-none-eabi/lib/thumb/v6-m\libcr_nohost.a(_cr__main.o)
                0x00006d04                __main
 .text.__sys_appexit
                0x00006d10        0x2 c:/nxp/mcuxpressoide_10.2.1_795/ide/tools/bin/../lib/gcc/arm-none-eabi/7.2.1/../../../../arm-none-eabi/lib/thumb/v6-m\libcr_nohost.a(__sys_appexit.o)
                0x00006d10                __sys_appexit
                0x00006d10                __exit
 .text.memcpy   0x00006d12        0x8 c:/nxp/mcuxpressoide_10.2.1_795/ide/tools/bin/../lib/gcc/arm-none-eabi/7.2.1/../../../../arm-none-eabi/lib/thumb/v6-m\libcr_c.a(memcpy.o)
                0x00006d12                memcpy
 .text.memset   0x00006d1a        0x8 c:/nxp/mcuxpressoide_10.2.1_795/ide/tools/bin/../lib/gcc/arm-none-eabi/7.2.1/../../../../arm-none-eabi/lib/thumb/v6-m\libcr_c.a(memset.o)
                0x00006d1a                memset
 .text.free     0x00006d22       0x2c c:/nxp/mcuxpressoide_10.2.1_795/ide/tools/bin/../lib/gcc/arm-none-eabi/7.2.1/../../../../arm-none-eabi/lib/thumb/v6-m\libcr_c.a(alloc.o)
                0x00006d22                free
 .text.fputs    0x00006d4e       0x2e c:/nxp/mcuxpressoide_10.2.1_795/ide/tools/bin/../lib/gcc/arm-none-eabi/7.2.1/../../../../arm-none-eabi/lib/thumb/v6-m\libcr_c.a(fputs.o)
                0x00006d4e                fputs
 .text.sscanf   0x00006d7c       0x3c c:/nxp/mcuxpressoide_10.2.1_795/ide/tools/bin/../lib/gcc/arm-none-eabi/7.2.1/../../../../arm-none-eabi/lib/thumb/v6-m\libcr_c.a(scanf.o)
                0x00006d7c                sscanf
 .text._Csys_read_
                0x00006db8       0x24 c:/nxp/mcuxpressoide_10.2.1_795/ide/tools/bin/../lib/gcc/arm-none-eabi/7.2.1/../../../../arm-none-eabi/lib/thumb/v6-m\libcr_c.a(__fillbuf.o)
                0x00006db8                _Csys_read_
 .text.remove   0x00006ddc       0x12 c:/nxp/mcuxpressoide_10.2.1_795/ide/tools/bin/../lib/gcc/arm-none-eabi/7.2.1/../../../../arm-none-eabi/lib/thumb/v6-m\libcr_c.a(remove.o)
                0x00006ddc                remove
 .text.__aeabi_division_idivmod
                0x00006dee       0x78 c:/nxp/mcuxpressoide_10.2.1_795/ide/tools/bin/../lib/gcc/arm-none-eabi/7.2.1/thumb/v6-m\libcr_eabihelpers.a(division_32.o)
                0x00006dee                __aeabi_idivmod
                0x00006dee                __aeabi_idiv
                0x00006df4                __aeabi_uidivmod
                0x00006df4                __aeabi_uidiv
 .text.__aeabi_division_uldivmod
                0x00006e66       0x5a c:/nxp/mcuxpressoide_10.2.1_795/ide/tools/bin/../lib/gcc/arm-none-eabi/7.2.1/thumb/v6-m\libcr_eabihelpers.a(division_64.o)
                0x00006e66                __aeabi_uldivmod
 .text.__aeabi_division_ldivmod
                0x00006ec0       0x32 c:/nxp/mcuxpressoide_10.2.1_795/ide/tools/bin/../lib/gcc/arm-none-eabi/7.2.1/thumb/v6-m\libcr_eabihelpers.a(division_64.o)
                0x00006ec0                __aeabi_ldivmod
 .text.__aeabi_division_idiv0
                0x00006ef2        0x2 c:/nxp/mcuxpressoide_10.2.1_795/ide/tools/bin/../lib/gcc/arm-none-eabi/7.2.1/thumb/v6-m\libcr_eabihelpers.a(division_idiv0.o)
                0x00006ef2                __aeabi_idiv0
 .text.__bhs_ui2d
                0x00006ef4       0x5e c:/nxp/mcuxpressoide_10.2.1_795/ide/tools/bin/../lib/gcc/arm-none-eabi/7.2.1/thumb/v6-m\libcr_eabihelpers.a(double.o)
                0x00006ef4                __bhs_ui2d
 .text.__aeabi_i2d
                0x00006f52       0x18 c:/nxp/mcuxpressoide_10.2.1_795/ide/tools/bin/../lib/gcc/arm-none-eabi/7.2.1/thumb/v6-m\libcr_eabihelpers.a(double.o)
                0x00006f52                __aeabi_i2d
 .text.__aeabi_llong_lmul
                0x00006f6a       0x2e c:/nxp/mcuxpressoide_10.2.1_795/ide/tools/bin/../lib/gcc/arm-none-eabi/7.2.1/thumb/v6-m\libcr_eabihelpers.a(llong.o)
                0x00006f6a                __aeabi_lmul
 .text.__aeabi_memcpy
                0x00006f98       0x2c c:/nxp/mcuxpressoide_10.2.1_795/ide/tools/bin/../lib/gcc/arm-none-eabi/7.2.1/thumb/v6-m\libcr_eabihelpers.a(memcpy.o)
                0x00006f98                __aeabi_memcpy4
                0x00006f98                __aeabi_memcpy8
                0x00006f98                __aeabi_memcpy
 .text.__aeabi_memset_lowlevel
                0x00006fc4       0x2a c:/nxp/mcuxpressoide_10.2.1_795/ide/tools/bin/../lib/gcc/arm-none-eabi/7.2.1/thumb/v6-m\libcr_eabihelpers.a(memcpy.o)
                0x00006fc4                __aeabi_lowlevel_memset
 .text.__sys_close
                0x00006fee        0x6 c:/nxp/mcuxpressoide_10.2.1_795/ide/tools/bin/../lib/gcc/arm-none-eabi/7.2.1/../../../../arm-none-eabi/lib/thumb/v6-m\libcr_nohost.a(__sys_close.o)
                0x00006fee                __sys_close
 .text.__sys_flen
                0x00006ff4        0x6 c:/nxp/mcuxpressoide_10.2.1_795/ide/tools/bin/../lib/gcc/arm-none-eabi/7.2.1/../../../../arm-none-eabi/lib/thumb/v6-m\libcr_nohost.a(__sys_flen.o)
                0x00006ff4                __sys_flen
 .text.__sys_istty
                0x00006ffa        0x6 c:/nxp/mcuxpressoide_10.2.1_795/ide/tools/bin/../lib/gcc/arm-none-eabi/7.2.1/../../../../arm-none-eabi/lib/thumb/v6-m\libcr_nohost.a(__sys_istty.o)
                0x00006ffa                __sys_istty
 .text.__sys_read
                0x00007000        0x4 c:/nxp/mcuxpressoide_10.2.1_795/ide/tools/bin/../lib/gcc/arm-none-eabi/7.2.1/../../../../arm-none-eabi/lib/thumb/v6-m\libcr_nohost.a(__sys_read.o)
                0x00007000                __sys_read
 .text.__sys_readc
                0x00007004        0x6 c:/nxp/mcuxpressoide_10.2.1_795/ide/tools/bin/../lib/gcc/arm-none-eabi/7.2.1/../../../../arm-none-eabi/lib/thumb/v6-m\libcr_nohost.a(__sys_readc.o)
                0x00007004                __sys_readc
                0x00007004                __readc
 .text.__sys_remove
                0x0000700a        0x6 c:/nxp/mcuxpressoide_10.2.1_795/ide/tools/bin/../lib/gcc/arm-none-eabi/7.2.1/../../../../arm-none-eabi/lib/thumb/v6-m\libcr_nohost.a(__sys_remove.o)
                0x0000700a                __sys_remove
 .text.__sys_seek
                0x00007010        0x6 c:/nxp/mcuxpressoide_10.2.1_795/ide/tools/bin/../lib/gcc/arm-none-eabi/7.2.1/../../../../arm-none-eabi/lib/thumb/v6-m\libcr_nohost.a(__sys_seek.o)
                0x00007010                __sys_seek
 .text.__sys_tmpnam
                0x00007016        0x6 c:/nxp/mcuxpressoide_10.2.1_795/ide/tools/bin/../lib/gcc/arm-none-eabi/7.2.1/../../../../arm-none-eabi/lib/thumb/v6-m\libcr_nohost.a(__sys_tmpnam.o)
                0x00007016                __sys_tmpnam
 .text.__sys_write
                0x0000701c        0x4 c:/nxp/mcuxpressoide_10.2.1_795/ide/tools/bin/../lib/gcc/arm-none-eabi/7.2.1/../../../../arm-none-eabi/lib/thumb/v6-m\libcr_nohost.a(__sys_write.o)
                0x0000701c                __sys_write
 *(SORT_BY_ALIGNMENT(.rodata) SORT_BY_ALIGNMENT(.rodata.*) SORT_BY_ALIGNMENT(.constdata) SORT_BY_ALIGNMENT(.constdata.*))
 .rodata.__huge_vall
                0x00007020        0x8 c:/nxp/mcuxpressoide_10.2.1_795/ide/tools/bin/../lib/gcc/arm-none-eabi/7.2.1/../../../../arm-none-eabi/lib/thumb/v6-m\libcr_c.a(_hugeval.o)
                0x00007020                __huge_vall
 .rodata.DbgConsole_Init.str1.4
                0x00007028       0x50 ./utilities/fsl_debug_console.o
 .rodata.IO_Init.str1.4
                0x00007078       0x27 ./utilities/fsl_io.o
 *fill*         0x0000709f        0x1 ff
 .rodata.LOG_Push.str1.4
                0x000070a0       0x29 ./utilities/fsl_log.o
 *fill*         0x000070c9        0x3 ff
 .rodata.LOG_ReadCharacter.str1.4
                0x000070cc       0x28 ./utilities/fsl_log.o
 .rodata.StrFormatPrintf
                0x000070f4       0x44 ./utilities/fsl_str.o
 .rodata.DC27_IncrementFlag
                0x00007138       0x20 ./source/dc27_badge.o
 .rodata.DC27_PrintBadgeType
                0x00007158       0x28 ./source/dc27_badge.o
 .rodata.DC27_PrintState
                0x00007180       0x20 ./source/dc27_badge.o
 .rodata.LP5569_RampLED
                0x000071a0       0x38 ./source/dc27_badge.o
 .rodata.DC27_UpdateDisplay
                0x000071d8       0x3c ./source/dc27_badge.o
 .rodata.DC27_UpdateState
                0x00007214       0x60 ./source/dc27_badge.o
 .rodata.DC27_InteractiveMode
                0x00007274       0xdc ./source/dc27_badge.o
 .rodata.main   0x00007350       0x28 ./source/dc27_badge.o
 .rodata        0x00007378       0x16 ./source/dc27_badge.o
 *fill*         0x0000738e        0x2 ff
 .rodata.ART_DATA
                0x00007390       0xe4 ./source/dc27_badge.o
                0x00007390                ART_DATA
 .rodata.DC27_ASCIIArt.str1.4
                0x00007474        0x7 ./source/dc27_badge.o
                                  0xa (size before relaxing)
 *fill*         0x0000747b        0x1 ff
 .rodata.DC27_InteractiveMode.str1.4
                0x0000747c       0xb3 ./source/dc27_badge.o
 *fill*         0x0000752f        0x1 ff
 .rodata.DC27_PrintBadgeType.str1.4
                0x00007530       0x54 ./source/dc27_badge.o
                                 0x57 (size before relaxing)
 .rodata.DC27_PrintPacket.str1.4
                0x00007584       0x7e ./source/dc27_badge.o
 *fill*         0x00007602        0x2 ff
 .rodata.DC27_PrintState.str1.4
                0x00007604       0x4e ./source/dc27_badge.o
 *fill*         0x00007652        0x2 ff
 .rodata.DC27_UpdateFlags.str1.4
                0x00007654       0x19 ./source/dc27_badge.o
 *fill*         0x0000766d        0x3 ff
 .rodata.KL_Flash_Init.str1.4
                0x00007670       0x43 ./source/dc27_badge.o
 *fill*         0x000076b3        0x1 ff
 .rodata.KL_Piezo_RickRoll.str1.4
                0x000076b4        0x3 ./source/dc27_badge.o
 *fill*         0x000076b7        0x1 ff
 .rodata.KL_Program_NXH2261.str1.4
                0x000076b8       0xae ./source/dc27_badge.o
                                 0xba (size before relaxing)
 *fill*         0x00007766        0x2 ff
 .rodata.KL_Setup_NXH2261.str1.4
                0x00007768       0x2a ./source/dc27_badge.o
 *fill*         0x00007792        0x2 ff
 .rodata.KL_UpdatePacket_NXH2261.str1.4
                0x00007794       0x1d ./source/dc27_badge.o
 *fill*         0x000077b1        0x3 ff
 .rodata.LP5569_SetLED.str1.4
                0x000077b4       0x15 ./source/dc27_badge.o
 *fill*         0x000077c9        0x3 ff
 .rodata.NxH2281Eep
                0x000077cc     0x515c ./source/dc27_badge.o
                0x000077cc                NxH2281Eep
 .rodata.Print_Bits.str1.4
                0x0000c928        0x6 ./source/dc27_badge.o
 *fill*         0x0000c92e        0x2 ff
 .rodata.command_prompt
                0x0000c930        0x5 ./source/dc27_badge.o
                0x0000c930                command_prompt
 *fill*         0x0000c935        0x3 ff
 .rodata.main.str1.4
                0x0000c938      0x159 ./source/dc27_badge.o
 *fill*         0x0000ca91        0x3 ff
 .rodata.menu_banner
                0x0000ca94       0x99 ./source/dc27_badge.o
                0x0000ca94                menu_banner
 *fill*         0x0000cb2d        0x3 ff
 .rodata.menu_banner_complete
                0x0000cb30       0x6a ./source/dc27_badge.o
                0x0000cb30                menu_banner_complete
 *fill*         0x0000cb9a        0x2 ff
 .rodata.msg_init_complete
                0x0000cb9c       0x1e ./source/dc27_badge.o
                0x0000cb9c                msg_init_complete
 *fill*         0x0000cbba        0x2 ff
 .rodata.msg_init_start
                0x0000cbbc       0x1e ./source/dc27_badge.o
                0x0000cbbc                msg_init_start
 *fill*         0x0000cbda        0x2 ff
 .rodata.msg_interactive_exit
                0x0000cbdc       0x21 ./source/dc27_badge.o
                0x0000cbdc                msg_interactive_exit
 *fill*         0x0000cbfd        0x3 ff
 .rodata.msg_interactive_mode
                0x0000cc00       0x39 ./source/dc27_badge.o
                0x0000cc00                msg_interactive_mode
 *fill*         0x0000cc39        0x3 ff
 .rodata.msg_nfmi_packet_err
                0x0000cc3c       0x20 ./source/dc27_badge.o
                0x0000cc3c                msg_nfmi_packet_err
 .rodata.msg_version
                0x0000cc5c       0x62 ./source/dc27_badge.o
                0x0000cc5c                msg_version
 *fill*         0x0000ccbe        0x2 ff
 .rodata.msg_welcome
                0x0000ccc0       0x30 ./source/dc27_badge.o
                0x0000ccc0                msg_welcome
 .rodata.str1.4
                0x0000ccf0       0xa9 ./source/dc27_badge.o
                                 0xad (size before relaxing)
 *fill*         0x0000cd99        0x3 ff
 .rodata.tune_1up
                0x0000cd9c       0x48 ./source/dc27_badge.o
                0x0000cd9c                tune_1up
 .rodata.tune_rickroll_chorus
                0x0000cde4      0x2c4 ./source/dc27_badge.o
                0x0000cde4                tune_rickroll_chorus
 .rodata.CLOCK_GetFreq
                0x0000d0a8       0x50 ./drivers/fsl_clock.o
 .rodata.CLOCK_GetEr32kClkFreq.str1.4
                0x0000d0f8       0x2a ./drivers/fsl_clock.o
 *fill*         0x0000d122        0x2 ff
 .rodata.CLOCK_GetOsc0ErClkFreq.str1.4
                0x0000d124       0x29 ./drivers/fsl_clock.o
 *fill*         0x0000d14d        0x3 ff
 .rodata.CLOCK_GetOutClkFreq.str1.4
                0x0000d150       0x29 ./drivers/fsl_clock.o
 *fill*         0x0000d179        0x3 ff
 .rodata.CLOCK_SetMcgliteConfig.str1.4
                0x0000d17c       0x2a ./drivers/fsl_clock.o
 *fill*         0x0000d1a6        0x2 ff
 .rodata.lircFreqs.5147
                0x0000d1a8        0x8 ./drivers/fsl_clock.o
 .rodata.s_ftfxCommonBitOperationFunctionCode
                0x0000d1b0       0x1c ./drivers/fsl_ftfx_cache.o
 .rodata.s_ftfxRunCommandFunctionCode
                0x0000d1cc        0xc ./drivers/fsl_ftfx_controller.o
 .rodata.FLASH_GetProperty
                0x0000d1d8       0x88 ./drivers/fsl_ftfx_flash.o
 .rodata.kPFlashDensities
                0x0000d260       0x1e ./drivers/fsl_ftfx_flash.o
 *fill*         0x0000d27e        0x2 ff
 .rodata.GPIO_GetInstance.str1.4
                0x0000d280       0x3e ./drivers/fsl_gpio.o
 *fill*         0x0000d2be        0x2 ff
 .rodata.GPIO_PinInit.str1.4
                0x0000d2c0       0x23 ./drivers/fsl_gpio.o
 *fill*         0x0000d2e3        0x1 ff
 .rodata.s_gpioBases
                0x0000d2e4       0x14 ./drivers/fsl_gpio.o
 .rodata.s_portBases
                0x0000d2f8       0x14 ./drivers/fsl_gpio.o
 .rodata.I2C_GetInstance.str1.4
                0x0000d30c       0x3d ./drivers/fsl_i2c.o
 *fill*         0x0000d349        0x3 ff
 .rodata.I2C_MasterInit.str1.4
                0x0000d34c       0x37 ./drivers/fsl_i2c.o
 *fill*         0x0000d383        0x1 ff
 .rodata.I2C_MasterTransferBlocking.str1.4
                0x0000d384       0x21 ./drivers/fsl_i2c.o
 *fill*         0x0000d3a5        0x3 ff
 .rodata.s_i2cBases
                0x0000d3a8        0x8 ./drivers/fsl_i2c.o
                0x0000d3a8                s_i2cBases
 .rodata.s_i2cClocks
                0x0000d3b0        0x8 ./drivers/fsl_i2c.o
 .rodata.s_i2cDividerTable
                0x0000d3b8       0x80 ./drivers/fsl_i2c.o
 .rodata.LPTMR_GetInstance.str1.4
                0x0000d438       0x40 ./drivers/fsl_lptmr.o
 .rodata.LPTMR_Init.str1.4
                0x0000d478       0x24 ./drivers/fsl_lptmr.o
 .rodata.LPUART_GetDefaultConfig.str1.4
                0x0000d49c       0x25 ./drivers/fsl_lpuart.o
 *fill*         0x0000d4c1        0x3 ff
 .rodata.LPUART_GetInstance.str1.4
                0x0000d4c4       0x43 ./drivers/fsl_lpuart.o
 *fill*         0x0000d507        0x1 ff
 .rodata.LPUART_Init.str1.4
                0x0000d508       0x5b ./drivers/fsl_lpuart.o
 *fill*         0x0000d563        0x1 ff
 .rodata.LPUART_ReadBlocking.str1.4
                0x0000d564       0x23 ./drivers/fsl_lpuart.o
 *fill*         0x0000d587        0x1 ff
 .rodata.LPUART_WriteBlocking.str1.4
                0x0000d588       0x23 ./drivers/fsl_lpuart.o
 *fill*         0x0000d5ab        0x1 ff
 .rodata.s_lpuartBases
                0x0000d5ac        0x8 ./drivers/fsl_lpuart.o
 .rodata.s_lpuartClock
                0x0000d5b4        0x8 ./drivers/fsl_lpuart.o
 .rodata        0x0000d5bc        0x2 ./drivers/fsl_smc.o
 *fill*         0x0000d5be        0x2 ff
 .rodata.TPM_GetInstance.str1.4
                0x0000d5c0       0x33 ./drivers/fsl_tpm.o
 *fill*         0x0000d5f3        0x1 ff
 .rodata.TPM_Init.str1.4
                0x0000d5f4       0x21 ./drivers/fsl_tpm.o
 *fill*         0x0000d615        0x3 ff
 .rodata.TPM_SetupPwm.str1.4
                0x0000d618       0x9f ./drivers/fsl_tpm.o
 *fill*         0x0000d6b7        0x1 ff
 .rodata.TPM_UpdatePwmDutycycle.str1.4
                0x0000d6b8       0x4d ./drivers/fsl_tpm.o
 *fill*         0x0000d705        0x3 ff
 .rodata.s_tpmBases
                0x0000d708        0xc ./drivers/fsl_tpm.o
 .rodata.s_tpmClocks
                0x0000d714        0xc ./drivers/fsl_tpm.o
 .rodata.UART_GetDefaultConfig.str1.4
                0x0000d720       0x23 ./drivers/fsl_uart.o
 *fill*         0x0000d743        0x1 ff
 .rodata.UART_GetInstance.str1.4
                0x0000d744       0x36 ./drivers/fsl_uart.o
 *fill*         0x0000d77a        0x2 ff
 .rodata.UART_Init.str1.4
                0x0000d77c       0x55 ./drivers/fsl_uart.o
 *fill*         0x0000d7d1        0x3 ff
 .rodata.UART_ReadBlocking.str1.4
                0x0000d7d4       0x24 ./drivers/fsl_uart.o
                                 0x21 (size before relaxing)
 .rodata.s_uartBases
                0x0000d7f8        0xc ./drivers/fsl_uart.o
 .rodata.s_uartClock
                0x0000d804        0xc ./drivers/fsl_uart.o
 .rodata.mcgliteConfig_BOARD_BootClockRUN
                0x0000d810        0x6 ./board/clock_config.o
                0x0000d810                mcgliteConfig_BOARD_BootClockRUN
 *fill*         0x0000d816        0x2 ff
 .rodata.oscConfig_BOARD_BootClockRUN
                0x0000d818        0x8 ./board/clock_config.o
                0x0000d818                oscConfig_BOARD_BootClockRUN
 .rodata.simConfig_BOARD_BootClockRUN
                0x0000d820        0x8 ./board/clock_config.o
                0x0000d820                simConfig_BOARD_BootClockRUN
 .rodata.I2C0_config
                0x0000d828        0xc ./board/peripherals.o
                0x0000d828                I2C0_config
 .rodata.LPTMR0_config
                0x0000d834        0x7 ./board/peripherals.o
                0x0000d834                LPTMR0_config
 *fill*         0x0000d83b        0x1 ff
 .rodata.LPUART0_config
                0x0000d83c        0xc ./board/peripherals.o
                0x0000d83c                LPUART0_config
 .rodata.TPM0_config
                0x0000d848        0xa ./board/peripherals.o
                0x0000d848                TPM0_config
 *fill*         0x0000d852        0x2 ff
 .rodata.TPM0_pwmSignalParams
                0x0000d854        0x3 ./board/peripherals.o
                0x0000d854                TPM0_pwmSignalParams
 *fill*         0x0000d857        0x1 ff
 .rodata.UART2_config
                0x0000d858        0x8 ./board/peripherals.o
                0x0000d858                UART2_config
 .rodata.__num_Ciob_streams
                0x0000d860        0x4 c:/nxp/mcuxpressoide_10.2.1_795/ide/tools/bin/../lib/gcc/arm-none-eabi/7.2.1/../../../../arm-none-eabi/lib/thumb/v6-m\libcr_nohost.a(__ciob.o)
                0x0000d860                __num_Ciob_streams
 .rodata.__assertion_failed.str1.1
                0x0000d864       0x15 c:/nxp/mcuxpressoide_10.2.1_795/ide/tools/bin/../lib/gcc/arm-none-eabi/7.2.1/../../../../arm-none-eabi/lib/thumb/v6-m\libcr_nohost.a(_cr_assert.o)
 .rodata._Csys_alloc.str1.1
                0x0000d879       0x18 c:/nxp/mcuxpressoide_10.2.1_795/ide/tools/bin/../lib/gcc/arm-none-eabi/7.2.1/../../../../arm-none-eabi/lib/thumb/v6-m\libcr_c.a(alloc.o)
 .rodata._initio.str1.1
                0x0000d891        0x4 c:/nxp/mcuxpressoide_10.2.1_795/ide/tools/bin/../lib/gcc/arm-none-eabi/7.2.1/../../../../arm-none-eabi/lib/thumb/v6-m\libcr_c.a(initio.o)
 .rodata.__ctype
                0x0000d895      0x180 c:/nxp/mcuxpressoide_10.2.1_795/ide/tools/bin/../lib/gcc/arm-none-eabi/7.2.1/../../../../arm-none-eabi/lib/thumb/v6-m\libcr_c.a(ctype.o)
                0x0000d895                __ctype
                0x0000da18                . = ALIGN (0x4)
 *fill*         0x0000da15        0x3 ff

.glue_7         0x0000da18        0x0
 .glue_7        0x0000da18        0x0 linker stubs

.glue_7t        0x0000da18        0x0
 .glue_7t       0x0000da18        0x0 linker stubs

.vfp11_veneer   0x0000da18        0x0
 .vfp11_veneer  0x0000da18        0x0 linker stubs

.v4_bx          0x0000da18        0x0
 .v4_bx         0x0000da18        0x0 linker stubs

.iplt           0x0000da18        0x0
 .iplt          0x0000da18        0x0 ./utilities/fsl_debug_console.o

.rel.dyn        0x0000da18        0x0
 .rel.iplt      0x0000da18        0x0 ./utilities/fsl_debug_console.o

.ARM.extab
 *(SORT_BY_ALIGNMENT(.ARM.extab*) SORT_BY_ALIGNMENT(.gnu.linkonce.armextab.*))
                0x0000da18                __exidx_start = .

.ARM.exidx
 *(SORT_BY_ALIGNMENT(.ARM.exidx*) SORT_BY_ALIGNMENT(.gnu.linkonce.armexidx.*))
                0x0000da18                __exidx_end = .
                0x0000da18                _etext = .

.m_usb_data
 *(SORT_BY_ALIGNMENT(m_usb_bdt))

.mtb_buffer_RAM2
 *(SORT_BY_ALIGNMENT(.mtb.$RAM2*))
 *(SORT_BY_ALIGNMENT(.mtb.$USB_RAM*))

.data_RAM2      0x400fe000        0x0 load address 0x0000da18
 FILL mask 0xff
                [!provide]                PROVIDE (__start_data_RAM2, .)
 *(SORT_BY_ALIGNMENT(.ramfunc.$RAM2))
 *(SORT_BY_ALIGNMENT(.ramfunc.$USB_RAM))
 *(SORT_BY_ALIGNMENT(.data.$RAM2*))
 *(SORT_BY_ALIGNMENT(.data.$USB_RAM*))
                0x400fe000                . = ALIGN (0x4)
                [!provide]                PROVIDE (__end_data_RAM2, .)

.mtb_buffer_default
                0x1ffff000       0x80
 *(SORT_BY_ALIGNMENT(.mtb*))
 .mtb.$RAM1     0x1ffff000       0x80 ./source/mtb.o
                0x1ffff000                __mtb_buffer__

.uninit_RESERVED
                0x1ffff080        0x0
 *(SORT_BY_ALIGNMENT(.bss.$RESERVED*))
                0x1ffff080                . = ALIGN (0x4)
                0x1ffff080                _end_uninit_RESERVED = .

.data           0x1ffff080       0xfc load address 0x0000da18
 FILL mask 0xff
                0x1ffff080                _data = .
 *(SORT_BY_ALIGNMENT(vtable))
 *(SORT_BY_ALIGNMENT(.ramfunc*))
 *(SORT_BY_ALIGNMENT(.data*))
 .data.b.7073   0x1ffff080        0x4 ./source/dc27_badge.o
 .data.tune_rickroll_chorus_lyrics
                0x1ffff084       0xec ./source/dc27_badge.o
                0x1ffff084                tune_rickroll_chorus_lyrics
 .data.SystemCoreClock
                0x1ffff170        0x4 ./CMSIS/system_MKL27Z644.o
                0x1ffff170                SystemCoreClock
 .data.neginf.4365
                0x1ffff174        0x4 c:/nxp/mcuxpressoide_10.2.1_795/ide/tools/bin/../lib/gcc/arm-none-eabi/7.2.1/../../../../arm-none-eabi/lib/thumb/v6-m\libcr_c.a(scanf.o)
 .data.posinf.4364
                0x1ffff178        0x4 c:/nxp/mcuxpressoide_10.2.1_795/ide/tools/bin/../lib/gcc/arm-none-eabi/7.2.1/../../../../arm-none-eabi/lib/thumb/v6-m\libcr_c.a(scanf.o)
                0x1ffff17c                . = ALIGN (0x4)
                0x1ffff17c                _edata = .

.igot.plt       0x1ffff17c        0x0 load address 0x0000db14
 .igot.plt      0x1ffff17c        0x0 ./utilities/fsl_debug_console.o

.bss_RAM2       0x400fe000        0x0
                [!provide]                PROVIDE (__start_bss_RAM2, .)
 *(SORT_BY_ALIGNMENT(.bss.$RAM2*))
 *(SORT_BY_ALIGNMENT(.bss.$USB_RAM*))
                0x400fe000                . = ALIGN ((. != 0x0)?0x4:0x1)
                [!provide]                PROVIDE (__end_bss_RAM2, .)

.bss            0x1ffff17c      0xb6c
                0x1ffff17c                _bss = .
 *(SORT_BY_ALIGNMENT(.bss*))
 .bss.s_debugConsoleIO
                0x1ffff17c        0x8 ./utilities/fsl_io.o
 .bss.g_systickCounter
                0x1ffff184        0x4 ./source/dc27_badge.o
                0x1ffff184                g_systickCounter
 .bss.i.7095    0x1ffff188        0x4 ./source/dc27_badge.o
 .bss.i.7454    0x1ffff18c        0x4 ./source/dc27_badge.o
 .bss.i.7461    0x1ffff190        0x4 ./source/dc27_badge.o
 .bss.j.7096    0x1ffff194        0x4 ./source/dc27_badge.o
 .bss.j.7156    0x1ffff198        0x4 ./source/dc27_badge.o
 .bss.j.7486    0x1ffff19c        0x4 ./source/dc27_badge.o
 .bss.nxhRingBuffer
                0x1ffff1a0      0x800 ./source/dc27_badge.o
 .bss.nxhRxPacket
                0x1ffff9a0        0x8 ./source/dc27_badge.o
 .bss.nxhTxPacket
                0x1ffff9a8        0x8 ./source/dc27_badge.o
 .bss.pflashBlockBase
                0x1ffff9b0        0x4 ./source/dc27_badge.o
 .bss.pflashSectorSize
                0x1ffff9b4        0x4 ./source/dc27_badge.o
 .bss.pflashTotalSize
                0x1ffff9b8        0x4 ./source/dc27_badge.o
 .bss.s_cacheDriver
                0x1ffff9bc        0x8 ./source/dc27_badge.o
 .bss.s_flashDriver
                0x1ffff9c4       0x64 ./source/dc27_badge.o
 .bss.g_xtal0Freq
                0x1ffffa28        0x4 ./drivers/fsl_clock.o
                0x1ffffa28                g_xtal0Freq
 .bss.g_xtal32Freq
                0x1ffffa2c        0x4 ./drivers/fsl_clock.o
                0x1ffffa2c                g_xtal32Freq
 .bss.s_flexioHandle
                0x1ffffa30        0x8 ./drivers/fsl_flexio.o
 .bss.s_flexioIsr
                0x1ffffa38        0x8 ./drivers/fsl_flexio.o
 .bss.s_flexioType
                0x1ffffa40        0x8 ./drivers/fsl_flexio.o
 .bss.s_ftfxCommonBitOperation
                0x1ffffa48       0x40 ./drivers/fsl_ftfx_cache.o
 .bss.s_ftfxRunCommand
                0x1ffffa88       0x40 ./drivers/fsl_ftfx_controller.o
 .bss.s_i2cHandle
                0x1ffffac8        0x8 ./drivers/fsl_i2c.o
 .bss.s_i2cMasterIsr
                0x1ffffad0        0x4 ./drivers/fsl_i2c.o
 .bss.s_i2cSlaveIsr
                0x1ffffad4        0x4 ./drivers/fsl_i2c.o
 .bss.s_lpuartHandle
                0x1ffffad8        0x8 ./drivers/fsl_lpuart.o
 .bss.s_lpuartIsr
                0x1ffffae0        0x4 ./drivers/fsl_lpuart.o
 .bss.g_savedPrimask
                0x1ffffae4        0x4 ./drivers/fsl_smc.o
 .bss.__Ciob    0x1ffffae8      0x1e0 c:/nxp/mcuxpressoide_10.2.1_795/ide/tools/bin/../lib/gcc/arm-none-eabi/7.2.1/../../../../arm-none-eabi/lib/thumb/v6-m\libcr_nohost.a(__ciob.o)
                0x1ffffae8                __Ciob
 .bss.__end_of_heap
                0x1ffffcc8        0x4 c:/nxp/mcuxpressoide_10.2.1_795/ide/tools/bin/../lib/gcc/arm-none-eabi/7.2.1/../../../../arm-none-eabi/lib/thumb/v6-m\libcr_c.a(__init_alloc.o)
                0x1ffffcc8                __end_of_heap
 .bss.__heaps   0x1ffffccc        0x4 c:/nxp/mcuxpressoide_10.2.1_795/ide/tools/bin/../lib/gcc/arm-none-eabi/7.2.1/../../../../arm-none-eabi/lib/thumb/v6-m\libcr_c.a(__init_alloc.o)
                0x1ffffccc                __heaps
 .bss.errno     0x1ffffcd0        0x4 c:/nxp/mcuxpressoide_10.2.1_795/ide/tools/bin/../lib/gcc/arm-none-eabi/7.2.1/../../../../arm-none-eabi/lib/thumb/v6-m\libcr_c.a(errno.o)
                0x1ffffcd0                errno
 .bss.nxhRxIndex
                0x1ffffcd4        0x2 ./source/dc27_badge.o
 .bss.nxhTxIndex
                0x1ffffcd6        0x2 ./source/dc27_badge.o
 .bss.LP5569_Control
                0x1ffffcd8        0x1 ./source/dc27_badge.o
                0x1ffffcd8                LP5569_Control
 .bss.LP5569_Current
                0x1ffffcd9        0x1 ./source/dc27_badge.o
                0x1ffffcd9                LP5569_Current
 .bss.LP5569_PWM
                0x1ffffcda        0x1 ./source/dc27_badge.o
                0x1ffffcda                LP5569_PWM
 .bss.attract_state
                0x1ffffcdb        0x1 ./source/dc27_badge.o
 .bss.badge_state
                0x1ffffcdc        0x1 ./source/dc27_badge.o
 .bss.badge_type
                0x1ffffcdd        0x1 ./source/dc27_badge.o
 .bss.g_lptmrFlag
                0x1ffffcde        0x1 ./source/dc27_badge.o
                0x1ffffcde                g_lptmrFlag
 .bss.g_newRx   0x1ffffcdf        0x1 ./source/dc27_badge.o
                0x1ffffcdf                g_newRx
 .bss.g_nxhDetect
                0x1ffffce0        0x1 ./source/dc27_badge.o
                0x1ffffce0                g_nxhDetect
 .bss.g_oldRx   0x1ffffce1        0x1 ./source/dc27_badge.o
                0x1ffffce1                g_oldRx
 .bss.g_random  0x1ffffce2        0x1 ./source/dc27_badge.o
                0x1ffffce2                g_random
 .bss.game_flags
                0x1ffffce3        0x1 ./source/dc27_badge.o
 .bss.group_flags
                0x1ffffce4        0x1 ./source/dc27_badge.o
 *(SORT_BY_ALIGNMENT(COMMON))
                0x1ffffce8                . = ALIGN (0x4)
 *fill*         0x1ffffce5        0x3 
                0x1ffffce8                _ebss = .
                [!provide]                PROVIDE (end, .)

.noinit_RAM2    0x400fe000        0x0
 *(SORT_BY_ALIGNMENT(.noinit.$RAM2*))
 *(SORT_BY_ALIGNMENT(.noinit.$USB_RAM*))
                0x400fe000                . = ALIGN (0x4)

.noinit         0x1ffffce8        0x0
                0x1ffffce8                _noinit = .
 *(SORT_BY_ALIGNMENT(.noinit*))
                0x1ffffce8                . = ALIGN (0x4)
                0x1ffffce8                _end_noinit = .
                0x00000400                _HeapSize = 0x400

.heap           0x1ffffce8      0x400
                0x1ffffce8                _pvHeapStart = .
                0x200000e8                . = (. + _HeapSize)
 *fill*         0x1ffffce8      0x400 
                0x200000e8                . = ALIGN (0x4)
                0x200000e8                _pvHeapLimit = .
                0x00000400                _StackSize = 0x400

.heap2stackfill
                0x200000e8      0x400
                0x200004e8                . = (. + _StackSize)
 *fill*         0x200000e8      0x400 

.stack          0x20002c00        0x0
                0x20002c00                _vStackBase = .
                0x20002c00                . = ALIGN (0x4)
                0x20003000                _vStackTop = (. + _StackSize)
                0x00000000                _image_start = LOADADDR (.text)
                0x0000db14                _image_end = (LOADADDR (.data) + SIZEOF (.data))
                0x0000db14                _image_size = (_image_end - _image_start)
OUTPUT(dc27_badge.axf elf32-littlearm)

.debug_info     0x00000000    0x19483
 .debug_info    0x00000000      0x529 ./utilities/fsl_debug_console.o
 .debug_info    0x00000529      0xc76 ./utilities/fsl_io.o
 .debug_info    0x0000119f      0x466 ./utilities/fsl_log.o
 .debug_info    0x00001605      0xa2a ./utilities/fsl_str.o
 .debug_info    0x0000202f      0x63d ./startup/startup_mkl27z644.o
 .debug_info    0x0000266c     0x642e ./source/dc27_badge.o
 .debug_info    0x00008a9a       0x52 ./source/mtb.o
 .debug_info    0x00008aec       0x3b ./source/semihost_hardfault.o
 .debug_info    0x00008b27     0x12ce ./drivers/fsl_clock.o
 .debug_info    0x00009df5     0x1145 ./drivers/fsl_flexio.o
 .debug_info    0x0000af3a      0x6c7 ./drivers/fsl_ftfx_cache.o
 .debug_info    0x0000b601     0x14cf ./drivers/fsl_ftfx_controller.o
 .debug_info    0x0000cad0     0x175b ./drivers/fsl_ftfx_flash.o
 .debug_info    0x0000e22b      0x902 ./drivers/fsl_gpio.o
 .debug_info    0x0000eb2d     0x2314 ./drivers/fsl_i2c.o
 .debug_info    0x00010e41      0x630 ./drivers/fsl_lptmr.o
 .debug_info    0x00011471     0x1bbb ./drivers/fsl_lpuart.o
 .debug_info    0x0001302c      0xa6b ./drivers/fsl_smc.o
 .debug_info    0x00013a97      0xe3e ./drivers/fsl_tpm.o
 .debug_info    0x000148d5     0x1bfc ./drivers/fsl_uart.o
 .debug_info    0x000164d1      0x8aa ./board/clock_config.o
 .debug_info    0x00016d7b     0x15f5 ./board/peripherals.o
 .debug_info    0x00018370      0xd1a ./board/pin_mux.o
 .debug_info    0x0001908a      0x3f9 ./CMSIS/system_MKL27Z644.o

.debug_abbrev   0x00000000     0x3976
 .debug_abbrev  0x00000000      0x1be ./utilities/fsl_debug_console.o
 .debug_abbrev  0x000001be      0x272 ./utilities/fsl_io.o
 .debug_abbrev  0x00000430      0x196 ./utilities/fsl_log.o
 .debug_abbrev  0x000005c6      0x23c ./utilities/fsl_str.o
 .debug_abbrev  0x00000802      0x13b ./startup/startup_mkl27z644.o
 .debug_abbrev  0x0000093d      0x447 ./source/dc27_badge.o
 .debug_abbrev  0x00000d84       0x44 ./source/mtb.o
 .debug_abbrev  0x00000dc8       0x2f ./source/semihost_hardfault.o
 .debug_abbrev  0x00000df7      0x352 ./drivers/fsl_clock.o
 .debug_abbrev  0x00001149      0x2ad ./drivers/fsl_flexio.o
 .debug_abbrev  0x000013f6      0x212 ./drivers/fsl_ftfx_cache.o
 .debug_abbrev  0x00001608      0x2b7 ./drivers/fsl_ftfx_controller.o
 .debug_abbrev  0x000018bf      0x322 ./drivers/fsl_ftfx_flash.o
 .debug_abbrev  0x00001be1      0x245 ./drivers/fsl_gpio.o
 .debug_abbrev  0x00001e26      0x402 ./drivers/fsl_i2c.o
 .debug_abbrev  0x00002228      0x20a ./drivers/fsl_lptmr.o
 .debug_abbrev  0x00002432      0x3a8 ./drivers/fsl_lpuart.o
 .debug_abbrev  0x000027da      0x2a4 ./drivers/fsl_smc.o
 .debug_abbrev  0x00002a7e      0x2f9 ./drivers/fsl_tpm.o
 .debug_abbrev  0x00002d77      0x3e2 ./drivers/fsl_uart.o
 .debug_abbrev  0x00003159      0x1da ./board/clock_config.o
 .debug_abbrev  0x00003333      0x2d3 ./board/peripherals.o
 .debug_abbrev  0x00003606      0x211 ./board/pin_mux.o
 .debug_abbrev  0x00003817      0x15f ./CMSIS/system_MKL27Z644.o

.debug_loc      0x00000000     0xcea6
 .debug_loc     0x00000000      0x21f ./utilities/fsl_debug_console.o
 .debug_loc     0x0000021f      0x425 ./utilities/fsl_io.o
 .debug_loc     0x00000644      0x2ed ./utilities/fsl_log.o
 .debug_loc     0x00000931     0x1076 ./utilities/fsl_str.o
 .debug_loc     0x000019a7      0x1cc ./startup/startup_mkl27z644.o
 .debug_loc     0x00001b73     0x1779 ./source/dc27_badge.o
 .debug_loc     0x000032ec      0x3c2 ./drivers/fsl_clock.o
 .debug_loc     0x000036ae      0x609 ./drivers/fsl_flexio.o
 .debug_loc     0x00003cb7      0x1b9 ./drivers/fsl_ftfx_cache.o
 .debug_loc     0x00003e70     0x135f ./drivers/fsl_ftfx_controller.o
 .debug_loc     0x000051cf     0x127e ./drivers/fsl_ftfx_flash.o
 .debug_loc     0x0000644d      0x446 ./drivers/fsl_gpio.o
 .debug_loc     0x00006893     0x2331 ./drivers/fsl_i2c.o
 .debug_loc     0x00008bc4      0x17f ./drivers/fsl_lptmr.o
 .debug_loc     0x00008d43     0x17c3 ./drivers/fsl_lpuart.o
 .debug_loc     0x0000a506      0x2e7 ./drivers/fsl_smc.o
 .debug_loc     0x0000a7ed      0x872 ./drivers/fsl_tpm.o
 .debug_loc     0x0000b05f     0x16b1 ./drivers/fsl_uart.o
 .debug_loc     0x0000c710       0x52 ./board/clock_config.o
 .debug_loc     0x0000c762       0xa4 ./board/peripherals.o
 .debug_loc     0x0000c806      0x660 ./board/pin_mux.o
 .debug_loc     0x0000ce66       0x40 ./CMSIS/system_MKL27Z644.o

.debug_aranges  0x00000000      0xd10
 .debug_aranges
                0x00000000       0x58 ./utilities/fsl_debug_console.o
 .debug_aranges
                0x00000058       0x38 ./utilities/fsl_io.o
 .debug_aranges
                0x00000090       0x58 ./utilities/fsl_log.o
 .debug_aranges
                0x000000e8       0x38 ./utilities/fsl_str.o
 .debug_aranges
                0x00000120      0x160 ./startup/startup_mkl27z644.o
 .debug_aranges
                0x00000280      0x1b0 ./source/dc27_badge.o
 .debug_aranges
                0x00000430       0x18 ./source/mtb.o
 .debug_aranges
                0x00000448       0x20 ./source/semihost_hardfault.o
 .debug_aranges
                0x00000468       0xa8 ./drivers/fsl_clock.o
 .debug_aranges
                0x00000510       0x98 ./drivers/fsl_flexio.o
 .debug_aranges
                0x000005a8       0x48 ./drivers/fsl_ftfx_cache.o
 .debug_aranges
                0x000005f0       0xd0 ./drivers/fsl_ftfx_controller.o
 .debug_aranges
                0x000006c0       0xc0 ./drivers/fsl_ftfx_flash.o
 .debug_aranges
                0x00000780       0x58 ./drivers/fsl_gpio.o
 .debug_aranges
                0x000007d8      0x138 ./drivers/fsl_i2c.o
 .debug_aranges
                0x00000910       0x38 ./drivers/fsl_lptmr.o
 .debug_aranges
                0x00000948      0x100 ./drivers/fsl_lpuart.o
 .debug_aranges
                0x00000a48       0x78 ./drivers/fsl_smc.o
 .debug_aranges
                0x00000ac0       0x78 ./drivers/fsl_tpm.o
 .debug_aranges
                0x00000b38      0x100 ./drivers/fsl_uart.o
 .debug_aranges
                0x00000c38       0x28 ./board/clock_config.o
 .debug_aranges
                0x00000c60       0x58 ./board/peripherals.o
 .debug_aranges
                0x00000cb8       0x28 ./board/pin_mux.o
 .debug_aranges
                0x00000ce0       0x30 ./CMSIS/system_MKL27Z644.o

.debug_ranges   0x00000000      0xcf8
 .debug_ranges  0x00000000       0x48 ./utilities/fsl_debug_console.o
 .debug_ranges  0x00000048       0x28 ./utilities/fsl_io.o
 .debug_ranges  0x00000070       0x48 ./utilities/fsl_log.o
 .debug_ranges  0x000000b8       0x28 ./utilities/fsl_str.o
 .debug_ranges  0x000000e0      0x150 ./startup/startup_mkl27z644.o
 .debug_ranges  0x00000230      0x1a0 ./source/dc27_badge.o
 .debug_ranges  0x000003d0       0x10 ./source/semihost_hardfault.o
 .debug_ranges  0x000003e0       0x98 ./drivers/fsl_clock.o
 .debug_ranges  0x00000478       0x88 ./drivers/fsl_flexio.o
 .debug_ranges  0x00000500       0x38 ./drivers/fsl_ftfx_cache.o
 .debug_ranges  0x00000538      0x108 ./drivers/fsl_ftfx_controller.o
 .debug_ranges  0x00000640      0x160 ./drivers/fsl_ftfx_flash.o
 .debug_ranges  0x000007a0       0x78 ./drivers/fsl_gpio.o
 .debug_ranges  0x00000818      0x170 ./drivers/fsl_i2c.o
 .debug_ranges  0x00000988       0x28 ./drivers/fsl_lptmr.o
 .debug_ranges  0x000009b0       0xf0 ./drivers/fsl_lpuart.o
 .debug_ranges  0x00000aa0       0x68 ./drivers/fsl_smc.o
 .debug_ranges  0x00000b08       0x68 ./drivers/fsl_tpm.o
 .debug_ranges  0x00000b70       0xf0 ./drivers/fsl_uart.o
 .debug_ranges  0x00000c60       0x18 ./board/clock_config.o
 .debug_ranges  0x00000c78       0x48 ./board/peripherals.o
 .debug_ranges  0x00000cc0       0x18 ./board/pin_mux.o
 .debug_ranges  0x00000cd8       0x20 ./CMSIS/system_MKL27Z644.o

.debug_macro    0x00000000     0x2bb1
 .debug_macro   0x00000000      0x126 ./utilities/fsl_debug_console.o
 .debug_macro   0x00000126       0x16 ./utilities/fsl_debug_console.o
 .debug_macro   0x0000013c       0x10 ./utilities/fsl_debug_console.o
 .debug_macro   0x0000014c       0x28 ./utilities/fsl_debug_console.o
 .debug_macro   0x00000174       0x16 ./utilities/fsl_debug_console.o
 .debug_macro   0x0000018a       0x1c ./utilities/fsl_debug_console.o
 .debug_macro   0x000001a6       0x42 ./utilities/fsl_debug_console.o
 .debug_macro   0x000001e8      0x123 ./utilities/fsl_io.o
 .debug_macro   0x0000030b       0x10 ./utilities/fsl_io.o
 .debug_macro   0x0000031b       0x10 ./utilities/fsl_io.o
 .debug_macro   0x0000032b      0x147 ./utilities/fsl_log.o
 .debug_macro   0x00000472      0x117 ./utilities/fsl_str.o
 .debug_macro   0x00000589       0xc4 ./utilities/fsl_str.o
 .debug_macro   0x0000064d       0x1c ./utilities/fsl_str.o
 .debug_macro   0x00000669       0x23 ./startup/startup_mkl27z644.o
 .debug_macro   0x0000068c      0x86a ./source/dc27_badge.o
 .debug_macro   0x00000ef6       0xd8 ./source/dc27_badge.o
 .debug_macro   0x00000fce       0x10 ./source/dc27_badge.o
 .debug_macro   0x00000fde       0x16 ./source/dc27_badge.o
 .debug_macro   0x00000ff4       0x10 ./source/dc27_badge.o
 .debug_macro   0x00001004       0x16 ./source/dc27_badge.o
 .debug_macro   0x0000101a       0x10 ./source/dc27_badge.o
 .debug_macro   0x0000102a       0x10 ./source/dc27_badge.o
 .debug_macro   0x0000103a       0x9a ./source/dc27_badge.o
 .debug_macro   0x000010d4      0x43e ./source/dc27_badge.o
 .debug_macro   0x00001512       0x16 ./source/dc27_badge.o
 .debug_macro   0x00001528       0x10 ./source/dc27_badge.o
 .debug_macro   0x00001538      0x26a ./source/dc27_badge.o
 .debug_macro   0x000017a2       0x2e ./source/dc27_badge.o
 .debug_macro   0x000017d0       0x7c ./source/dc27_badge.o
 .debug_macro   0x0000184c       0x10 ./source/dc27_badge.o
 .debug_macro   0x0000185c       0x1c ./source/dc27_badge.o
 .debug_macro   0x00001878       0x2f ./source/mtb.o
 .debug_macro   0x000018a7       0x82 ./source/mtb.o
 .debug_macro   0x00001929       0x10 ./source/mtb.o
 .debug_macro   0x00001939       0x11 ./source/semihost_hardfault.o
 .debug_macro   0x0000194a      0x134 ./drivers/fsl_clock.o
 .debug_macro   0x00001a7e      0x10d ./drivers/fsl_flexio.o
 .debug_macro   0x00001b8b       0x1c ./drivers/fsl_flexio.o
 .debug_macro   0x00001ba7      0x15c ./drivers/fsl_ftfx_cache.o
 .debug_macro   0x00001d03       0x16 ./drivers/fsl_ftfx_cache.o
 .debug_macro   0x00001d19      0x1a0 ./drivers/fsl_ftfx_controller.o
 .debug_macro   0x00001eb9      0x131 ./drivers/fsl_ftfx_flash.o
 .debug_macro   0x00001fea       0x16 ./drivers/fsl_ftfx_flash.o
 .debug_macro   0x00002000      0x108 ./drivers/fsl_gpio.o
 .debug_macro   0x00002108      0x107 ./drivers/fsl_i2c.o
 .debug_macro   0x0000220f       0x10 ./drivers/fsl_i2c.o
 .debug_macro   0x0000221f      0x108 ./drivers/fsl_lptmr.o
 .debug_macro   0x00002327      0x108 ./drivers/fsl_lpuart.o
 .debug_macro   0x0000242f      0x155 ./drivers/fsl_smc.o
 .debug_macro   0x00002584      0x10e ./drivers/fsl_tpm.o
 .debug_macro   0x00002692      0x10e ./drivers/fsl_uart.o
 .debug_macro   0x000027a0      0x119 ./board/clock_config.o
 .debug_macro   0x000028b9       0x10 ./board/clock_config.o
 .debug_macro   0x000028c9      0x144 ./board/peripherals.o
 .debug_macro   0x00002a0d      0x10d ./board/pin_mux.o
 .debug_macro   0x00002b1a       0x97 ./CMSIS/system_MKL27Z644.o

.debug_line     0x00000000     0x695e
 .debug_line    0x00000000      0x31b ./utilities/fsl_debug_console.o
 .debug_line    0x0000031b      0x2e9 ./utilities/fsl_io.o
 .debug_line    0x00000604      0x30e ./utilities/fsl_log.o
 .debug_line    0x00000912      0x607 ./utilities/fsl_str.o
 .debug_line    0x00000f19      0x12b ./startup/startup_mkl27z644.o
 .debug_line    0x00001044     0x1088 ./source/dc27_badge.o
 .debug_line    0x000020cc       0x95 ./source/mtb.o
 .debug_line    0x00002161       0x50 ./source/semihost_hardfault.o
 .debug_line    0x000021b1      0x41f ./drivers/fsl_clock.o
 .debug_line    0x000025d0      0x3f2 ./drivers/fsl_flexio.o
 .debug_line    0x000029c2      0x303 ./drivers/fsl_ftfx_cache.o
 .debug_line    0x00002cc5      0x5d6 ./drivers/fsl_ftfx_controller.o
 .debug_line    0x0000329b      0x5c0 ./drivers/fsl_ftfx_flash.o
 .debug_line    0x0000385b      0x2ea ./drivers/fsl_gpio.o
 .debug_line    0x00003b45      0xac3 ./drivers/fsl_i2c.o
 .debug_line    0x00004608      0x288 ./drivers/fsl_lptmr.o
 .debug_line    0x00004890      0x6e8 ./drivers/fsl_lpuart.o
 .debug_line    0x00004f78      0x491 ./drivers/fsl_smc.o
 .debug_line    0x00005409      0x477 ./drivers/fsl_tpm.o
 .debug_line    0x00005880      0x6f3 ./drivers/fsl_uart.o
 .debug_line    0x00005f73      0x252 ./board/clock_config.o
 .debug_line    0x000061c5      0x32a ./board/peripherals.o
 .debug_line    0x000064ef      0x29b ./board/pin_mux.o
 .debug_line    0x0000678a      0x1d4 ./CMSIS/system_MKL27Z644.o

.debug_str      0x00000000    0x41bea
 .debug_str     0x00000000    0x33671 ./utilities/fsl_debug_console.o
                              0x338cf (size before relaxing)
 .debug_str     0x00033671      0xdba ./utilities/fsl_io.o
                              0x34503 (size before relaxing)
 .debug_str     0x0003442b      0x18f ./utilities/fsl_log.o
                              0x33882 (size before relaxing)
 .debug_str     0x000345ba      0x7a4 ./utilities/fsl_str.o
                              0x33e1d (size before relaxing)
 .debug_str     0x00034d5e      0x3fe ./startup/startup_mkl27z644.o
                               0x315e (size before relaxing)
 .debug_str     0x0003515c     0x760e ./source/dc27_badge.o
                              0x3b92b (size before relaxing)
 .debug_str     0x0003c76a      0x532 ./source/mtb.o
                               0x3239 (size before relaxing)
 .debug_str     0x0003cc9c       0x1f ./source/semihost_hardfault.o
                               0x2d26 (size before relaxing)
 .debug_str     0x0003ccbb      0x92e ./drivers/fsl_clock.o
                              0x34882 (size before relaxing)
 .debug_str     0x0003d5e9     0x12f3 ./drivers/fsl_flexio.o
                              0x34fb9 (size before relaxing)
 .debug_str     0x0003e8dc      0x359 ./drivers/fsl_ftfx_cache.o
                              0x35669 (size before relaxing)
 .debug_str     0x0003ec35      0x79d ./drivers/fsl_ftfx_controller.o
                              0x35e03 (size before relaxing)
 .debug_str     0x0003f3d2      0x546 ./drivers/fsl_ftfx_flash.o
                              0x35d0e (size before relaxing)
 .debug_str     0x0003f918       0xf6 ./drivers/fsl_gpio.o
                              0x33c04 (size before relaxing)
 .debug_str     0x0003fa0e      0xa53 ./drivers/fsl_i2c.o
                              0x34b42 (size before relaxing)
 .debug_str     0x00040461       0x9d ./drivers/fsl_lptmr.o
                              0x33ae3 (size before relaxing)
 .debug_str     0x000404fe      0x815 ./drivers/fsl_lpuart.o
                              0x34c05 (size before relaxing)
 .debug_str     0x00040d13      0x32e ./drivers/fsl_smc.o
                              0x35561 (size before relaxing)
 .debug_str     0x00041041      0x3ec ./drivers/fsl_tpm.o
                              0x34581 (size before relaxing)
 .debug_str     0x0004142d      0x480 ./drivers/fsl_uart.o
                              0x349ec (size before relaxing)
 .debug_str     0x000418ad      0x18b ./board/clock_config.o
                              0x33fbc (size before relaxing)
 .debug_str     0x00041a38       0xbb ./board/peripherals.o
                              0x35488 (size before relaxing)
 .debug_str     0x00041af3       0x85 ./board/pin_mux.o
                              0x352bd (size before relaxing)
 .debug_str     0x00041b78       0x72 ./CMSIS/system_MKL27Z644.o
                              0x32801 (size before relaxing)

.comment        0x00000000       0x7e
 .comment       0x00000000       0x7e ./utilities/fsl_debug_console.o
                                 0x7f (size before relaxing)
 .comment       0x0000007e       0x7f ./utilities/fsl_io.o
 .comment       0x0000007e       0x7f ./utilities/fsl_log.o
 .comment       0x0000007e       0x7f ./utilities/fsl_str.o
 .comment       0x0000007e       0x7f ./startup/startup_mkl27z644.o
 .comment       0x0000007e       0x7f ./source/dc27_badge.o
 .comment       0x0000007e       0x7f ./source/mtb.o
 .comment       0x0000007e       0x7f ./source/semihost_hardfault.o
 .comment       0x0000007e       0x7f ./drivers/fsl_clock.o
 .comment       0x0000007e       0x7f ./drivers/fsl_flexio.o
 .comment       0x0000007e       0x7f ./drivers/fsl_ftfx_cache.o
 .comment       0x0000007e       0x7f ./drivers/fsl_ftfx_controller.o
 .comment       0x0000007e       0x7f ./drivers/fsl_ftfx_flash.o
 .comment       0x0000007e       0x7f ./drivers/fsl_gpio.o
 .comment       0x0000007e       0x7f ./drivers/fsl_i2c.o
 .comment       0x0000007e       0x7f ./drivers/fsl_lptmr.o
 .comment       0x0000007e       0x7f ./drivers/fsl_lpuart.o
 .comment       0x0000007e       0x7f ./drivers/fsl_smc.o
 .comment       0x0000007e       0x7f ./drivers/fsl_tpm.o
 .comment       0x0000007e       0x7f ./drivers/fsl_uart.o
 .comment       0x0000007e       0x7f ./board/clock_config.o
 .comment       0x0000007e       0x7f ./board/peripherals.o
 .comment       0x0000007e       0x7f ./board/pin_mux.o
 .comment       0x0000007e       0x7f ./CMSIS/system_MKL27Z644.o
 .comment       0x0000007e       0x7f c:/nxp/mcuxpressoide_10.2.1_795/ide/tools/bin/../lib/gcc/arm-none-eabi/7.2.1/../../../../arm-none-eabi/lib/thumb/v6-m\libcr_nohost.a(_cr__main.o)
 .comment       0x0000007e       0x7f c:/nxp/mcuxpressoide_10.2.1_795/ide/tools/bin/../lib/gcc/arm-none-eabi/7.2.1/../../../../arm-none-eabi/lib/thumb/v6-m\libcr_nohost.a(_cr_assert.o)
 .comment       0x0000007e       0x7f c:/nxp/mcuxpressoide_10.2.1_795/ide/tools/bin/../lib/gcc/arm-none-eabi/7.2.1/../../../../arm-none-eabi/lib/thumb/v6-m\libcr_nohost.a(__ciob.o)
 .comment       0x0000007e       0x7f c:/nxp/mcuxpressoide_10.2.1_795/ide/tools/bin/../lib/gcc/arm-none-eabi/7.2.1/../../../../arm-none-eabi/lib/thumb/v6-m\libcr_nohost.a(__sys_appexit.o)
 .comment       0x0000007e       0x7f c:/nxp/mcuxpressoide_10.2.1_795/ide/tools/bin/../lib/gcc/arm-none-eabi/7.2.1/../../../../arm-none-eabi/lib/thumb/v6-m\libcr_c.a(memcpy.o)
 .comment       0x0000007e       0x7f c:/nxp/mcuxpressoide_10.2.1_795/ide/tools/bin/../lib/gcc/arm-none-eabi/7.2.1/../../../../arm-none-eabi/lib/thumb/v6-m\libcr_c.a(memset.o)
 .comment       0x0000007e       0x7f c:/nxp/mcuxpressoide_10.2.1_795/ide/tools/bin/../lib/gcc/arm-none-eabi/7.2.1/../../../../arm-none-eabi/lib/thumb/v6-m\libcr_c.a(_deferredlazyseek.o)
 .comment       0x0000007e       0x7f c:/nxp/mcuxpressoide_10.2.1_795/ide/tools/bin/../lib/gcc/arm-none-eabi/7.2.1/../../../../arm-none-eabi/lib/thumb/v6-m\libcr_c.a(_fflush.o)
 .comment       0x0000007e       0x7f c:/nxp/mcuxpressoide_10.2.1_795/ide/tools/bin/../lib/gcc/arm-none-eabi/7.2.1/../../../../arm-none-eabi/lib/thumb/v6-m\libcr_c.a(_writebuf.o)
 .comment       0x0000007e       0x7f c:/nxp/mcuxpressoide_10.2.1_795/ide/tools/bin/../lib/gcc/arm-none-eabi/7.2.1/../../../../arm-none-eabi/lib/thumb/v6-m\libcr_c.a(alloc.o)
 .comment       0x0000007e       0x7f c:/nxp/mcuxpressoide_10.2.1_795/ide/tools/bin/../lib/gcc/arm-none-eabi/7.2.1/../../../../arm-none-eabi/lib/thumb/v6-m\libcr_c.a(fputs.o)
 .comment       0x0000007e       0x7f c:/nxp/mcuxpressoide_10.2.1_795/ide/tools/bin/../lib/gcc/arm-none-eabi/7.2.1/../../../../arm-none-eabi/lib/thumb/v6-m\libcr_c.a(fseek.o)
 .comment       0x0000007e       0x7f c:/nxp/mcuxpressoide_10.2.1_795/ide/tools/bin/../lib/gcc/arm-none-eabi/7.2.1/../../../../arm-none-eabi/lib/thumb/v6-m\libcr_c.a(ftell.o)
 .comment       0x0000007e       0x7f c:/nxp/mcuxpressoide_10.2.1_795/ide/tools/bin/../lib/gcc/arm-none-eabi/7.2.1/../../../../arm-none-eabi/lib/thumb/v6-m\libcr_c.a(initio.o)
 .comment       0x0000007e       0x7f c:/nxp/mcuxpressoide_10.2.1_795/ide/tools/bin/../lib/gcc/arm-none-eabi/7.2.1/../../../../arm-none-eabi/lib/thumb/v6-m\libcr_c.a(scanf.o)
 .comment       0x0000007e       0x7f c:/nxp/mcuxpressoide_10.2.1_795/ide/tools/bin/../lib/gcc/arm-none-eabi/7.2.1/../../../../arm-none-eabi/lib/thumb/v6-m\libcr_c.a(setvbuf.o)
 .comment       0x0000007e       0x7f c:/nxp/mcuxpressoide_10.2.1_795/ide/tools/bin/../lib/gcc/arm-none-eabi/7.2.1/../../../../arm-none-eabi/lib/thumb/v6-m\libcr_c.a(strcpy.o)
 .comment       0x0000007e       0x7f c:/nxp/mcuxpressoide_10.2.1_795/ide/tools/bin/../lib/gcc/arm-none-eabi/7.2.1/../../../../arm-none-eabi/lib/thumb/v6-m\libcr_c.a(strlen.o)
 .comment       0x0000007e       0x7f c:/nxp/mcuxpressoide_10.2.1_795/ide/tools/bin/../lib/gcc/arm-none-eabi/7.2.1/../../../../arm-none-eabi/lib/thumb/v6-m\libcr_c.a(ungetc.o)
 .comment       0x0000007e       0x7f c:/nxp/mcuxpressoide_10.2.1_795/ide/tools/bin/../lib/gcc/arm-none-eabi/7.2.1/../../../../arm-none-eabi/lib/thumb/v6-m\libcr_c.a(__fillbuf.o)
 .comment       0x0000007e       0x7f c:/nxp/mcuxpressoide_10.2.1_795/ide/tools/bin/../lib/gcc/arm-none-eabi/7.2.1/../../../../arm-none-eabi/lib/thumb/v6-m\libcr_c.a(__init_alloc.o)
 .comment       0x0000007e       0x7f c:/nxp/mcuxpressoide_10.2.1_795/ide/tools/bin/../lib/gcc/arm-none-eabi/7.2.1/../../../../arm-none-eabi/lib/thumb/v6-m\libcr_c.a(_cr_sbrk.o)
 .comment       0x0000007e       0x7f c:/nxp/mcuxpressoide_10.2.1_795/ide/tools/bin/../lib/gcc/arm-none-eabi/7.2.1/../../../../arm-none-eabi/lib/thumb/v6-m\libcr_c.a(_fdopen.o)
 .comment       0x0000007e       0x7f c:/nxp/mcuxpressoide_10.2.1_795/ide/tools/bin/../lib/gcc/arm-none-eabi/7.2.1/../../../../arm-none-eabi/lib/thumb/v6-m\libcr_c.a(_frexpl.o)
 .comment       0x0000007e       0x7f c:/nxp/mcuxpressoide_10.2.1_795/ide/tools/bin/../lib/gcc/arm-none-eabi/7.2.1/../../../../arm-none-eabi/lib/thumb/v6-m\libcr_c.a(_hugeval.o)
 .comment       0x0000007e       0x7f c:/nxp/mcuxpressoide_10.2.1_795/ide/tools/bin/../lib/gcc/arm-none-eabi/7.2.1/../../../../arm-none-eabi/lib/thumb/v6-m\libcr_c.a(_ldexpl.o)
 .comment       0x0000007e       0x7f c:/nxp/mcuxpressoide_10.2.1_795/ide/tools/bin/../lib/gcc/arm-none-eabi/7.2.1/../../../../arm-none-eabi/lib/thumb/v6-m\libcr_c.a(ctype.o)
 .comment       0x0000007e       0x7f c:/nxp/mcuxpressoide_10.2.1_795/ide/tools/bin/../lib/gcc/arm-none-eabi/7.2.1/../../../../arm-none-eabi/lib/thumb/v6-m\libcr_c.a(errno.o)